Component: ARM Compiler 5.05 update 1 (build 106) Tool: armlink [4d0efa]

==============================================================================

Section Cross References

    app.o(.text) refers to ff.o(.text) for f_mount
    app.o(.text) refers to strcpy.o(.text) for strcpy
    app.o(.text) refers to strcat.o(.text) for strcat
    app.o(.text) refers to mp3_player.o(.text) for PlayMP3
    app.o(.text) refers to bsp_ser.o(.text) for BSP_Ser_Printf
    app.o(.text) refers to os_time.o(.text) for OSTimeDlyHMSM
    app.o(.text) refers to os_task.o(.text) for OSTaskCreate
    app.o(.text) refers to bsp.o(.text) for BSP_Init
    app.o(.text) refers to cpu_core.o(.text) for CPU_Init
    app.o(.text) refers to lib_mem.o(.text) for Mem_Init
    app.o(.text) refers to bsp_int.o(.text) for BSP_IntDisAll
    app.o(.text) refers to os_core.o(.text) for OSInit
    app.o(.text) refers to app.o(.bss) for AppSystemStk
    os_app_hooks.o(.text) refers to cpu_a.o(.text) for CPU_SR_Save
    os_app_hooks.o(.text) refers to os_var.o(.data) for OS_AppTaskCreateHookPtr
    pc_protocol.o(.text) refers to util.o(.text) for checkSum
    pc_protocol.o(.text) refers to usbd_cdc_vcp.o(.text) for VCP_DataTx
    pc_protocol.o(.text) refers to rt_memcpy_v6.o(.text) for __aeabi_memcpy
    pc_protocol.o(.text) refers to servo_protocol.o(.text) for servoSendHandValue
    pc_protocol.o(.text) refers to delay.o(.text) for delay_ms
    pc_protocol.o(.text) refers to xmodem_hw.o(.text) for xm_timer_start
    pc_protocol.o(.text) refers to servo_protocol.o(.data) for servoState
    pc_protocol.o(.text) refers to servo_protocol.o(.bss) for servoAngle
    pc_protocol.o(.text) refers to pc_protocol.o(.bss) for rev
    pc_protocol.o(.text) refers to pc_protocol.o(.data) for length
    servo_protocol.o(.text) refers to usart.o(.text) for USART1_HalfDuplexInit
    servo_protocol.o(.text) refers to rt_memclr_w.o(.text) for __aeabi_memclr4
    servo_protocol.o(.text) refers to util.o(.text) for checkSum
    servo_protocol.o(.text) refers to servo_protocol.o(.data) for rev
    servo_protocol.o(.text) refers to servo_protocol.o(.bss) for servoAngle
    mp3_player.o(.text) refers to bsp_dma.o(.text) for BSP_DMA_Init
    mp3_player.o(.text) refers to bsp_dac.o(.text) for BSP_DAC_Init
    mp3_player.o(.text) refers to timer.o(.text) for TIM6_Init
    mp3_player.o(.text) refers to stm32f2xx_dma.o(.text) for DMA_ClearFlag
    mp3_player.o(.text) refers to ff.o(.text) for f_open
    mp3_player.o(.text) refers to mp3dec.o(.text) for MP3InitDecoder
    mp3_player.o(.text) refers to rt_memcpy_v6.o(.text) for __aeabi_memcpy
    mp3_player.o(.text) refers to stm32f2xx_rcc.o(.text) for RCC_AHB1PeriphClockCmd
    mp3_player.o(.text) refers to stm32f2xx_gpio.o(.text) for GPIO_Init
    mp3_player.o(.text) refers to mp3_player.o(.bss) for in_buffer
    bsp.o(.text) refers to stm32f2xx_rcc.o(.text) for RCC_AHB1PeriphClockCmd
    bsp.o(.text) refers to stm32f2xx_gpio.o(.text) for GPIO_Init
    bsp.o(.text) refers to os_cpu_c.o(.text) for OS_CPU_SysTickInit
    bsp.o(.text) refers to cpu_core.o(.text) for CPU_TS_TmrFreqSet
    bsp.o(.text) refers to os_cfg_app.o(.constdata) for OSCfg_TickRate_Hz
    bsp_int.o(.text) refers to cpu_c.o(.text) for CPU_IntSrcDis
    bsp_int.o(.text) refers to cpu_a.o(.text) for CPU_IntDis
    bsp_int.o(.text) refers to os_core.o(.text) for OSIntEnter
    bsp_int.o(.text) refers to bsp_int.o(.bss) for BSP_IntVectTbl
    bsp_ser.o(.text) refers to stm32f2xx_usart.o(.text) for USART_ReceiveData
    bsp_ser.o(.text) refers to bsp_os.o(.text) for BSP_OS_SemPost
    bsp_ser.o(.text) refers to stm32f2xx_rcc.o(.text) for RCC_AHB1PeriphClockCmd
    bsp_ser.o(.text) refers to stm32f2xx_gpio.o(.text) for GPIO_Init
    bsp_ser.o(.text) refers to bsp_int.o(.text) for BSP_IntVectSet
    bsp_ser.o(.text) refers to c89vsnprintf.o(.text) for __c89vsnprintf
    bsp_ser.o(.text) refers to lib_ascii.o(.text) for ASCII_IsPrint
    bsp_ser.o(.text) refers to bsp_ser.o(.data) for BSP_SerRxData
    bsp_ser.o(.text) refers to bsp_ser.o(.bss) for BSP_SerRxWait
    bsp_os.o(.text) refers to os_sem.o(.text) for OSSemCreate
    bsp_os.o(.text) refers to os_time.o(.text) for OSTimeDlyHMSM
    bsp_os.o(.text) refers to os_cfg_app.o(.constdata) for OSCfg_TickRate_Hz
    bsp_sdio.o(.text) refers to stm32f2xx_sdio.o(.text) for SDIO_SendCommand
    bsp_sdio.o(.text) refers to stm32f2xx_rcc.o(.text) for RCC_AHB1PeriphClockCmd
    bsp_sdio.o(.text) refers to stm32f2xx_gpio.o(.text) for GPIO_Init
    bsp_sdio.o(.text) refers to bsp_sdio.o(.bss) for SDIO_CmdInitStructure
    bsp_sdio.o(.text) refers to bsp_os.o(.text) for BSP_OS_SemWait
    bsp_sdio.o(.text) refers to bsp_sdio.o(.data) for card_capacity
    cstartup.o(STACK) refers (Special) to heapauxi.o(.text) for __use_two_region_memory
    cstartup.o(HEAP) refers (Special) to heapauxi.o(.text) for __use_two_region_memory
    cstartup.o(RESET) refers (Special) to heapauxi.o(.text) for __use_two_region_memory
[...]
    ASCII_ToUpper                            0x08003f03   Thumb Code    32  lib_ascii.o(.text)
    ASCII_Cmp                                0x08003f23   Thumb Code    38  lib_ascii.o(.text)
    Mem_Init                                 0x08003f49   Thumb Code    54  lib_mem.o(.text)
    Mem_Set                                  0x08003f7f   Thumb Code    98  lib_mem.o(.text)
    Mem_Clr                                  0x08003fe1   Thumb Code    18  lib_mem.o(.text)
    Mem_Move                                 0x08003ff3   Thumb Code   204  lib_mem.o(.text)
    Mem_Cmp                                  0x080040bf   Thumb Code   192  lib_mem.o(.text)
    Mem_HeapAlloc                            0x08004273   Thumb Code   256  lib_mem.o(.text)
    Mem_SegGetSizeRem                        0x08004373   Thumb Code   214  lib_mem.o(.text)
    Mem_HeapGetSizeRem                       0x08004449   Thumb Code    22  lib_mem.o(.text)
    Mem_PoolClr                              0x0800445f   Thumb Code    78  lib_mem.o(.text)
    Mem_PoolCreate                           0x080044ad   Thumb Code  1076  lib_mem.o(.text)
    Mem_PoolBlkGetNbrAvail                   0x080048e1   Thumb Code   128  lib_mem.o(.text)
    Mem_PoolBlkGet                           0x08004961   Thumb Code   224  lib_mem.o(.text)
    Mem_PoolBlkGetUsedAtIx                   0x08004a41   Thumb Code   212  lib_mem.o(.text)
    Mem_PoolBlkFree                          0x08004b7b   Thumb Code   338  lib_mem.o(.text)
    Mem_PoolBlkIxGet                         0x08004ccd   Thumb Code   314  lib_mem.o(.text)
    Str_Len_N                                0x08004e0d   Thumb Code    28  lib_str.o(.text)
    Str_Len                                  0x08004e29   Thumb Code    20  lib_str.o(.text)
    Str_Copy_N                               0x08004e3d   Thumb Code    70  lib_str.o(.text)
    Str_Copy                                 0x08004e83   Thumb Code    24  lib_str.o(.text)
    Str_Cat_N                                0x08004e9b   Thumb Code    90  lib_str.o(.text)
    Str_Cat                                  0x08004ef5   Thumb Code    24  lib_str.o(.text)
    Str_Cmp_N                                0x08004f0d   Thumb Code   156  lib_str.o(.text)
    Str_Cmp                                  0x08004fa9   Thumb Code    24  lib_str.o(.text)
    Str_CmpIgnoreCase_N                      0x08004fc1   Thumb Code   264  lib_str.o(.text)
    Str_CmpIgnoreCase                        0x080050c9   Thumb Code    24  lib_str.o(.text)
    Str_Char_N                               0x080050e1   Thumb Code    74  lib_str.o(.text)
    Str_Char                                 0x0800512b   Thumb Code    24  lib_str.o(.text)
    Str_Char_Last_N                          0x08005143   Thumb Code    76  lib_str.o(.text)
    Str_Char_Last                            0x0800518f   Thumb Code    24  lib_str.o(.text)
    Str_Char_Replace_N                       0x080051a7   Thumb Code    52  lib_str.o(.text)
    Str_Char_Replace                         0x080051db   Thumb Code    28  lib_str.o(.text)
    Str_Str_N                                0x080051f7   Thumb Code   182  lib_str.o(.text)
    Str_Str                                  0x080052ad   Thumb Code    24  lib_str.o(.text)
    Str_FmtNbr_Int32U                        0x0800549f   Thumb Code    46  lib_str.o(.text)
    Str_FmtNbr_Int32S                        0x080054cd   Thumb Code    62  lib_str.o(.text)
    Str_ParseNbr_Int32U                      0x080056c9   Thumb Code    30  lib_str.o(.text)
    Str_ParseNbr_Int32S                      0x080056e7   Thumb Code    74  lib_str.o(.text)
    Mem_Copy                                 0x08005735   Thumb Code     0  lib_mem_a.o(.text)
    CPU_NameClr                              0x08005955   Thumb Code    42  cpu_core.o(.text)
    CPU_Init                                 0x08005995   Thumb Code    12  cpu_core.o(.text)
    CPU_SW_Exception                         0x080059a1   Thumb Code     4  cpu_core.o(.text)
    CPU_NameGet                              0x080059a5   Thumb Code    70  cpu_core.o(.text)
    CPU_NameSet                              0x080059eb   Thumb Code    96  cpu_core.o(.text)
    CPU_TS_Get32                             0x08005a4b   Thumb Code    12  cpu_core.o(.text)
    CPU_TS_Update                            0x08005a57   Thumb Code     2  cpu_core.o(.text)
    CPU_TS_TmrFreqGet                        0x08005a59   Thumb Code    30  cpu_core.o(.text)
    CPU_TS_TmrFreqSet                        0x08005a77   Thumb Code     6  cpu_core.o(.text)
    CPU_CntLeadZeros08                       0x08005a7d   Thumb Code    18  cpu_core.o(.text)
    CPU_CntLeadZeros16                       0x08005a8f   Thumb Code    18  cpu_core.o(.text)
    CPU_CntLeadZeros32                       0x08005aa1   Thumb Code    18  cpu_core.o(.text)
    CPU_CntLeadZeros64                       0x08005ab3   Thumb Code   188  cpu_core.o(.text)
    CPU_CntTrailZeros08                      0x08005b6f   Thumb Code    22  cpu_core.o(.text)
    CPU_CntTrailZeros16                      0x08005b85   Thumb Code    22  cpu_core.o(.text)
    CPU_CntTrailZeros32                      0x08005b9b   Thumb Code    22  cpu_core.o(.text)
    CPU_CntTrailZeros64                      0x08005bb1   Thumb Code    62  cpu_core.o(.text)
    CPU_IntDis                               0x08005bfd   Thumb Code     0  cpu_a.o(.text)
    CPU_IntEn                                0x08005c01   Thumb Code     0  cpu_a.o(.text)
    CPU_SR_Save                              0x08005c05   Thumb Code     0  cpu_a.o(.text)
    CPU_SR_Restore                           0x08005c0d   Thumb Code     0  cpu_a.o(.text)
    CPU_WaitForInt                           0x08005c13   Thumb Code     0  cpu_a.o(.text)
    CPU_WaitForExcept                        0x08005c17   Thumb Code     0  cpu_a.o(.text)
    CPU_CntLeadZeros                         0x08005c1b   Thumb Code     0  cpu_a.o(.text)
    CPU_CntTrailZeros                        0x08005c21   Thumb Code     0  cpu_a.o(.text)
    CPU_RevBits                              0x08005c2b   Thumb Code     0  cpu_a.o(.text)
    CPU_BitBandClr                           0x08005c31   Thumb Code    58  cpu_c.o(.text)
    CPU_BitBandSet                           0x08005c6b   Thumb Code    58  cpu_c.o(.text)
    CPU_IntSrcDis                            0x08005ca5   Thumb Code   328  cpu_c.o(.text)
    CPU_IntSrcEn                             0x08005ded   Thumb Code   328  cpu_c.o(.text)
    CPU_IntSrcPendClr                        0x08005f35   Thumb Code   164  cpu_c.o(.text)
    CPU_IntSrcPrioSet                        0x08005fd9   Thumb Code   522  cpu_c.o(.text)
    CPU_IntSrcPrioGet                        0x080061e3   Thumb Code   450  cpu_c.o(.text)
    OSIdleTaskHook                           0x080063ad   Thumb Code    16  os_cpu_c.o(.text)
    OSInitHook                               0x080063bd   Thumb Code    42  os_cpu_c.o(.text)
    OSStatTaskHook                           0x080063e7   Thumb Code    16  os_cpu_c.o(.text)
    OSTaskCreateHook                         0x080063f7   Thumb Code    20  os_cpu_c.o(.text)
    OSTaskDelHook                            0x0800640b   Thumb Code    20  os_cpu_c.o(.text)
    OSTaskReturnHook                         0x0800641f   Thumb Code    20  os_cpu_c.o(.text)
    OSTaskStkInit                            0x08006433   Thumb Code   188  os_cpu_c.o(.text)
    OSTaskSwHook                             0x080064ef   Thumb Code   120  os_cpu_c.o(.text)
    OSTimeTickHook                           0x08006567   Thumb Code    16  os_cpu_c.o(.text)
    OS_CPU_SysTickHandler                    0x08006577   Thumb Code    52  os_cpu_c.o(.text)
    OS_CPU_SysTickInit                       0x080065ab   Thumb Code    44  os_cpu_c.o(.text)
    OSCfg_Init                               0x08006619   Thumb Code     2  os_cfg_app.o(.text)
    OS_IdleTask                              0x0800661d   Thumb Code    60  os_core.o(.text)
    OS_IdleTaskInit                          0x08006659   Thumb Code    68  os_core.o(.text)
    OS_RdyListInit                           0x0800669d   Thumb Code    32  os_core.o(.text)
    OSInit                                   0x080066bd   Thumb Code   288  os_core.o(.text)
    OSIntEnter                               0x080067dd   Thumb Code    34  os_core.o(.text)
    OSIntExit                                0x080067ff   Thumb Code   192  os_core.o(.text)
    OSSched                                  0x080068bf   Thumb Code   134  os_core.o(.text)
    OS_SchedLockTimeMeasStart                0x08006945   Thumb Code    20  os_core.o(.text)
    OSSchedLock                              0x08006959   Thumb Code   104  os_core.o(.text)
    OS_SchedLockTimeMeasStop                 0x080069c1   Thumb Code    44  os_core.o(.text)
    OSSchedUnlock                            0x080069ed   Thumb Code   290  os_core.o(.text)
    OSSchedRoundRobinCfg                     0x08006b0f   Thumb Code    88  os_core.o(.text)
    OS_RdyListMoveHeadToTail                 0x08006b67   Thumb Code    68  os_core.o(.text)
    OSSchedRoundRobinYield                   0x08006bab   Thumb Code   164  os_core.o(.text)
    OSStart                                  0x08006c4f   Thumb Code    78  os_core.o(.text)
    OSVersion                                0x08006c9d   Thumb Code    12  os_core.o(.text)
    OS_PendDbgNameAdd                        0x08006ca9   Thumb Code    66  os_core.o(.text)
    OS_PendListInsertPrio                    0x08006ceb   Thumb Code   102  os_core.o(.text)
    OS_PendDataInit                          0x08006d51   Thumb Code    38  os_core.o(.text)
    OS_RdyListRemove                         0x08006d77   Thumb Code    86  os_core.o(.text)
    OS_TaskBlock                             0x08006dcd   Thumb Code    56  os_core.o(.text)
    OS_Pend                                  0x08006e05   Thumb Code    98  os_core.o(.text)
    OS_PendListRemove1                       0x08006e67   Thumb Code   136  os_core.o(.text)
    OS_PendListRemove                        0x08006eef   Thumb Code    48  os_core.o(.text)
    OS_PendAbort1                            0x08006f1f   Thumb Code    36  os_core.o(.text)
    OS_RdyListInsertHead                     0x08006f43   Thumb Code    58  os_core.o(.text)
    OS_RdyListInsertTail                     0x08006f7d   Thumb Code    56  os_core.o(.text)
    OS_RdyListInsert                         0x08006fb5   Thumb Code    40  os_core.o(.text)
    OS_TaskRdy                               0x08006fdd   Thumb Code    28  os_core.o(.text)
    OS_PendAbort                             0x08006ff9   Thumb Code   166  os_core.o(.text)
    OS_PendDbgNameRemove                     0x0800709f   Thumb Code    34  os_core.o(.text)
    OS_PendListChangePrio                    0x080070c1   Thumb Code    70  os_core.o(.text)
    OS_PendListInit                          0x08007107   Thumb Code    10  os_core.o(.text)
    OS_PendListInsertHead                    0x08007111   Thumb Code    32  os_core.o(.text)
    OS_PendObjDel1                           0x08007131   Thumb Code    36  os_core.o(.text)
    OS_PendObjDel                            0x08007155   Thumb Code   162  os_core.o(.text)
    OS_Post1                                 0x080071f7   Thumb Code    42  os_core.o(.text)
    OS_Post                                  0x08007221   Thumb Code   192  os_core.o(.text)
    OS_SchedRoundRobin                       0x080072e1   Thumb Code   208  os_core.o(.text)
    OS_Dbg_Init                              0x080073b9   Thumb Code   148  os_dbg.o(.text)
    OS_FlagDbgListAdd                        0x08007565   Thumb Code    38  os_flag.o(.text)
    OSFlagCreate                             0x0800758b   Thumb Code   116  os_flag.o(.text)
    OS_FlagBlock                             0x080075ff   Thumb Code    58  os_flag.o(.text)
    OSFlagPend                               0x08007639   Thumb Code   902  os_flag.o(.text)
    OSFlagPendGetFlagsRdy                    0x080079bf   Thumb Code    68  os_flag.o(.text)
    OS_FlagTaskRdy                           0x08007a03   Thumb Code    86  os_flag.o(.text)
    OS_FlagPost                              0x08007a59   Thumb Code   350  os_flag.o(.text)
    OSFlagPost                               0x08007bb7   Thumb Code   112  os_flag.o(.text)
    OS_FlagClr                               0x08007c27   Thumb Code    28  os_flag.o(.text)
    OS_FlagInit                              0x08007c43   Thumb Code    14  os_flag.o(.text)
    OS_FlagDbgListRemove                     0x08007c51   Thumb Code    44  os_flag.o(.text)
    OS_MemDbgListAdd                         0x08007c9d   Thumb Code    34  os_mem.o(.text)
    OSMemCreate                              0x08007cbf   Thumb Code   232  os_mem.o(.text)
    OSMemGet                                 0x08007da7   Thumb Code   100  os_mem.o(.text)
    OSMemPut                                 0x08007e0b   Thumb Code   112  os_mem.o(.text)
    OS_MemInit                               0x08007e7b   Thumb Code    14  os_mem.o(.text)
    OS_MsgPoolInit                           0x08007e99   Thumb Code   110  os_msg.o(.text)
    OS_MsgQFreeAll                           0x08007f07   Thumb Code    62  os_msg.o(.text)
    OS_MsgQInit                              0x08007f45   Thumb Code    14  os_msg.o(.text)
    OS_MsgQGet                               0x08007f53   Thumb Code    98  os_msg.o(.text)
    OS_MsgQPut                               0x08007fb5   Thumb Code   254  os_msg.o(.text)
    OS_MutexDbgListAdd                       0x080080c1   Thumb Code    38  os_mutex.o(.text)
    OSMutexCreate                            0x080080e7   Thumb Code   122  os_mutex.o(.text)
    OSMutexPend                              0x08008161   Thumb Code   574  os_mutex.o(.text)
    OSMutexPost                              0x0800839f   Thumb Code   388  os_mutex.o(.text)
    OS_MutexClr                              0x08008523   Thumb Code    38  os_mutex.o(.text)
    OS_MutexDbgListRemove                    0x08008549   Thumb Code    44  os_mutex.o(.text)
    OS_MutexInit                             0x08008575   Thumb Code    14  os_mutex.o(.text)
    OS_PrioInit                              0x08008599   Thumb Code    20  os_prio.o(.text)
    OS_PrioGetHighest                        0x080085ad   Thumb Code    36  os_prio.o(.text)
    OS_PrioInsert                            0x080085d1   Thumb Code    32  os_prio.o(.text)
    OS_PrioRemove                            0x080085f1   Thumb Code    32  os_prio.o(.text)
    OS_QDbgListAdd                           0x08008615   Thumb Code    38  os_q.o(.text)
    OSQCreate                                0x0800863b   Thumb Code   130  os_q.o(.text)
    OSQPend                                  0x080086bd   Thumb Code   446  os_q.o(.text)
    OSQPendAbort                             0x0800887b   Thumb Code   236  os_q.o(.text)
    OS_QPost                                 0x08008967   Thumb Code   220  os_q.o(.text)
    OSQPost                                  0x08008a43   Thumb Code   144  os_q.o(.text)
    OS_QClr                                  0x08008ad3   Thumb Code    40  os_q.o(.text)
    OS_QDbgListRemove                        0x08008afb   Thumb Code    44  os_q.o(.text)
    OS_QInit                                 0x08008b27   Thumb Code    14  os_q.o(.text)
    OS_SemDbgListAdd                         0x08008b49   Thumb Code    38  os_sem.o(.text)
    OSSemCreate                              0x08008b6f   Thumb Code   116  os_sem.o(.text)
    OSSemPend                                0x08008be3   Thumb Code   406  os_sem.o(.text)
    OSSemPendAbort                           0x08008d79   Thumb Code   236  os_sem.o(.text)
    OS_SemPost                               0x08008e65   Thumb Code   322  os_sem.o(.text)
    OSSemPost                                0x08008fa7   Thumb Code   108  os_sem.o(.text)
    OSSemSet                                 0x08009013   Thumb Code   120  os_sem.o(.text)
    OS_SemClr                                0x0800908b   Thumb Code    28  os_sem.o(.text)
    OS_SemDbgListRemove                      0x080090a7   Thumb Code    44  os_sem.o(.text)
    OS_SemInit                               0x080090d3   Thumb Code    14  os_sem.o(.text)
    OSStatReset                              0x080090fd   Thumb Code   262  os_stat.o(.text)
    OSStatTaskCPUUsageInit                   0x08009203   Thumb Code   212  os_stat.o(.text)
    OS_StatTask                              0x080092d7   Thumb Code   768  os_stat.o(.text)
    OS_StatTaskInit                          0x080095d7   Thumb Code   138  os_stat.o(.text)
    OSTaskChangePrio                         0x080096a5   Thumb Code   274  os_task.o(.text)
    OS_TaskDbgListAdd                        0x080097b7   Thumb Code    42  os_task.o(.text)
    OS_TaskInitTCB                           0x080097e1   Thumb Code   190  os_task.o(.text)
    OSTaskCreate                             0x0800989f   Thumb Code   412  os_task.o(.text)
    OSTaskQFlush                             0x08009a3b   Thumb Code   154  os_task.o(.text)
    OSTaskQPend                              0x08009ad5   Thumb Code   458  os_task.o(.text)
    OS_TaskQPost                             0x08009c9f   Thumb Code   220  os_task.o(.text)
    OSTaskQPost                              0x08009d7b   Thumb Code    82  os_task.o(.text)
    OSTaskRegGet                             0x08009dcd   Thumb Code    78  os_task.o(.text)
    OSTaskRegGetID                           0x08009e1b   Thumb Code    84  os_task.o(.text)
    OSTaskRegSet                             0x08009e6f   Thumb Code    78  os_task.o(.text)
    OS_TaskResume                            0x08009ebd   Thumb Code   274  os_task.o(.text)
    OSTaskResume                             0x08009fcf   Thumb Code    96  os_task.o(.text)
    OSTaskSemPend                            0x0800a02f   Thumb Code   464  os_task.o(.text)
    OSTaskSemPendAbort                       0x0800a1ff   Thumb Code   214  os_task.o(.text)
    OS_TaskSemPost                           0x0800a2d5   Thumb Code   462  os_task.o(.text)
    OSTaskSemPost                            0x0800a4a3   Thumb Code    62  os_task.o(.text)
    OSTaskSemSet                             0x0800a4e1   Thumb Code    80  os_task.o(.text)
    OSTaskStkChk                             0x0800a531   Thumb Code   204  os_task.o(.text)
    OS_TaskSuspend                           0x0800a5fd   Thumb Code   272  os_task.o(.text)
    OSTaskSuspend                            0x0800a70d   Thumb Code    48  os_task.o(.text)
    OSTaskTimeQuantaSet                      0x0800a73d   Thumb Code    96  os_task.o(.text)
    OS_TaskDbgListRemove                     0x0800a79d   Thumb Code    64  os_task.o(.text)
    OS_TaskInit                              0x0800a7dd   Thumb Code    18  os_task.o(.text)
    OS_TaskReturn                            0x0800a7ef   Thumb Code    26  os_task.o(.text)
    OS_TickListRemove                        0x0800a82d   Thumb Code    56  os_tick.o(.text)
    OS_TickListUpdate                        0x0800a865   Thumb Code   376  os_tick.o(.text)
    OS_TickTask                              0x0800a9dd   Thumb Code    38  os_tick.o(.text)
    OS_TickListInit                          0x0800aa03   Thumb Code    32  os_tick.o(.text)
    OS_TickTaskInit                          0x0800aa23   Thumb Code   130  os_tick.o(.text)
    OS_TickListInsert                        0x0800aaa5   Thumb Code   430  os_tick.o(.text)
    OS_TickListResetPeak                     0x0800ac53   Thumb Code    94  os_tick.o(.text)
    OSTimeDly                                0x0800acb1   Thumb Code   182  os_time.o(.text)
    OSTimeDlyHMSM                            0x0800ad67   Thumb Code   394  os_time.o(.text)
    OSTimeGet                                0x0800aef1   Thumb Code    46  os_time.o(.text)
    OSTimeSet                                0x0800af1f   Thumb Code    46  os_time.o(.text)
    OSTimeTick                               0x0800af4d   Thumb Code    68  os_time.o(.text)
    OS_TmrDbgListAdd                         0x0800afbd   Thumb Code    34  os_tmr.o(.text)
    OSTmrCreate                              0x0800afdf   Thumb Code   192  os_tmr.o(.text)
    OSTmrRemainGet                           0x0800b09f   Thumb Code   188  os_tmr.o(.text)
    OS_TmrLink                               0x0800b15b   Thumb Code   196  os_tmr.o(.text)
    OS_TmrUnlink                             0x0800b21f   Thumb Code    72  os_tmr.o(.text)
    OSTmrStart                               0x0800b267   Thumb Code   170  os_tmr.o(.text)
    OSTmrStateGet                            0x0800b311   Thumb Code   134  os_tmr.o(.text)
    OSTmrStop                                0x0800b397   Thumb Code   276  os_tmr.o(.text)
    OS_TmrClr                                0x0800b4ab   Thumb Code    36  os_tmr.o(.text)
    OS_TmrDbgListRemove                      0x0800b4cf   Thumb Code    44  os_tmr.o(.text)
    OS_TmrTask                               0x0800b4fb   Thumb Code   176  os_tmr.o(.text)
    OS_TmrInit                               0x0800b5ab   Thumb Code   208  os_tmr.o(.text)
    OS_TmrResetPeak                          0x0800b67b   Thumb Code    28  os_tmr.o(.text)
    disk_initialize                          0x0800b6fd   Thumb Code    32  diskio.o(.text)
    disk_status                              0x0800b71d   Thumb Code    14  diskio.o(.text)
    disk_read                                0x0800b72b   Thumb Code    70  diskio.o(.text)
    disk_write                               0x0800b771   Thumb Code    86  diskio.o(.text)
    disk_ioctl                               0x0800b7c7   Thumb Code     6  diskio.o(.text)
    get_fattime                              0x0800b7cd   Thumb Code     6  diskio.o(.text)
    clust2sect                               0x0800b97d   Thumb Code    26  ff.o(.text)
    get_fat                                  0x0800b997   Thumb Code   228  ff.o(.text)
    put_fat                                  0x0800ba7b   Thumb Code   310  ff.o(.text)
    gen_numname                              0x0800c00b   Thumb Code   168  ff.o(.text)
    f_mount                                  0x0800cc8d   Thumb Code    38  ff.o(.text)
    f_open                                   0x0800ccb3   Thumb Code   384  ff.o(.text)
    f_read                                   0x0800ce33   Thumb Code   460  ff.o(.text)
    f_write                                  0x0800cfff   Thumb Code   526  ff.o(.text)
    f_sync                                   0x0800d20d   Thumb Code   184  ff.o(.text)
    f_close                                  0x0800d2c5   Thumb Code    22  ff.o(.text)
    f_lseek                                  0x0800d2db   Thumb Code   432  ff.o(.text)
    f_opendir                                0x0800d48b   Thumb Code   114  ff.o(.text)
    f_readdir                                0x0800d4fd   Thumb Code    96  ff.o(.text)
    f_stat                                   0x0800d55d   Thumb Code    62  ff.o(.text)
    f_getfree                                0x0800d59b   Thumb Code   276  ff.o(.text)
    f_truncate                               0x0800d6af   Thumb Code   156  ff.o(.text)
    f_unlink                                 0x0800d74b   Thumb Code   182  ff.o(.text)
    f_mkdir                                  0x0800d801   Thumb Code   388  ff.o(.text)
    f_chmod                                  0x0800d985   Thumb Code    88  ff.o(.text)
    f_utime                                  0x0800d9dd   Thumb Code    90  ff.o(.text)
    f_rename                                 0x0800da37   Thumb Code   294  ff.o(.text)
    ff_convert                               0x0800db5d   Thumb Code    70  ccsbcs.o(.text)
    ff_wtoupper                              0x0800dba3   Thumb Code    46  ccsbcs.o(.text)
    SystemInit                               0x0800dc9d   Thumb Code    74  system_stm32f2xx.o(.text)
    SystemCoreClockUpdate                    0x0800dce7   Thumb Code   174  system_stm32f2xx.o(.text)
    MP3InitDecoder                           0x0800ddbd   Thumb Code    12  mp3dec.o(.text)
    MP3FreeDecoder                           0x0800ddc9   Thumb Code    20  mp3dec.o(.text)
    MP3FindSyncWord                          0x0800dddd   Thumb Code    44  mp3dec.o(.text)
    MP3GetLastFrameInfo                      0x0800de6d   Thumb Code    94  mp3dec.o(.text)
    MP3GetNextFrameInfo                      0x0800decb   Thumb Code    60  mp3dec.o(.text)
    MP3Decode                                0x0800df31   Thumb Code   804  mp3dec.o(.text)
    xmp3_SetBitstreamPointer                 0x0800e259   Thumb Code    12  bitstream.o(.text)
    xmp3_GetBits                             0x0800e2ed   Thumb Code    80  bitstream.o(.text)
    xmp3_CalcBitsUsed                        0x0800e33d   Thumb Code    18  bitstream.o(.text)
    xmp3_CheckPadBit                         0x0800e34f   Thumb Code    28  bitstream.o(.text)
    xmp3_UnpackFrameHeader                   0x0800e36b   Thumb Code   474  bitstream.o(.text)
    xmp3_UnpackSideInfo                      0x0800e545   Thumb Code   556  bitstream.o(.text)
    ClearBuffer                              0x0800e789   Thumb Code    22  buffers.o(.text)
    xmp3_AllocateBuffers                     0x0800e79f   Thumb Code   116  buffers.o(.text)
    xmp3_FreeBuffers                         0x0800e813   Thumb Code     2  buffers.o(.text)
    xmp3_FDCT32                              0x0800e835   Thumb Code  3372  dct32.o(.text)
    xmp3_Dequantize                          0x0800f57d   Thumb Code   640  dequant.o(.text)
    xmp3_DequantChannel                      0x0800f9b1   Thumb Code   670  dqchan.o(.text)
    xmp3_DecodeHuffman                       0x0801013f   Thumb Code   548  huffman.o(.text)
    xmp3_IMDCT                               0x0801119f   Thumb Code   522  imdct.o(.text)
    xmp3_UnpackScaleFactors                  0x08011835   Thumb Code   296  scalfact.o(.text)
    xmp3_MidSideProc                         0x0801195d   Thumb Code   106  stproc.o(.text)
    xmp3_IntensityProcMPEG1                  0x080119c7   Thumb Code   744  stproc.o(.text)
    xmp3_IntensityProcMPEG2                  0x08011caf   Thumb Code   718  stproc.o(.text)
    xmp3_Subband                             0x08011f81   Thumb Code   276  subband.o(.text)
    xmp3_MULSHIFT32                          0x08012099   Thumb Code     6  asmmisc.o(.text)
    xmp3_FASTABS                             0x0801209f   Thumb Code    16  asmmisc.o(.text)
    xmp3_PolyphaseStereo                     0x080120b1   Thumb Code  1308  asmpoly_thumb2.o(.text)
    xmp3_PolyphaseMono                       0x080125cd   Thumb Code   754  asmpoly_thumb2.o(.text)
    __c89vsnprintf                           0x080128c1   Thumb Code    48  c89vsnprintf.o(.text)
    _printf_int_dec                          0x080128f5   Thumb Code   104  _printf_dec.o(.text)
    __printf                                 0x0801296d   Thumb Code   388  __printf_flags_ss_wp.o(.text)
    strcpy                                   0x08012af5   Thumb Code    72  strcpy.o(.text)
    strcat                                   0x08012b3d   Thumb Code    24  strcat.o(.text)
    __aeabi_memcpy                           0x08012b55   Thumb Code     0  rt_memcpy_v6.o(.text)
    __rt_memcpy                              0x08012b55   Thumb Code   138  rt_memcpy_v6.o(.text)
    _memcpy_lastbytes                        0x08012bbb   Thumb Code     0  rt_memcpy_v6.o(.text)
    __aeabi_memmove                          0x08012bdf   Thumb Code     0  rt_memmove_v6.o(.text)
    __rt_memmove                             0x08012bdf   Thumb Code   132  rt_memmove_v6.o(.text)
    __memmove_lastfew                        0x08012c3f   Thumb Code     0  rt_memmove_v6.o(.text)
    __use_two_region_memory                  0x08012c63   Thumb Code     2  heapauxi.o(.text)
    __rt_heap_escrow                         0x08012c65   Thumb Code     2  heapauxi.o(.text)
    __rt_heap_expand                         0x08012c67   Thumb Code     2  heapauxi.o(.text)
    _printf_pre_padding                      0x08012c69   Thumb Code    44  _printf_pad.o(.text)
    _printf_post_padding                     0x08012c95   Thumb Code    34  _printf_pad.o(.text)
    _printf_truncate_signed                  0x08012cb7   Thumb Code    18  _printf_truncate.o(.text)
    _printf_truncate_unsigned                0x08012cc9   Thumb Code    18  _printf_truncate.o(.text)
    _printf_str                              0x08012cdb   Thumb Code    82  _printf_str.o(.text)
    _printf_int_common                       0x08012d2d   Thumb Code   178  _printf_intcommon.o(.text)
    _printf_charcount                        0x08012ddf   Thumb Code    40  _printf_charcount.o(.text)
    _printf_char_common                      0x08012e13   Thumb Code    32  _printf_char_common.o(.text)
    _sputc                                   0x08012e39   Thumb Code    10  _sputc.o(.text)
    _snputc                                  0x08012e43   Thumb Code    16  _snputc.o(.text)
    _printf_wctomb                           0x08012e55   Thumb Code   182  _printf_wctomb.o(.text)
    _printf_longlong_dec                     0x08012f11   Thumb Code   108  _printf_longlong_dec.o(.text)
    _printf_longlong_oct                     0x08012f8d   Thumb Code    68  _printf_oct_int_ll.o(.text)
    _printf_int_oct                          0x08012fd1   Thumb Code    24  _printf_oct_int_ll.o(.text)
    _printf_ll_oct                           0x08012fe9   Thumb Code    12  _printf_oct_int_ll.o(.text)
    _printf_longlong_hex                     0x08012ffd   Thumb Code    86  _printf_hex_int_ll_ptr.o(.text)
    _printf_int_hex                          0x08013053   Thumb Code    28  _printf_hex_int_ll_ptr.o(.text)
    _printf_ll_hex                           0x0801306f   Thumb Code    12  _printf_hex_int_ll_ptr.o(.text)
    _printf_hex_ptr                          0x0801307b   Thumb Code    18  _printf_hex_int_ll_ptr.o(.text)
    __aeabi_memcpy4                          0x08013091   Thumb Code     0  rt_memcpy_w.o(.text)
    __aeabi_memcpy8                          0x08013091   Thumb Code     0  rt_memcpy_w.o(.text)
    __rt_memcpy_w                            0x08013091   Thumb Code   100  rt_memcpy_w.o(.text)
    _memcpy_lastbytes_aligned                0x080130d9   Thumb Code     0  rt_memcpy_w.o(.text)
    __aeabi_memmove4                         0x080130f5   Thumb Code     0  rt_memmove_w.o(.text)
    __aeabi_memmove8                         0x080130f5   Thumb Code     0  rt_memmove_w.o(.text)
    __rt_memmove_w                           0x080130f5   Thumb Code   122  rt_memmove_w.o(.text)
    __memmove_aligned                        0x0801311b   Thumb Code     0  rt_memmove_w.o(.text)
    __memmove_lastfew_aligned                0x08013153   Thumb Code     0  rt_memmove_w.o(.text)
    _ll_udiv10                               0x0801316f   Thumb Code   138  lludiv10.o(.text)
    __lib_sel_fp_printf                      0x080131f9   Thumb Code     2  _printf_fp_dec.o(.text)
    _printf_fp_dec_real                      0x080133a7   Thumb Code   620  _printf_fp_dec.o(.text)
    _printf_cs_common                        0x08013613   Thumb Code    20  _printf_char.o(.text)
    _printf_char                             0x08013627   Thumb Code    16  _printf_char.o(.text)
    _printf_string                           0x08013637   Thumb Code     8  _printf_char.o(.text)
    _printf_lcs_common                       0x0801363f   Thumb Code    20  _printf_wchar.o(.text)
    _printf_wchar                            0x08013653   Thumb Code    16  _printf_wchar.o(.text)
    _printf_wstring                          0x08013663   Thumb Code     8  _printf_wchar.o(.text)
    _wcrtomb                                 0x0801366b   Thumb Code    64  _wcrtomb.o(.text)
    __user_setup_stackheap                   0x080136ab   Thumb Code    74  sys_stackheap_outer.o(.text)
    __rt_ctype_table                         0x080136f5   Thumb Code    16  rt_ctype_table.o(.text)
    __rt_locale                              0x08013705   Thumb Code     8  rt_locale_intlibspace.o(.text)
    _printf_fp_infnan                        0x0801370d   Thumb Code   112  _printf_fp_infnan.o(.text)
    _btod_etento                             0x0801378d   Thumb Code   216  bigflt0.o(.text)
    exit                                     0x08013869   Thumb Code    12  exit.o(.text)
    __user_libspace                          0x08013875   Thumb Code     8  libspace.o(.text)
    __user_perproc_libspace                  0x08013875   Thumb Code     0  libspace.o(.text)
    __user_perthread_libspace                0x08013875   Thumb Code     0  libspace.o(.text)
    __I$use$semihosting                      0x0801387d   Thumb Code     0  use_no_semi.o(.text)
    __use_no_semihosting_swi                 0x0801387d   Thumb Code     2  use_no_semi.o(.text)
    __semihosting_library_function           0x0801387f   Thumb Code     0  indicate_semi.o(.text)
    strcmp                                   0x08013881   Thumb Code   128  strcmpv7m.o(.text)
    _sys_exit                                0x08013901   Thumb Code     8  sys_exit.o(.text)
    _btod_d2e                                0x0801390d   Thumb Code    62  btod.o(CL$$btod_d2e)
    _d2e_denorm_low                          0x0801394b   Thumb Code    70  btod.o(CL$$btod_d2e_denorm_low)
    _d2e_norm_op1                            0x08013991   Thumb Code    96  btod.o(CL$$btod_d2e_norm_op1)
    __btod_div_common                        0x080139f1   Thumb Code   696  btod.o(CL$$btod_div_common)
    _e2e                                     0x08013d29   Thumb Code   198  btod.o(CL$$btod_e2e)
    _btod_ediv                               0x08013def   Thumb Code    40  btod.o(CL$$btod_ediv)
    _btod_emul                               0x08013e17   Thumb Code    40  btod.o(CL$$btod_emul)
    __btod_mult_common                       0x08013e3f   Thumb Code   580  btod.o(CL$$btod_mult_common)
    OSStartHighRdy                           0x08014085   Thumb Code     0  os_cpu_a.o(CODE)
    OS_CPU_PendSVHandler                     0x080140a7   Thumb Code     0  os_cpu_a.o(CODE)
    __ARM_fpclassify                         0x08014109   Thumb Code    40  fpclassify.o(i.__ARM_fpclassify)
    _is_digit                                0x08014131   Thumb Code    14  __printf_wp.o(i._is_digit)
    _get_lc_numeric                          0x08014141   Thumb Code    44  lc_numeric_c.o(locale$$code)
    _get_lc_ctype                            0x0801416d   Thumb Code    44  lc_ctype_c.o(locale$$code)
    _printf_fp_dec                           0x08014199   Thumb Code     4  printf1.o(x$fpl$printf1)
    __I$use$fp                               0x0801419c   Number         0  usenofp.o(x$fpl$usenofp)
    OSCfg_IdleTaskStkBasePtr                 0x08014330   Data           4  os_cfg_app.o(.constdata)
    OSCfg_IdleTaskStkLimit                   0x08014334   Data           4  os_cfg_app.o(.constdata)
    OSCfg_IdleTaskStkSize                    0x08014338   Data           4  os_cfg_app.o(.constdata)
    OSCfg_IdleTaskStkSizeRAM                 0x0801433c   Data           4  os_cfg_app.o(.constdata)
    OSCfg_IntQBasePtr                        0x08014340   Data           4  os_cfg_app.o(.constdata)
    OSCfg_IntQSize                           0x08014344   Data           2  os_cfg_app.o(.constdata)
    OSCfg_IntQSizeRAM                        0x08014348   Data           4  os_cfg_app.o(.constdata)
    OSCfg_IntQTaskStkBasePtr                 0x0801434c   Data           4  os_cfg_app.o(.constdata)
    OSCfg_IntQTaskStkLimit                   0x08014350   Data           4  os_cfg_app.o(.constdata)
    OSCfg_IntQTaskStkSize                    0x08014354   Data           4  os_cfg_app.o(.constdata)
    OSCfg_IntQTaskStkSizeRAM                 0x08014358   Data           4  os_cfg_app.o(.constdata)
    OSCfg_ISRStkBasePtr                      0x0801435c   Data           4  os_cfg_app.o(.constdata)
    OSCfg_ISRStkSize                         0x08014360   Data           4  os_cfg_app.o(.constdata)
    OSCfg_ISRStkSizeRAM                      0x08014364   Data           4  os_cfg_app.o(.constdata)
    OSCfg_MsgPoolSize                        0x08014368   Data           2  os_cfg_app.o(.constdata)
    OSCfg_MsgPoolSizeRAM                     0x0801436c   Data           4  os_cfg_app.o(.constdata)
    OSCfg_MsgPoolBasePtr                     0x08014370   Data           4  os_cfg_app.o(.constdata)
    OSCfg_StatTaskPrio                       0x08014374   Data           1  os_cfg_app.o(.constdata)
    OSCfg_StatTaskRate_Hz                    0x08014378   Data           4  os_cfg_app.o(.constdata)
    OSCfg_StatTaskStkBasePtr                 0x0801437c   Data           4  os_cfg_app.o(.constdata)
    OSCfg_StatTaskStkLimit                   0x08014380   Data           4  os_cfg_app.o(.constdata)
    OSCfg_StatTaskStkSize                    0x08014384   Data           4  os_cfg_app.o(.constdata)
    OSCfg_StatTaskStkSizeRAM                 0x08014388   Data           4  os_cfg_app.o(.constdata)
    OSCfg_StkSizeMin                         0x0801438c   Data           4  os_cfg_app.o(.constdata)
    OSCfg_TickRate_Hz                        0x08014390   Data           4  os_cfg_app.o(.constdata)
    OSCfg_TickTaskPrio                       0x08014394   Data           1  os_cfg_app.o(.constdata)
    OSCfg_TickTaskStkBasePtr                 0x08014398   Data           4  os_cfg_app.o(.constdata)
    OSCfg_TickTaskStkLimit                   0x0801439c   Data           4  os_cfg_app.o(.constdata)
    OSCfg_TickTaskStkSize                    0x080143a0   Data           4  os_cfg_app.o(.constdata)
    OSCfg_TickTaskStkSizeRAM                 0x080143a4   Data           4  os_cfg_app.o(.constdata)
    OSCfg_TickWheelSize                      0x080143a8   Data           2  os_cfg_app.o(.constdata)
    OSCfg_TickWheelSizeRAM                   0x080143ac   Data           4  os_cfg_app.o(.constdata)
    OSCfg_TmrTaskPrio                        0x080143b0   Data           1  os_cfg_app.o(.constdata)
    OSCfg_TmrTaskRate_Hz                     0x080143b4   Data           4  os_cfg_app.o(.constdata)
    OSCfg_TmrTaskStkBasePtr                  0x080143b8   Data           4  os_cfg_app.o(.constdata)
    OSCfg_TmrTaskStkLimit                    0x080143bc   Data           4  os_cfg_app.o(.constdata)
    OSCfg_TmrTaskStkSize                     0x080143c0   Data           4  os_cfg_app.o(.constdata)
    OSCfg_TmrTaskStkSizeRAM                  0x080143c4   Data           4  os_cfg_app.o(.constdata)
    OSCfg_TmrWheelSize                       0x080143c8   Data           2  os_cfg_app.o(.constdata)
    OSCfg_TmrWheelSizeRAM                    0x080143cc   Data           4  os_cfg_app.o(.constdata)
    OSCfg_DataSizeRAM                        0x080143d0   Data           4  os_cfg_app.o(.constdata)
    OSDbg_DbgEn                              0x080143d4   Data           1  os_dbg.o(.constdata)
    OSDbg_ArgChkEn                           0x080143d5   Data           1  os_dbg.o(.constdata)
    OSDbg_AppHooksEn                         0x080143d6   Data           1  os_dbg.o(.constdata)
    OSDbg_EndiannessTest                     0x080143d8   Data           4  os_dbg.o(.constdata)
    OSDbg_CalledFromISRChkEn                 0x080143dc   Data           1  os_dbg.o(.constdata)
    OSDbg_FlagEn                             0x080143dd   Data           1  os_dbg.o(.constdata)
    OSDbg_FlagGrp                            0x080143e0   Data          40  os_dbg.o(.constdata)
    OSDbg_FlagDelEn                          0x08014408   Data           1  os_dbg.o(.constdata)
    OSDbg_FlagModeClrEn                      0x08014409   Data           1  os_dbg.o(.constdata)
    OSDbg_FlagPendAbortEn                    0x0801440a   Data           1  os_dbg.o(.constdata)
    OSDbg_FlagGrpSize                        0x0801440c   Data           2  os_dbg.o(.constdata)
    OSDbg_FlagWidth                          0x0801440e   Data           2  os_dbg.o(.constdata)
    OSDbg_IntQ                               0x08014410   Data           2  os_dbg.o(.constdata)
    OSDbg_ISRPostDeferredEn                  0x08014412   Data           1  os_dbg.o(.constdata)
    OSDbg_Mem                                0x08014414   Data          32  os_dbg.o(.constdata)
    OSDbg_MemEn                              0x08014434   Data           1  os_dbg.o(.constdata)
    OSDbg_MemSize                            0x08014436   Data           2  os_dbg.o(.constdata)
    OSDbg_MsgEn                              0x08014438   Data           1  os_dbg.o(.constdata)
    OSDbg_MsgSize                            0x0801443a   Data           2  os_dbg.o(.constdata)
    OSDbg_MsgPoolSize                        0x0801443c   Data           2  os_dbg.o(.constdata)
    OSDbg_MsgQSize                           0x0801443e   Data           2  os_dbg.o(.constdata)
    OSDbg_Mutex                              0x08014440   Data          44  os_dbg.o(.constdata)
    OSDbg_MutexEn                            0x0801446c   Data           1  os_dbg.o(.constdata)
    OSDbg_MutexDelEn                         0x0801446d   Data           1  os_dbg.o(.constdata)
    OSDbg_MutexPendAbortEn                   0x0801446e   Data           1  os_dbg.o(.constdata)
    OSDbg_MutexSize                          0x08014470   Data           2  os_dbg.o(.constdata)
    OSDbg_ObjTypeChkEn                       0x08014472   Data           1  os_dbg.o(.constdata)
    OSDbg_PendMultiEn                        0x08014473   Data           1  os_dbg.o(.constdata)
    OSDbg_PendDataSize                       0x08014474   Data           2  os_dbg.o(.constdata)
    OSDbg_PendListSize                       0x08014476   Data           2  os_dbg.o(.constdata)
    OSDbg_PendObjSize                        0x08014478   Data           2  os_dbg.o(.constdata)
    OSDbg_PrioMax                            0x0801447a   Data           2  os_dbg.o(.constdata)
    OSDbg_PrioTblSize                        0x0801447c   Data           2  os_dbg.o(.constdata)
    OSDbg_PtrSize                            0x0801447e   Data           2  os_dbg.o(.constdata)
    OSDbg_Q                                  0x08014480   Data          48  os_dbg.o(.constdata)
    OSDbg_QEn                                0x080144b0   Data           1  os_dbg.o(.constdata)
    OSDbg_QDelEn                             0x080144b1   Data           1  os_dbg.o(.constdata)
    OSDbg_QFlushEn                           0x080144b2   Data           1  os_dbg.o(.constdata)
    OSDbg_QPendAbortEn                       0x080144b3   Data           1  os_dbg.o(.constdata)
    OSDbg_QSize                              0x080144b4   Data           2  os_dbg.o(.constdata)
    OSDbg_SchedRoundRobinEn                  0x080144b6   Data           1  os_dbg.o(.constdata)
    OSDbg_Sem                                0x080144b8   Data          40  os_dbg.o(.constdata)
    OSDbg_SemEn                              0x080144e0   Data           1  os_dbg.o(.constdata)
    OSDbg_SemDelEn                           0x080144e1   Data           1  os_dbg.o(.constdata)
    OSDbg_SemPendAbortEn                     0x080144e2   Data           1  os_dbg.o(.constdata)
    OSDbg_SemSetEn                           0x080144e3   Data           1  os_dbg.o(.constdata)
    OSDbg_SemSize                            0x080144e4   Data           2  os_dbg.o(.constdata)
    OSDbg_RdyList                            0x080144e6   Data           2  os_dbg.o(.constdata)
    OSDbg_RdyListSize                        0x080144e8   Data           4  os_dbg.o(.constdata)
    OSDbg_StkWidth                           0x080144ec   Data           1  os_dbg.o(.constdata)
    OSDbg_StatTaskEn                         0x080144ed   Data           1  os_dbg.o(.constdata)
    OSDbg_StatTaskStkChkEn                   0x080144ee   Data           1  os_dbg.o(.constdata)
    OSDbg_TaskChangePrioEn                   0x080144ef   Data           1  os_dbg.o(.constdata)
    OSDbg_TaskDelEn                          0x080144f0   Data           1  os_dbg.o(.constdata)
    OSDbg_TaskQEn                            0x080144f1   Data           1  os_dbg.o(.constdata)
    OSDbg_TaskQPendAbortEn                   0x080144f2   Data           1  os_dbg.o(.constdata)
    OSDbg_TaskProfileEn                      0x080144f3   Data           1  os_dbg.o(.constdata)
    OSDbg_TaskRegTblSize                     0x080144f4   Data           2  os_dbg.o(.constdata)
    OSDbg_TaskSemPendAbortEn                 0x080144f6   Data           1  os_dbg.o(.constdata)
    OSDbg_TaskSuspendEn                      0x080144f7   Data           1  os_dbg.o(.constdata)
    OSDbg_TCBSize                            0x080144f8   Data           2  os_dbg.o(.constdata)
    OSDbg_TickSpokeSize                      0x080144fa   Data           2  os_dbg.o(.constdata)
    OSDbg_TimeDlyHMSMEn                      0x080144fc   Data           1  os_dbg.o(.constdata)
    OSDbg_TimeDlyResumeEn                    0x080144fd   Data           1  os_dbg.o(.constdata)
    OSDbg_TLS_TblSize                        0x080144fe   Data           2  os_dbg.o(.constdata)
    OSDbg_Tmr                                0x08014500   Data          52  os_dbg.o(.constdata)
    OSDbg_TmrEn                              0x08014534   Data           1  os_dbg.o(.constdata)
    OSDbg_TmrDelEn                           0x08014535   Data           1  os_dbg.o(.constdata)
    OSDbg_TmrSize                            0x08014536   Data           2  os_dbg.o(.constdata)
    OSDbg_TmrSpokeSize                       0x08014538   Data           2  os_dbg.o(.constdata)
    OSDbg_VersionNbr                         0x0801453a   Data           2  os_dbg.o(.constdata)
    OSDbg_DataSize                           0x0801453c   Data           4  os_dbg.o(.constdata)
    xmp3_samplerateTab                       0x08014a90   Data          36  mp3tabs.o(.constdata)
    xmp3_bitrateTab                          0x08014ab4   Data         270  mp3tabs.o(.constdata)
    xmp3_samplesPerFrameTab                  0x08014bc2   Data          18  mp3tabs.o(.constdata)
    xmp3_bitsPerSlotTab                      0x08014bd4   Data           6  mp3tabs.o(.constdata)
    xmp3_sideBytesTab                        0x08014bda   Data          12  mp3tabs.o(.constdata)
    xmp3_slotTab                             0x08014be6   Data         270  mp3tabs.o(.constdata)
    xmp3_sfBandTable                         0x08014cf4   Data         666  mp3tabs.o(.constdata)
    xmp3_huffTable                           0x080152a0   Data        8484  hufftabs.o(.constdata)
    xmp3_huffTabOffset                       0x080173c4   Data         128  hufftabs.o(.constdata)
    xmp3_huffTabLookup                       0x08017444   Data         256  hufftabs.o(.constdata)
    xmp3_quadTable                           0x08017544   Data          80  hufftabs.o(.constdata)
    xmp3_quadTabOffset                       0x08017594   Data           8  hufftabs.o(.constdata)
    xmp3_quadTabMaxBits                      0x0801759c   Data           8  hufftabs.o(.constdata)
    xmp3_imdctWin                            0x08017684   Data         576  trigtabs.o(.constdata)
    xmp3_ISFMpeg1                            0x080178c4   Data          56  trigtabs.o(.constdata)
    xmp3_ISFMpeg2                            0x080178fc   Data         256  trigtabs.o(.constdata)
    xmp3_ISFIIP                              0x080179fc   Data          16  trigtabs.o(.constdata)
    xmp3_uniqueIDTab                         0x08017a0c   Data           8  trigtabs.o(.constdata)
    xmp3_csa                                 0x08017a14   Data          64  trigtabs.o(.constdata)
    xmp3_coef32                              0x08017a54   Data         124  trigtabs.o(.constdata)
    xmp3_polyCoef                            0x08017ad0   Data        1056  trigtabs.o(.constdata)
    Region$$Table$$Base                      0x08017fc8   Number         0  anon$$obj.o(Region$$Table)
    Region$$Table$$Limit                     0x08017fe8   Number         0  anon$$obj.o(Region$$Table)
    __ctype                                  0x08018011   Data           0  lc_ctype_c.o(locale$$data)
    rca                                      0x20000004   Data           2  bsp_sdio.o(.data)
    card_capacity                            0x20000008   Data           4  bsp_sdio.o(.data)
    TIM7_Handler                             0x2000000c   Data           4  timer.o(.data)
    TIM2_Handler                             0x20000010   Data           4  timer.o(.data)
    TIM3_Handler                             0x20000014   Data           4  timer.o(.data)
    Mem_PoolTbl                              0x20000028   Data           4  lib_mem.o(.data)
    CPU_TS_TmrFreq_Hz                        0x2000002c   Data           4  cpu_core.o(.data)
    OS_CPU_ExceptStkBase                     0x20000030   Data           4  os_cpu_c.o(.data)
    OSPrioTbl                                0x20000034   Data           4  os_prio.o(.data)
    OS_AppTaskCreateHookPtr                  0x20000038   Data           4  os_var.o(.data)
    OS_AppTaskDelHookPtr                     0x2000003c   Data           4  os_var.o(.data)
    OS_AppTaskReturnHookPtr                  0x20000040   Data           4  os_var.o(.data)
    OS_AppIdleTaskHookPtr                    0x20000044   Data           4  os_var.o(.data)
    OS_AppStatTaskHookPtr                    0x20000048   Data           4  os_var.o(.data)
    OS_AppTaskSwHookPtr                      0x2000004c   Data           4  os_var.o(.data)
    OS_AppTimeTickHookPtr                    0x20000050   Data           4  os_var.o(.data)
    OSIdleTaskCtr                            0x20000054   Data           4  os_var.o(.data)
    OSIntNestingCtr                          0x20000058   Data           1  os_var.o(.data)
    OSRunning                                0x20000059   Data           1  os_var.o(.data)
    OSFlagDbgListPtr                         0x2000005c   Data           4  os_var.o(.data)
    OSFlagQty                                0x20000060   Data           2  os_var.o(.data)
    OSMemDbgListPtr                          0x20000064   Data           4  os_var.o(.data)
    OSMemQty                                 0x20000068   Data           2  os_var.o(.data)
    OSMutexDbgListPtr                        0x2000006c   Data           4  os_var.o(.data)
    OSMutexQty                               0x20000070   Data           2  os_var.o(.data)
    OSPrioCur                                0x20000072   Data           1  os_var.o(.data)
    OSPrioHighRdy                            0x20000073   Data           1  os_var.o(.data)
    OSPrioSaved                              0x20000074   Data           1  os_var.o(.data)
    OSQDbgListPtr                            0x20000078   Data           4  os_var.o(.data)
    OSQQty                                   0x2000007c   Data           2  os_var.o(.data)
    OSSchedLockTimeBegin                     0x20000080   Data           4  os_var.o(.data)
    OSSchedLockTimeMax                       0x20000084   Data           4  os_var.o(.data)
    OSSchedLockTimeMaxCur                    0x20000088   Data           4  os_var.o(.data)
    OSSchedLockNestingCtr                    0x2000008c   Data           1  os_var.o(.data)
    OSSchedRoundRobinDfltTimeQuanta          0x20000090   Data           4  os_var.o(.data)
    OSSchedRoundRobinEn                      0x20000094   Data           1  os_var.o(.data)
    OSSemDbgListPtr                          0x20000098   Data           4  os_var.o(.data)
    OSSemQty                                 0x2000009c   Data           2  os_var.o(.data)
    OSStatResetFlag                          0x2000009e   Data           1  os_var.o(.data)
    OSStatTaskCPUUsage                       0x200000a0   Data           2  os_var.o(.data)
    OSStatTaskCPUUsageMax                    0x200000a2   Data           2  os_var.o(.data)
    OSStatTaskCtr                            0x200000a4   Data           4  os_var.o(.data)
    OSStatTaskCtrMax                         0x200000a8   Data           4  os_var.o(.data)
    OSStatTaskCtrRun                         0x200000ac   Data           4  os_var.o(.data)
    OSStatTaskRdy                            0x200000b0   Data           1  os_var.o(.data)
    OSStatTaskTimeMax                        0x200000b4   Data           4  os_var.o(.data)
    OSTaskCtxSwCtr                           0x200000b8   Data           4  os_var.o(.data)
    OSTaskDbgListPtr                         0x200000bc   Data           4  os_var.o(.data)
    OSTaskQty                                0x200000c0   Data           2  os_var.o(.data)
    OSTaskRegNextAvailID                     0x200000c2   Data           1  os_var.o(.data)
    OSTickCtr                                0x200000c4   Data           4  os_var.o(.data)
    OSTickTaskTimeMax                        0x200000c8   Data           4  os_var.o(.data)
    OSTmrDbgListPtr                          0x200000cc   Data           4  os_var.o(.data)
    OSTmrQty                                 0x200000d0   Data           2  os_var.o(.data)
    OSTmrTaskTimeMax                         0x200000d4   Data           4  os_var.o(.data)
    OSTmrTickCtr                             0x200000d8   Data           4  os_var.o(.data)
    OSTmrUpdateCnt                           0x200000dc   Data           4  os_var.o(.data)
    OSTmrUpdateCtr                           0x200000e0   Data           4  os_var.o(.data)
    OSTCBCurPtr                              0x200000e4   Data           4  os_var.o(.data)
    OSTCBHighRdyPtr                          0x200000e8   Data           4  os_var.o(.data)
    SystemCoreClock                          0x200000f8   Data           4  system_stm32f2xx.o(.data)
    AHBPrescTable                            0x200000fc   Data          16  system_stm32f2xx.o(.data)
    in_buffer                                0x20000624   Data        2048  mp3_player.o(.bss)
    out_buffer                               0x20000e24   Data        9600  mp3_player.o(.bss)
    SDIO_CmdInitStructure                    0x20003560   Data          20  bsp_sdio.o(.bss)
    SDIO_InitStructure                       0x2000359c   Data          24  bsp_sdio.o(.bss)
    SDIO_DataInitStructure                   0x200035b4   Data          24  bsp_sdio.o(.bss)
    CSD_Tab                                  0x200035cc   Data          16  bsp_sdio.o(.bss)
    Mem_PoolHeap                             0x200035dc   Data          72  lib_mem.o(.bss)
    Mem_Heap                                 0x20003624   Data        9216  lib_mem.o(.bss)
    CPU_Name                                 0x20005a24   Data          16  cpu_core.o(.bss)
    OSCfg_IdleTaskStk                        0x20005a34   Data         512  os_cfg_app.o(.bss)
    OSCfg_ISRStk                             0x20005c34   Data        1024  os_cfg_app.o(.bss)
    OSCfg_MsgPool                            0x20006034   Data         800  os_cfg_app.o(.bss)
    OSCfg_StatTaskStk                        0x20006354   Data         512  os_cfg_app.o(.bss)
    OSCfg_TickTaskStk                        0x20006554   Data         512  os_cfg_app.o(.bss)
    OSCfg_TickWheel                          0x20006754   Data         128  os_cfg_app.o(.bss)
    OSCfg_TmrTaskStk                         0x200067d4   Data         512  os_cfg_app.o(.bss)
    OSCfg_TmrWheel                           0x200069d4   Data         128  os_cfg_app.o(.bss)
    OSIdleTaskTCB                            0x20006a54   Data         196  os_var.o(.bss)
    OSMsgPool                                0x20006b18   Data          12  os_var.o(.bss)
    OSRdyList                                0x20006b24   Data         144  os_var.o(.bss)
    OSStatTaskTCB                            0x20006bb4   Data         196  os_var.o(.bss)
    OSTickTaskTCB                            0x20006c78   Data         196  os_var.o(.bss)
    OSTmrTaskTCB                             0x20006d3c   Data         196  os_var.o(.bss)
    mp3DecInfo                               0x20006e00   Data        2032  buffers.o(.bss)
    sbi                                      0x200075f0   Data        8708  buffers.o(.bss)
    mi                                       0x200097f4   Data        6944  buffers.o(.bss)
    hi                                       0x2000b314   Data        4624  buffers.o(.bss)
    di                                       0x2000c524   Data         840  buffers.o(.bss)
    sfi                                      0x2000c86c   Data         284  buffers.o(.bss)
    si                                       0x2000c988   Data         328  buffers.o(.bss)
    fh                                       0x2000cad0   Data          56  buffers.o(.bss)
    __libspace_start                         0x2000cb08   Data          96  libspace.o(.bss)
    __temporary_stack_top$libspace           0x2000cb68   Data           0  libspace.o(.bss)



==============================================================================

Memory Map of the image

  Image Entry point : 0x08000185

  Load Region LR_IROM1 (Base: 0x08000000, Size: 0x00018220, Max: 0x00020000, ABSOLUTE)

    Execution Region ER_IROM1 (Base: 0x08000000, Size: 0x00018114, Max: 0x00020000, ABSOLUTE)

    Base Addr    Size         Type   Attr      Idx    E Section Name        Object

    0x08000000   0x00000184   Data   RO          532    RESET               cstartup.o
    0x08000184   0x00000008   Code   RO         2163  * !!!main             c_w.l(__main.o)
    0x0800018c   0x00000034   Code   RO         2635    !!!scatter          c_w.l(__scatter.o)
    0x080001c0   0x0000001a   Code   RO         2637    !!handler_copy      c_w.l(__scatter_copy.o)
    0x080001da   0x00000002   PAD
    0x080001dc   0x0000001c   Code   RO         2639    !!handler_zi        c_w.l(__scatter_zi.o)
    0x080001f8   0x00000000   Code   RO         2150    .ARM.Collect$$_printf_percent$$00000000  c_w.l(_printf_percent.o)
    0x080001f8   0x00000006   Code   RO         2218    .ARM.Collect$$_printf_percent$$00000001  c_w.l(_printf_n.o)
    0x080001fe   0x00000006   Code   RO         2220    .ARM.Collect$$_printf_percent$$00000002  c_w.l(_printf_p.o)
    0x08000204   0x00000006   Code   RO         2224    .ARM.Collect$$_printf_percent$$00000003  c_w.l(_printf_f.o)
    0x0800020a   0x00000006   Code   RO         2225    .ARM.Collect$$_printf_percent$$00000004  c_w.l(_printf_e.o)
    0x08000210   0x00000006   Code   RO         2226    .ARM.Collect$$_printf_percent$$00000005  c_w.l(_printf_g.o)
    0x08000216   0x00000006   Code   RO         2227    .ARM.Collect$$_printf_percent$$00000006  c_w.l(_printf_a.o)
    0x0800021c   0x0000000a   Code   RO         2232    .ARM.Collect$$_printf_percent$$00000007  c_w.l(_printf_ll.o)
    0x08000226   0x00000006   Code   RO         2222    .ARM.Collect$$_printf_percent$$00000008  c_w.l(_printf_i.o)
    0x0800022c   0x00000006   Code   RO         2149    .ARM.Collect$$_printf_percent$$00000009  c_w.l(_printf_d.o)
    0x08000232   0x00000006   Code   RO         2223    .ARM.Collect$$_printf_percent$$0000000A  c_w.l(_printf_u.o)
    0x08000238   0x00000006   Code   RO         2221    .ARM.Collect$$_printf_percent$$0000000B  c_w.l(_printf_o.o)
    0x0800023e   0x00000006   Code   RO         2219    .ARM.Collect$$_printf_percent$$0000000C  c_w.l(_printf_x.o)
    0x08000244   0x00000006   Code   RO         2229    .ARM.Collect$$_printf_percent$$0000000D  c_w.l(_printf_lli.o)
    0x0800024a   0x00000006   Code   RO         2230    .ARM.Collect$$_printf_percent$$0000000E  c_w.l(_printf_lld.o)
    0x08000250   0x00000006   Code   RO         2231    .ARM.Collect$$_printf_percent$$0000000F  c_w.l(_printf_llu.o)
    0x08000256   0x00000006   Code   RO         2236    .ARM.Collect$$_printf_percent$$00000010  c_w.l(_printf_llo.o)
    0x0800025c   0x00000006   Code   RO         2237    .ARM.Collect$$_printf_percent$$00000011  c_w.l(_printf_llx.o)
    0x08000262   0x0000000a   Code   RO         2233    .ARM.Collect$$_printf_percent$$00000012  c_w.l(_printf_l.o)
    0x0800026c   0x00000006   Code   RO         2216    .ARM.Collect$$_printf_percent$$00000013  c_w.l(_printf_c.o)
    0x08000272   0x00000006   Code   RO         2217    .ARM.Collect$$_printf_percent$$00000014  c_w.l(_printf_s.o)
    0x08000278   0x00000006   Code   RO         2234    .ARM.Collect$$_printf_percent$$00000015  c_w.l(_printf_lc.o)
    0x0800027e   0x00000006   Code   RO         2235    .ARM.Collect$$_printf_percent$$00000016  c_w.l(_printf_ls.o)
    0x08000284   0x00000004   Code   RO         2228    .ARM.Collect$$_printf_percent$$00000017  c_w.l(_printf_percent_end.o)
    0x08000288   0x00000002   Code   RO         2417    .ARM.Collect$$libinit$$00000000  c_w.l(libinit.o)
    0x0800028a   0x00000000   Code   RO         2419    .ARM.Collect$$libinit$$00000002  c_w.l(libinit2.o)
    0x0800028a   0x00000000   Code   RO         2421    .ARM.Collect$$libinit$$00000004  c_w.l(libinit2.o)
    0x0800028a   0x00000000   Code   RO         2424    .ARM.Collect$$libinit$$0000000A  c_w.l(libinit2.o)
    0x0800028a   0x00000000   Code   RO         2426    .ARM.Collect$$libinit$$0000000C  c_w.l(libinit2.o)
    0x0800028a   0x00000000   Code   RO         2428    .ARM.Collect$$libinit$$0000000E  c_w.l(libinit2.o)
    0x0800028a   0x00000006   Code   RO         2429    .ARM.Collect$$libinit$$0000000F  c_w.l(libinit2.o)
    0x08000290   0x00000000   Code   RO         2431    .ARM.Collect$$libinit$$00000011  c_w.l(libinit2.o)
    0x08000290   0x0000000c   Code   RO         2432    .ARM.Collect$$libinit$$00000012  c_w.l(libinit2.o)
    0x0800029c   0x00000000   Code   RO         2433    .ARM.Collect$$libinit$$00000013  c_w.l(libinit2.o)
    0x0800029c   0x00000000   Code   RO         2435    .ARM.Collect$$libinit$$00000015  c_w.l(libinit2.o)
    0x0800029c   0x0000000a   Code   RO         2436    .ARM.Collect$$libinit$$00000016  c_w.l(libinit2.o)
    0x080002a6   0x00000000   Code   RO         2437    .ARM.Collect$$libinit$$00000017  c_w.l(libinit2.o)
    0x080002a6   0x00000000   Code   RO         2439    .ARM.Collect$$libinit$$00000019  c_w.l(libinit2.o)
    0x080002a6   0x00000000   Code   RO         2441    .ARM.Collect$$libinit$$0000001B  c_w.l(libinit2.o)
    0x080002a6   0x00000000   Code   RO         2443    .ARM.Collect$$libinit$$0000001D  c_w.l(libinit2.o)
    0x080002a6   0x00000000   Code   RO         2445    .ARM.Collect$$libinit$$0000001F  c_w.l(libinit2.o)
    0x080002a6   0x00000000   Code   RO         2447    .ARM.Collect$$libinit$$00000021  c_w.l(libinit2.o)
    0x080002a6   0x00000000   Code   RO         2449    .ARM.Collect$$libinit$$00000023  c_w.l(libinit2.o)
    0x080002a6   0x00000000   Code   RO         2451    .ARM.Collect$$libinit$$00000025  c_w.l(libinit2.o)
    0x080002a6   0x00000000   Code   RO         2455    .ARM.Collect$$libinit$$0000002C  c_w.l(libinit2.o)
    0x080002a6   0x00000000   Code   RO         2457    .ARM.Collect$$libinit$$0000002E  c_w.l(libinit2.o)
    0x080002a6   0x00000000   Code   RO         2459    .ARM.Collect$$libinit$$00000030  c_w.l(libinit2.o)
    0x080002a6   0x00000000   Code   RO         2461    .ARM.Collect$$libinit$$00000032  c_w.l(libinit2.o)
    0x080002a6   0x00000002   Code   RO         2462    .ARM.Collect$$libinit$$00000033  c_w.l(libinit2.o)
    0x080002a8   0x00000002   Code   RO         2614    .ARM.Collect$$libshutdown$$00000000  c_w.l(libshutdown.o)
    0x080002aa   0x00000000   Code   RO         2465    .ARM.Collect$$libshutdown$$00000003  c_w.l(libshutdown2.o)
    0x080002aa   0x00000000   Code   RO         2468    .ARM.Collect$$libshutdown$$00000006  c_w.l(libshutdown2.o)
    0x080002aa   0x00000000   Code   RO         2471    .ARM.Collect$$libshutdown$$00000009  c_w.l(libshutdown2.o)
    0x080002aa   0x00000000   Code   RO         2473    .ARM.Collect$$libshutdown$$0000000B  c_w.l(libshutdown2.o)
    0x080002aa   0x00000000   Code   RO         2476    .ARM.Collect$$libshutdown$$0000000E  c_w.l(libshutdown2.o)
    0x080002aa   0x00000002   Code   RO         2477    .ARM.Collect$$libshutdown$$0000000F  c_w.l(libshutdown2.o)
    0x080002ac   0x00000000   Code   RO         2165    .ARM.Collect$$rtentry$$00000000  c_w.l(__rtentry.o)
    0x080002ac   0x00000000   Code   RO         2251    .ARM.Collect$$rtentry$$00000002  c_w.l(__rtentry2.o)
    0x080002ac   0x00000006   Code   RO         2263    .ARM.Collect$$rtentry$$00000004  c_w.l(__rtentry4.o)
    0x080002b2   0x00000000   Code   RO         2253    .ARM.Collect$$rtentry$$00000009  c_w.l(__rtentry2.o)
    0x080002b2   0x00000004   Code   RO         2254    .ARM.Collect$$rtentry$$0000000A  c_w.l(__rtentry2.o)
    0x080002b6   0x00000000   Code   RO         2256    .ARM.Collect$$rtentry$$0000000C  c_w.l(__rtentry2.o)
    0x080002b6   0x00000008   Code   RO         2257    .ARM.Collect$$rtentry$$0000000D  c_w.l(__rtentry2.o)
    0x080002be   0x00000002   Code   RO         2491    .ARM.Collect$$rtexit$$00000000  c_w.l(rtexit.o)
    0x080002c0   0x00000000   Code   RO         2552    .ARM.Collect$$rtexit$$00000002  c_w.l(rtexit2.o)
    0x080002c0   0x00000004   Code   RO         2553    .ARM.Collect$$rtexit$$00000003  c_w.l(rtexit2.o)
    0x080002c4   0x00000006   Code   RO         2554    .ARM.Collect$$rtexit$$00000004  c_w.l(rtexit2.o)
    0x080002ca   0x00000002   PAD
    0x080002cc   0x000001e0   Code   RO            2    .text               app.o
    0x080004ac   0x00000260   Code   RO          328    .text               mp3_player.o
    0x0800070c   0x00000140   Code   RO          426    .text               bsp.o
    0x0800084c   0x0000041c   Code   RO          445    .text               bsp_int.o
    0x08000c68   0x000002f8   Code   RO          463    .text               bsp_ser.o
    0x08000f60   0x000000b8   Code   RO          492    .text               bsp_os.o
    0x08001018   0x00000830   Code   RO          511    .text               bsp_sdio.o
    0x08001848   0x0000003c   Code   RO          533    .text               cstartup.o
    0x08001884   0x00000208   Code   RO          570    .text               timer.o
    0x08001a8c   0x0000006e   Code   RO          612    .text               util.o
    0x08001afa   0x00000002   PAD
    0x08001afc   0x00000070   Code   RO          628    .text               bsp_dac.o
    0x08001b6c   0x0000005c   Code   RO          647    .text               bsp_dma.o
    0x08001bc8   0x000000e0   Code   RO          663    .text               misc.o
    0x08001ca8   0x00000210   Code   RO          791    .text               stm32f2xx_dac.o
    0x08001eb8   0x000003a8   Code   RO          839    .text               stm32f2xx_dma.o
    0x08002260   0x0000025c   Code   RO          903    .text               stm32f2xx_gpio.o
    0x080024bc   0x00000588   Code   RO         1015    .text               stm32f2xx_rcc.o
    0x08002a44   0x000001f0   Code   RO         1065    .text               stm32f2xx_sdio.o
    0x08002c34   0x00000ca2   Code   RO         1113    .text               stm32f2xx_tim.o
    0x080038d6   0x00000002   PAD
    0x080038d8   0x0000041a   Code   RO         1129    .text               stm32f2xx_usart.o
    0x08003cf2   0x00000256   Code   RO         1160    .text               lib_ascii.o
    0x08003f48   0x00000ec4   Code   RO         1193    .text               lib_mem.o
    0x08004e0c   0x00000928   Code   RO         1212    .text               lib_str.o
    0x08005734   0x00000220   Code   RO         1229    .text               lib_mem_a.o
    0x08005954   0x000002a8   Code   RO         1232    .text               cpu_core.o
    0x08005bfc   0x00000034   Code   RO         1258    .text               cpu_a.o
    0x08005c30   0x0000077c   Code   RO         1261    .text               cpu_c.o
    0x080063ac   0x0000026c   Code   RO         1276    .text               os_cpu_c.o
    0x08006618   0x00000002   Code   RO         1294    .text               os_cfg_app.o
    0x0800661a   0x00000002   PAD
    0x0800661c   0x00000d9c   Code   RO         1317    .text               os_core.o
    0x080073b8   0x000001ac   Code   RO         1329    .text               os_dbg.o
    0x08007564   0x00000738   Code   RO         1344    .text               os_flag.o
    0x08007c9c   0x000001fc   Code   RO         1362    .text               os_mem.o
    0x08007e98   0x00000228   Code   RO         1374    .text               os_msg.o
    0x080080c0   0x000004d8   Code   RO         1386    .text               os_mutex.o
    0x08008598   0x0000007c   Code   RO         1410    .text               os_prio.o
    0x08008614   0x00000534   Code   RO         1429    .text               os_q.o
    0x08008b48   0x000005b4   Code   RO         1441    .text               os_sem.o
    0x080090fc   0x000005a8   Code   RO         1453    .text               os_stat.o
    0x080096a4   0x00001188   Code   RO         1465    .text               os_task.o
    0x0800a82c   0x00000484   Code   RO         1477    .text               os_tick.o
    0x0800acb0   0x0000030c   Code   RO         1489    .text               os_time.o
    0x0800afbc   0x00000740   Code   RO         1501    .text               os_tmr.o
    0x0800b6fc   0x000000dc   Code   RO         1528    .text               diskio.o
    0x0800b7d8   0x00002384   Code   RO         1548    .text               ff.o
    0x0800db5c   0x00000080   Code   RO         1563    .text               ccsbcs.o
    0x0800dbdc   0x000001e0   Code   RO         1587    .text               system_stm32f2xx.o
    0x0800ddbc   0x0000049c   Code   RO         1908    .text               mp3dec.o
    0x0800e258   0x00000530   Code   RO         1939    .text               bitstream.o
    0x0800e788   0x000000ac   Code   RO         1958    .text               buffers.o
    0x0800e834   0x00000d2c   Code   RO         1973    .text               dct32.o
    0x0800f560   0x000002a0   Code   RO         1987    .text               dequant.o
    0x0800f800   0x0000044e   Code   RO         2002    .text               dqchan.o
    0x0800fc4e   0x00000002   PAD
    0x0800fc50   0x0000072c   Code   RO         2016    .text               huffman.o
    0x0801037c   0x0000102c   Code   RO         2041    .text               imdct.o
    0x080113a8   0x000005b4   Code   RO         2058    .text               scalfact.o
    0x0801195c   0x00000624   Code   RO         2072    .text               stproc.o
    0x08011f80   0x00000118   Code   RO         2084    .text               subband.o
    0x08012098   0x00000016   Code   RO         2109    .text               asmmisc.o
    0x080120ae   0x00000002   PAD
    0x080120b0   0x0000080e   Code   RO         2113    .text               asmpoly_thumb2.o
    0x080128be   0x00000002   PAD
    0x080128c0   0x00000034   Code   RO         2119    .text               c_w.l(c89vsnprintf.o)
    0x080128f4   0x00000078   Code   RO         2127    .text               c_w.l(_printf_dec.o)
    0x0801296c   0x00000188   Code   RO         2146    .text               c_w.l(__printf_flags_ss_wp.o)
    0x08012af4   0x00000048   Code   RO         2151    .text               c_w.l(strcpy.o)
    0x08012b3c   0x00000018   Code   RO         2153    .text               c_w.l(strcat.o)
    0x08012b54   0x0000008a   Code   RO         2155    .text               c_w.l(rt_memcpy_v6.o)
    0x08012bde   0x00000084   Code   RO         2157    .text               c_w.l(rt_memmove_v6.o)
    0x08012c62   0x00000006   Code   RO         2161    .text               c_w.l(heapauxi.o)
    0x08012c68   0x0000004e   Code   RO         2166    .text               c_w.l(_printf_pad.o)
    0x08012cb6   0x00000024   Code   RO         2168    .text               c_w.l(_printf_truncate.o)
    0x08012cda   0x00000052   Code   RO         2170    .text               c_w.l(_printf_str.o)
    0x08012d2c   0x000000b2   Code   RO         2172    .text               c_w.l(_printf_intcommon.o)
    0x08012dde   0x00000028   Code   RO         2174    .text               c_w.l(_printf_charcount.o)
    0x08012e06   0x00000002   PAD
    0x08012e08   0x00000030   Code   RO         2176    .text               c_w.l(_printf_char_common.o)
    0x08012e38   0x0000000a   Code   RO         2178    .text               c_w.l(_sputc.o)
    0x08012e42   0x00000010   Code   RO         2180    .text               c_w.l(_snputc.o)
    0x08012e52   0x00000002   PAD
    0x08012e54   0x000000bc   Code   RO         2184    .text               c_w.l(_printf_wctomb.o)
    0x08012f10   0x0000007c   Code   RO         2187    .text               c_w.l(_printf_longlong_dec.o)
    0x08012f8c   0x00000070   Code   RO         2193    .text               c_w.l(_printf_oct_int_ll.o)
    0x08012ffc   0x00000094   Code   RO         2213    .text               c_w.l(_printf_hex_int_ll_ptr.o)
    0x08013090   0x00000064   Code   RO         2244    .text               c_w.l(rt_memcpy_w.o)
    0x080130f4   0x0000007a   Code   RO         2246    .text               c_w.l(rt_memmove_w.o)
    0x0801316e   0x0000008a   Code   RO         2265    .text               c_w.l(lludiv10.o)
    0x080131f8   0x0000041a   Code   RO         2267    .text               c_w.l(_printf_fp_dec.o)
    0x08013612   0x0000002c   Code   RO         2271    .text               c_w.l(_printf_char.o)
    0x0801363e   0x0000002c   Code   RO         2273    .text               c_w.l(_printf_wchar.o)
    0x0801366a   0x00000040   Code   RO         2289    .text               c_w.l(_wcrtomb.o)
    0x080136aa   0x0000004a   Code   RO         2298    .text               c_w.l(sys_stackheap_outer.o)
    0x080136f4   0x00000010   Code   RO         2300    .text               c_w.l(rt_ctype_table.o)
    0x08013704   0x00000008   Code   RO         2305    .text               c_w.l(rt_locale_intlibspace.o)
    0x0801370c   0x00000080   Code   RO         2363    .text               c_w.l(_printf_fp_infnan.o)
    0x0801378c   0x000000dc   Code   RO         2365    .text               c_w.l(bigflt0.o)
    0x08013868   0x0000000c   Code   RO         2406    .text               c_w.l(exit.o)
    0x08013874   0x00000008   Code   RO         2485    .text               c_w.l(libspace.o)
    0x0801387c   0x00000002   Code   RO         2488    .text               c_w.l(use_no_semi.o)
    0x0801387e   0x00000000   Code   RO         2490    .text               c_w.l(indicate_semi.o)
    0x0801387e   0x00000002   PAD
    0x08013880   0x00000080   Code   RO         2543    .text               c_w.l(strcmpv7m.o)
    0x08013900   0x0000000c   Code   RO         2549    .text               c_w.l(sys_exit.o)
    0x0801390c   0x0000003e   Code   RO         2368    CL$$btod_d2e        c_w.l(btod.o)
    0x0801394a   0x00000046   Code   RO         2370    CL$$btod_d2e_denorm_low  c_w.l(btod.o)
    0x08013990   0x00000060   Code   RO         2369    CL$$btod_d2e_norm_op1  c_w.l(btod.o)
    0x080139f0   0x00000338   Code   RO         2378    CL$$btod_div_common  c_w.l(btod.o)
    0x08013d28   0x000000c6   Code   RO         2375    CL$$btod_e2e        c_w.l(btod.o)
    0x08013dee   0x00000028   Code   RO         2372    CL$$btod_ediv       c_w.l(btod.o)
    0x08013e16   0x00000028   Code   RO         2371    CL$$btod_emul       c_w.l(btod.o)
    0x08013e3e   0x00000244   Code   RO         2377    CL$$btod_mult_common  c_w.l(btod.o)
    0x08014082   0x00000002   PAD
    0x08014084   0x00000084   Code   RO         1273    CODE                os_cpu_a.o
    0x08014108   0x00000028   Code   RO         2483    i.__ARM_fpclassify  m_ws.l(fpclassify.o)
    0x08014130   0x0000000e   Code   RO         2139    i._is_digit         c_w.l(__printf_wp.o)
    0x0801413e   0x00000002   PAD
    0x08014140   0x0000002c   Code   RO         2404    locale$$code        c_w.l(lc_numeric_c.o)
    0x0801416c   0x0000002c   Code   RO         2533    locale$$code        c_w.l(lc_ctype_c.o)
    0x08014198   0x00000004   Code   RO         2248    x$fpl$printf1       fz_ws.l(printf1.o)
    0x0801419c   0x00000000   Code   RO         2482    x$fpl$usenofp       fz_ws.l(usenofp.o)
    0x0801419c   0x00000094   Data   RO         1213    .constdata          lib_str.o
    0x08014230   0x00000100   Data   RO         1234    .constdata          cpu_core.o
    0x08014330   0x000000a4   Data   RO         1296    .constdata          os_cfg_app.o
    0x080143d4   0x0000016c   Data   RO         1330    .constdata          os_dbg.o
    0x08014540   0x0000008d   Data   RO         1549    .constdata          ff.o
    0x080145cd   0x00000001   PAD
    0x080145ce   0x000004c0   Data   RO         1564    .constdata          ccsbcs.o
    0x08014a8e   0x00000002   PAD
    0x08014a90   0x000004fe   Data   RO         1927    .constdata          mp3tabs.o
    0x08014f8e   0x00000002   PAD
    0x08014f90   0x000000c0   Data   RO         1974    .constdata          dct32.o
    0x08015050   0x00000250   Data   RO         2003    .constdata          dqchan.o
    0x080152a0   0x00002304   Data   RO         2028    .constdata          hufftabs.o
    0x080175a4   0x00000078   Data   RO         2042    .constdata          imdct.o
    0x0801761c   0x00000068   Data   RO         2059    .constdata          scalfact.o
    0x08017684   0x0000086c   Data   RO         2096    .constdata          trigtabs.o
    0x08017ef0   0x00000011   Data   RO         2147    .constdata          c_w.l(__printf_flags_ss_wp.o)
    0x08017f01   0x00000003   PAD
    0x08017f04   0x00000008   Data   RO         2185    .constdata          c_w.l(_printf_wctomb.o)
    0x08017f0c   0x00000028   Data   RO         2214    .constdata          c_w.l(_printf_hex_int_ll_ptr.o)
    0x08017f34   0x00000094   Data   RO         2366    .constdata          c_w.l(bigflt0.o)
    0x08017fc8   0x00000020   Data   RO         2633    Region$$Table       anon$$obj.o
    0x08017fe8   0x0000001c   Data   RO         2403    locale$$data        c_w.l(lc_numeric_c.o)
    0x08018004   0x00000110   Data   RO         2532    locale$$data        c_w.l(lc_ctype_c.o)


    Execution Region RW_IRAM1 (Base: 0x20000000, Size: 0x0000dd68, Max: 0x00010000, ABSOLUTE)

    Base Addr    Size         Type   Attr      Idx    E Section Name        Object

    0x20000000   0x00000001   Data   RW          465    .data               bsp_ser.o
    0x20000001   0x00000003   PAD
    0x20000004   0x00000008   Data   RW          513    .data               bsp_sdio.o
    0x2000000c   0x0000000c   Data   RW          571    .data               timer.o
    0x20000018   0x00000010   Data   RW         1016    .data               stm32f2xx_rcc.o
    0x20000028   0x00000004   Data   RW         1195    .data               lib_mem.o
    0x2000002c   0x00000004   Data   RW         1235    .data               cpu_core.o
    0x20000030   0x00000004   Data   RW         1277    .data               os_cpu_c.o
    0x20000034   0x00000004   Data   RW         1411    .data               os_prio.o
    0x20000038   0x000000b4   Data   RW         1514    .data               os_var.o
    0x200000ec   0x00000001   Data   RW         1529    .data               diskio.o
    0x200000ed   0x00000003   PAD
    0x200000f0   0x00000006   Data   RW         1550    .data               ff.o
    0x200000f6   0x00000002   PAD
    0x200000f8   0x00000014   Data   RW         1588    .data               system_stm32f2xx.o
    0x2000010c   0x00000518   Zero   RW            3    .bss                app.o
    0x20000624   0x00002d80   Zero   RW          329    .bss                mp3_player.o
    0x200033a4   0x00000144   Zero   RW          446    .bss                bsp_int.o
    0x200034e8   0x00000078   Zero   RW          464    .bss                bsp_ser.o
    0x20003560   0x0000007c   Zero   RW          512    .bss                bsp_sdio.o
    0x200035dc   0x00002448   Zero   RW         1194    .bss                lib_mem.o
    0x20005a24   0x00000010   Zero   RW         1233    .bss                cpu_core.o
    0x20005a34   0x00001020   Zero   RW         1295    .bss                os_cfg_app.o
    0x20006a54   0x000003ac   Zero   RW         1513    .bss                os_var.o
    0x20006e00   0x00005d08   Zero   RW         1959    .bss                buffers.o
    0x2000cb08   0x00000060   Zero   RW         2486    .bss                c_w.l(libspace.o)
    0x2000cb68   0x00000200   Zero   RW          531    HEAP                cstartup.o
    0x2000cd68   0x00001000   Zero   RW          530    STACK               cstartup.o


==============================================================================

Image component sizes


      Code (inc. data)   RO Data    RW Data    ZI Data      Debug   Object Name

       480        136          0          0       1304     330659   app.o
        22          0          0          0          0        380   asmmisc.o
      2062          0          0          0          0        556   asmpoly_thumb2.o
      1328         24          0          0          0       8152   bitstream.o
       320         22          0          0          0       1843   bsp.o
       112          4          0          0          0        611   bsp_dac.o
        92          8          0          0          0        523   bsp_dma.o
      1052          8          0          0        324      13394   bsp_int.o
       184          4          0          0          0       2098   bsp_os.o
      2096         54          0          8        124       9680   bsp_sdio.o
       760         72          0          1        120       3604   bsp_ser.o
       172         32          0          0      23816       1704   buffers.o
       128         12       1216          0          0       1905   ccsbcs.o
        52          0          0          0          0        284   cpu_a.o
      1916        102          0          0          0       3397   cpu_c.o
       680         14        256          4         16      13940   cpu_core.o
        60         28        388          0       4608        632   cstartup.o
      3372         10        192          0          0       4374   dct32.o
       672          4          0          0          0       1798   dequant.o
       220          6          0          1          0       3250   diskio.o
      1102         36        592          0          0       3606   dqchan.o
      9092         48        141          6          0      24784   ff.o
      1836         26          0          0          0       5465   huffman.o
         0          0       8964          0          0       5628   hufftabs.o
      4140         56        120          0          0       9181   imdct.o
       598          0          0          0          0       3656   lib_ascii.o
      3780         62          0          4       9288      24272   lib_mem.o
       544          0          0          0          0        432   lib_mem_a.o
      2344          4        148          0          0      12950   lib_str.o
       224         20          0          0          0       1741   misc.o
       608         20          0          0      11648     225706   mp3_player.o
      1180          4          0          0          0       5543   mp3dec.o
         0          0       1278          0          0       1885   mp3tabs.o
         2          0        164          0       4128      19362   os_cfg_app.o
      3484        272          0          0          0      11751   os_core.o
       132         32          0          0          0        316   os_cpu_a.o
       620         66          0          4          0       3477   os_cpu_c.o
       428        280        364          0          0       4661   os_dbg.o
      1848         68          0          0          0       5521   os_flag.o
       508         16          0          0          0       2564   os_mem.o
       552         14          0          0          0       2530   os_msg.o
      1240         62          0          0          0       3342   os_mutex.o
       124          4          0          4          0       1632   os_prio.o
      1332         48          0          0          0       4624   os_q.o
      1460         56          0          0          0       5043   os_sem.o
      1448        150          0          0          0       2649   os_stat.o
      4488        156          0          0          0      11611   os_task.o
      1156         74          0          0          0       3089   os_tick.o
       780         44          0          0          0       2501   os_time.o
      1856        132          0          0          0       5921   os_tmr.o
         0          0          0        180        940      17985   os_var.o
      1460          8        104          0          0       3726   scalfact.o
       528          6          0          0          0       4773   stm32f2xx_dac.o
       936         32          0          0          0       6169   stm32f2xx_dma.o
       604         36          0          0          0       3837   stm32f2xx_gpio.o
      1416         48          0         16          0      10771   stm32f2xx_rcc.o
       496         18          0          0          0       7072   stm32f2xx_sdio.o
      3234         60          0          0          0      22068   stm32f2xx_tim.o
      1050         26          0          0          0       7544   stm32f2xx_usart.o
      1572         16          0          0          0       3899   stproc.o
       280          4          0          0          0       1139   subband.o
       480         40          0         20          0       1747   system_stm32f2xx.o
       520         28          0         12          0       2375   timer.o
         0          0       2156          0          0        932   trigtabs.o
       110          0          0          0          0       1186   util.o

    ----------------------------------------------------------------------
     75384       2612      16120        268      56316     913450   Object Totals
         0          0         32          0          0          0   (incl. Generated)
        12          0          5          8          0          0   (incl. Padding)

    ----------------------------------------------------------------------

      Code (inc. data)   RO Data    RW Data    ZI Data      Debug   Library Member Name

         8          0          0          0          0         68   __main.o
       392          4         17          0          0         92   __printf_flags_ss_wp.o
        14          0          0          0          0         68   __printf_wp.o
         0          0          0          0          0          0   __rtentry.o
        12          0          0          0          0          0   __rtentry2.o
         6          0          0          0          0          0   __rtentry4.o
        52          8          0          0          0          0   __scatter.o
        26          0          0          0          0          0   __scatter_copy.o
        28          0          0          0          0          0   __scatter_zi.o
         6          0          0          0          0          0   _printf_a.o
         6          0          0          0          0          0   _printf_c.o
        44          0          0          0          0        108   _printf_char.o
        48          6          0          0          0         96   _printf_char_common.o
        40          0          0          0          0         68   _printf_charcount.o
         6          0          0          0          0          0   _printf_d.o
       120         16          0          0          0         92   _printf_dec.o
         6          0          0          0          0          0   _printf_e.o
         6          0          0          0          0          0   _printf_f.o
      1050          0          0          0          0        216   _printf_fp_dec.o
       128         16          0          0          0         84   _printf_fp_infnan.o
         6          0          0          0          0          0   _printf_g.o
       148          4         40          0          0        160   _printf_hex_int_ll_ptr.o
         6          0          0          0          0          0   _printf_i.o
       178          0          0          0          0         88   _printf_intcommon.o
        10          0          0          0          0          0   _printf_l.o
         6          0          0          0          0          0   _printf_lc.o
        10          0          0          0          0          0   _printf_ll.o
         6          0          0          0          0          0   _printf_lld.o
         6          0          0          0          0          0   _printf_lli.o
         6          0          0          0          0          0   _printf_llo.o
         6          0          0          0          0          0   _printf_llu.o
         6          0          0          0          0          0   _printf_llx.o
       124         16          0          0          0         92   _printf_longlong_dec.o
         6          0          0          0          0          0   _printf_ls.o
         6          0          0          0          0          0   _printf_n.o
         6          0          0          0          0          0   _printf_o.o
       112          8          0          0          0        124   _printf_oct_int_ll.o
         6          0          0          0          0          0   _printf_p.o
        78          0          0          0          0        108   _printf_pad.o
         0          0          0          0          0          0   _printf_percent.o
         4          0          0          0          0          0   _printf_percent_end.o
         6          0          0          0          0          0   _printf_s.o
        82          0          0          0          0         80   _printf_str.o
        36          0          0          0          0         84   _printf_truncate.o
         6          0          0          0          0          0   _printf_u.o
        44          0          0          0          0        108   _printf_wchar.o
       188          6          8          0          0         92   _printf_wctomb.o
         6          0          0          0          0          0   _printf_x.o
        16          0          0          0          0         68   _snputc.o
        10          0          0          0          0         68   _sputc.o
        64          0          0          0          0         92   _wcrtomb.o
       220          4        148          0          0         96   bigflt0.o
      1910        128          0          0          0        672   btod.o
        52          4          0          0          0         80   c89vsnprintf.o
        12          0          0          0          0         72   exit.o
         6          0          0          0          0        152   heapauxi.o
         0          0          0          0          0          0   indicate_semi.o
        44         10        272          0          0         76   lc_ctype_c.o
        44         10         28          0          0         76   lc_numeric_c.o
         2          0          0          0          0          0   libinit.o
        30          0          0          0          0          0   libinit2.o
         2          0          0          0          0          0   libshutdown.o
         2          0          0          0          0          0   libshutdown2.o
         8          4          0          0         96         68   libspace.o
       138          0          0          0          0         80   lludiv10.o
        16          4          0          0          0         76   rt_ctype_table.o
         8          4          0          0          0         68   rt_locale_intlibspace.o
       138          0          0          0          0         68   rt_memcpy_v6.o
       100          0          0          0          0         80   rt_memcpy_w.o
       132          0          0          0          0         68   rt_memmove_v6.o
       122          0          0          0          0         80   rt_memmove_w.o
         2          0          0          0          0          0   rtexit.o
        10          0          0          0          0          0   rtexit2.o
        24          0          0          0          0         68   strcat.o
       128          0          0          0          0         68   strcmpv7m.o
        72          0          0          0          0         80   strcpy.o
        12          4          0          0          0         68   sys_exit.o
        74          0          0          0          0         80   sys_stackheap_outer.o
         2          0          0          0          0         68   use_no_semi.o
         4          0          0          0          0         68   printf1.o
         0          0          0          0          0          0   usenofp.o
        40          0          0          0          0         68   fpclassify.o

    ----------------------------------------------------------------------
      6560        256        516          0         96       4436   Library Totals
        14          0          3          0          0          0   (incl. Padding)

    ----------------------------------------------------------------------

      Code (inc. data)   RO Data    RW Data    ZI Data      Debug   Library Name

      6502        256        513          0         96       4300   c_w.l
         4          0          0          0          0         68   fz_ws.l
        40          0          0          0          0         68   m_ws.l

    ----------------------------------------------------------------------
      6560        256        516          0         96       4436   Library Totals

    ----------------------------------------------------------------------

==============================================================================


      Code (inc. data)   RO Data    RW Data    ZI Data      Debug   

     81944       2868      16636        268      56412     910134   Grand Totals
     81944       2868      16636        268      56412     910134   ELF Image Totals
     81944       2868      16636        268          0          0   ROM Totals

==============================================================================

    Total RO  Size (Code + RO Data)                98580 (  96.27kB)
    Total RW  Size (RW Data + ZI Data)             56680 (  55.35kB)
    Total ROM Size (Code + RO Data + RW Data)      98848 (  96.53kB)

==============================================================================

