Component: ARM Compiler 5.05 update 1 (build 106) Tool: armlink [4d0efa]

==============================================================================

Section Cross References

    app.o(.text) refers to bsp_ser.o(.text) for BSP_Ser_Printf
    app.o(.text) refers to os_time.o(.text) for OSTimeDlyHMSM
    app.o(.text) refers to os_task.o(.text) for OSTaskCreate
    app.o(.text) refers to bsp.o(.text) for BSP_Init
    app.o(.text) refers to cpu_core.o(.text) for CPU_Init
    app.o(.text) refers to lib_mem.o(.text) for Mem_Init
    app.o(.text) refers to bsp_int.o(.text) for BSP_IntDisAll
    app.o(.text) refers to os_core.o(.text) for OSInit
    app.o(.text) refers to app.o(.bss) for AppSystemStk
    os_app_hooks.o(.text) refers to cpu_a.o(.text) for CPU_SR_Save
    os_app_hooks.o(.text) refers to os_var.o(.data) for OS_AppTaskCreateHookPtr
    bsp.o(.text) refers to stm32f2xx_rcc.o(.text) for RCC_AHB1PeriphClockCmd
    bsp.o(.text) refers to stm32f2xx_gpio.o(.text) for GPIO_Init
    bsp.o(.text) refers to os_cpu_c.o(.text) for OS_CPU_SysTickInit
    bsp.o(.text) refers to bsp.o(.constdata) for GPIO_CLK
    bsp.o(.text) refers to bsp.o(.data) for GPIO_PORT
    bsp.o(.text) refers to os_cfg_app.o(.constdata) for OSCfg_TickRate_Hz
    bsp.o(.text) refers to stm32f2xx_fsmc.o(.text) for FSMC_NORSRAMInit
    bsp.o(.text) refers to cpu_core.o(.text) for CPU_TS_TmrFreqSet
    bsp_int.o(.text) refers to cpu_c.o(.text) for CPU_IntSrcDis
    bsp_int.o(.text) refers to cpu_a.o(.text) for CPU_IntDis
    bsp_int.o(.text) refers to os_core.o(.text) for OSIntEnter
    bsp_int.o(.text) refers to bsp_int.o(.bss) for BSP_IntVectTbl
    bsp_ser.o(.text) refers to stm32f2xx_usart.o(.text) for USART_ReceiveData
    bsp_ser.o(.text) refers to bsp_os.o(.text) for BSP_OS_SemPost
    bsp_ser.o(.text) refers to stm32f2xx_rcc.o(.text) for RCC_AHB1PeriphClockCmd
    bsp_ser.o(.text) refers to stm32f2xx_gpio.o(.text) for GPIO_Init
    bsp_ser.o(.text) refers to bsp_int.o(.text) for BSP_IntVectSet
    bsp_ser.o(.text) refers to c89vsnprintf.o(.text) for __c89vsnprintf
    bsp_ser.o(.text) refers to lib_ascii.o(.text) for ASCII_IsPrint
    bsp_ser.o(.text) refers to bsp_ser.o(.data) for BSP_SerRxData
    bsp_ser.o(.text) refers to bsp_ser.o(.bss) for BSP_SerRxWait
    bsp_os.o(.text) refers to os_sem.o(.text) for OSSemCreate
    bsp_os.o(.text) refers to os_time.o(.text) for OSTimeDlyHMSM
    bsp_os.o(.text) refers to os_cfg_app.o(.constdata) for OSCfg_TickRate_Hz
    cstartup.o(STACK) refers (Special) to heapauxi.o(.text) for __use_two_region_memory
    cstartup.o(HEAP) refers (Special) to heapauxi.o(.text) for __use_two_region_memory
    cstartup.o(RESET) refers (Special) to heapauxi.o(.text) for __use_two_region_memory
    cstartup.o(RESET) refers to cstartup.o(STACK) for __initial_sp
    cstartup.o(RESET) refers to cstartup.o(.text) for Reset_Handler
    cstartup.o(RESET) refers to os_cpu_a.o(CODE) for OS_CPU_PendSVHandler
    cstartup.o(RESET) refers to os_cpu_c.o(.text) for OS_CPU_SysTickHandler
    cstartup.o(RESET) refers to bsp_int.o(.text) for BSP_IntHandlerWWDG
    cstartup.o(.text) refers (Special) to heapauxi.o(.text) for __use_two_region_memory
    cstartup.o(.text) refers to __main.o(!!!main) for __main
    cstartup.o(.text) refers to cstartup.o(HEAP) for Heap_Mem
    cstartup.o(.text) refers to cstartup.o(STACK) for Stack_Mem
    stm32f2xx_adc.o(.text) refers to stm32f2xx_rcc.o(.text) for RCC_APB2PeriphResetCmd
    stm32f2xx_can.o(.text) refers to stm32f2xx_rcc.o(.text) for RCC_APB1PeriphResetCmd
    stm32f2xx_cryp.o(.text) refers to stm32f2xx_rcc.o(.text) for RCC_AHB2PeriphResetCmd
    stm32f2xx_cryp_aes.o(.text) refers to stm32f2xx_cryp.o(.text) for CRYP_KeyStructInit
    stm32f2xx_cryp_des.o(.text) refers to stm32f2xx_cryp.o(.text) for CRYP_KeyStructInit
    stm32f2xx_cryp_tdes.o(.text) refers to stm32f2xx_cryp.o(.text) for CRYP_KeyStructInit
    stm32f2xx_dac.o(.text) refers to stm32f2xx_rcc.o(.text) for RCC_APB1PeriphResetCmd
    stm32f2xx_gpio.o(.text) refers to stm32f2xx_rcc.o(.text) for RCC_AHB1PeriphResetCmd
    stm32f2xx_hash.o(.text) refers to stm32f2xx_rcc.o(.text) for RCC_AHB2PeriphResetCmd
    stm32f2xx_hash_md5.o(.text) refers to stm32f2xx_hash.o(.text) for HASH_DeInit
    stm32f2xx_hash_sha1.o(.text) refers to stm32f2xx_hash.o(.text) for HASH_DeInit
    stm32f2xx_i2c.o(.text) refers to stm32f2xx_rcc.o(.text) for RCC_APB1PeriphResetCmd
    stm32f2xx_pwr.o(.text) refers to stm32f2xx_rcc.o(.text) for RCC_APB1PeriphResetCmd
    stm32f2xx_rcc.o(.text) refers to stm32f2xx_rcc.o(.data) for APBAHBPrescTable
    stm32f2xx_rng.o(.text) refers to stm32f2xx_rcc.o(.text) for RCC_AHB2PeriphResetCmd
    stm32f2xx_sdio.o(.text) refers to stm32f2xx_rcc.o(.text) for RCC_APB2PeriphResetCmd
    stm32f2xx_spi.o(.text) refers to stm32f2xx_rcc.o(.text) for RCC_APB2PeriphResetCmd
    stm32f2xx_syscfg.o(.text) refers to stm32f2xx_rcc.o(.text) for RCC_APB2PeriphResetCmd
[...]
    BSP_IntHandlerI2C1_EV                    0x08000ef5   Thumb Code    10  bsp_int.o(.text)
    BSP_IntHandlerI2C1_ER                    0x08000eff   Thumb Code    10  bsp_int.o(.text)
    BSP_IntHandlerI2C2_EV                    0x08000f09   Thumb Code    10  bsp_int.o(.text)
    BSP_IntHandlerI2C2_ER                    0x08000f13   Thumb Code    10  bsp_int.o(.text)
    BSP_IntHandlerSPI1                       0x08000f1d   Thumb Code    10  bsp_int.o(.text)
    BSP_IntHandlerSPI2                       0x08000f27   Thumb Code    10  bsp_int.o(.text)
    BSP_IntHandlerUSART1                     0x08000f31   Thumb Code    10  bsp_int.o(.text)
    BSP_IntHandlerUSART2                     0x08000f3b   Thumb Code    10  bsp_int.o(.text)
    BSP_IntHandlerUSART3                     0x08000f45   Thumb Code    10  bsp_int.o(.text)
    BSP_IntHandlerEXTI15_10                  0x08000f4f   Thumb Code    10  bsp_int.o(.text)
    BSP_IntHandlerRTCAlarm                   0x08000f59   Thumb Code    10  bsp_int.o(.text)
    BSP_IntHandlerUSBWakeUp                  0x08000f63   Thumb Code    10  bsp_int.o(.text)
    BSP_IntHandlerTIM8_BRK_TIM12             0x08000f6d   Thumb Code    10  bsp_int.o(.text)
    BSP_IntHandlerTIM8_UP_TIM13              0x08000f77   Thumb Code    10  bsp_int.o(.text)
    BSP_IntHandlerTIM8_TRG_COM_TIM14         0x08000f81   Thumb Code    10  bsp_int.o(.text)
    BSP_IntHandlerTIM8_CC                    0x08000f8b   Thumb Code    10  bsp_int.o(.text)
    BSP_IntHandlerDMA1_STREAM7               0x08000f95   Thumb Code    10  bsp_int.o(.text)
    BSP_IntHandlerFSMC                       0x08000f9f   Thumb Code    10  bsp_int.o(.text)
    BSP_IntHandlerSDIO                       0x08000fa9   Thumb Code    10  bsp_int.o(.text)
    BSP_IntHandlerTIM5                       0x08000fb3   Thumb Code    10  bsp_int.o(.text)
    BSP_IntHandlerSPI3                       0x08000fbd   Thumb Code    10  bsp_int.o(.text)
    BSP_IntHandlerUSART4                     0x08000fc7   Thumb Code    10  bsp_int.o(.text)
    BSP_IntHandlerUSART5                     0x08000fd1   Thumb Code    10  bsp_int.o(.text)
    BSP_IntHandlerTIM6                       0x08000fdb   Thumb Code    10  bsp_int.o(.text)
    BSP_IntHandlerTIM7                       0x08000fe5   Thumb Code    10  bsp_int.o(.text)
    BSP_IntHandlerDMA2_CH1                   0x08000fef   Thumb Code    10  bsp_int.o(.text)
    BSP_IntHandlerDMA2_CH2                   0x08000ff9   Thumb Code    10  bsp_int.o(.text)
    BSP_IntHandlerDMA2_CH3                   0x08001003   Thumb Code    10  bsp_int.o(.text)
    BSP_IntHandlerDMA2_CH4                   0x0800100d   Thumb Code    10  bsp_int.o(.text)
    BSP_IntHandlerDMA2_CH5                   0x08001017   Thumb Code    10  bsp_int.o(.text)
    BSP_IntHandlerETH                        0x08001021   Thumb Code    10  bsp_int.o(.text)
    BSP_IntHandlerETHWakeup                  0x0800102b   Thumb Code    10  bsp_int.o(.text)
    BSP_IntHandlerCAN2_TX                    0x08001035   Thumb Code    10  bsp_int.o(.text)
    BSP_IntHandlerCAN2_RX0                   0x0800103f   Thumb Code    10  bsp_int.o(.text)
    BSP_IntHandlerCAN2_RX1                   0x08001049   Thumb Code    10  bsp_int.o(.text)
    BSP_IntHandlerCAN2_SCE                   0x08001053   Thumb Code    10  bsp_int.o(.text)
    BSP_IntHandlerOTG                        0x0800105d   Thumb Code    10  bsp_int.o(.text)
    BSP_IntHandlerDMA2_CH6                   0x08001067   Thumb Code    10  bsp_int.o(.text)
    BSP_IntHandlerDMA2_CH7                   0x08001071   Thumb Code    10  bsp_int.o(.text)
    BSP_IntHandlerDMA2_CH8                   0x0800107b   Thumb Code    10  bsp_int.o(.text)
    BSP_IntHandlerUSART6                     0x08001085   Thumb Code    10  bsp_int.o(.text)
    BSP_IntHandlerI2C3_EV                    0x0800108f   Thumb Code    10  bsp_int.o(.text)
    BSP_IntHandlerI2C3_ER                    0x08001099   Thumb Code    10  bsp_int.o(.text)
    BSP_IntHandlerOTG_HS_EP1_OUT             0x080010a3   Thumb Code    10  bsp_int.o(.text)
    BSP_IntHandlerOTG_HS_EP1_IN              0x080010ad   Thumb Code    10  bsp_int.o(.text)
    BSP_IntHandlerOTG_HS_WKUP                0x080010b7   Thumb Code    10  bsp_int.o(.text)
    BSP_IntHandlerOTG_HS                     0x080010c1   Thumb Code    10  bsp_int.o(.text)
    BSP_IntHandlerDCMI                       0x080010cb   Thumb Code    10  bsp_int.o(.text)
    BSP_IntHandlerCRYP                       0x080010d5   Thumb Code    10  bsp_int.o(.text)
    BSP_IntHandlerHASH_RNG                   0x080010df   Thumb Code    10  bsp_int.o(.text)
    BSP_Ser_Init                             0x08001141   Thumb Code   220  bsp_ser.o(.text)
    BSP_Ser_WrStr                            0x0800124b   Thumb Code    68  bsp_ser.o(.text)
    BSP_Ser_Printf                           0x0800128f   Thumb Code    38  bsp_ser.o(.text)
    BSP_Ser_RdByte                           0x080012df   Thumb Code    26  bsp_ser.o(.text)
    BSP_Ser_RdStr                            0x080012f9   Thumb Code   142  bsp_ser.o(.text)
    BSP_Ser_WrByte                           0x08001387   Thumb Code    26  bsp_ser.o(.text)
    BSP_OS_SemCreate                         0x080013e9   Thumb Code    34  bsp_os.o(.text)
    BSP_OS_SemWait                           0x0800140b   Thumb Code    50  bsp_os.o(.text)
    BSP_OS_SemPost                           0x0800143d   Thumb Code    28  bsp_os.o(.text)
    BSP_OS_TimeDlyMs                         0x08001459   Thumb Code    68  bsp_os.o(.text)
    Reset_Handler                            0x080014a1   Thumb Code     4  cstartup.o(.text)
    App_NMI_ISR                              0x080014a5   Thumb Code     2  cstartup.o(.text)
    App_Fault_ISR                            0x080014a7   Thumb Code     2  cstartup.o(.text)
    App_MemFault_ISR                         0x080014a9   Thumb Code     2  cstartup.o(.text)
    App_BusFault_ISR                         0x080014ab   Thumb Code     2  cstartup.o(.text)
    App_UsageFault_ISR                       0x080014ad   Thumb Code     2  cstartup.o(.text)
    App_Spurious_ISR                         0x080014af   Thumb Code     2  cstartup.o(.text)
    App_Reserved_ISR                         0x080014b1   Thumb Code     2  cstartup.o(.text)
    __user_initial_stackheap                 0x080014b5   Thumb Code     0  cstartup.o(.text)
    FSMC_NORSRAMDeInit                       0x080014d5   Thumb Code    54  stm32f2xx_fsmc.o(.text)
    FSMC_NORSRAMInit                         0x0800150b   Thumb Code   230  stm32f2xx_fsmc.o(.text)
    FSMC_NORSRAMStructInit                   0x080015f1   Thumb Code   114  stm32f2xx_fsmc.o(.text)
    FSMC_NORSRAMCmd                          0x08001663   Thumb Code    46  stm32f2xx_fsmc.o(.text)
    FSMC_NANDDeInit                          0x08001691   Thumb Code    62  stm32f2xx_fsmc.o(.text)
    FSMC_NANDInit                            0x080016cf   Thumb Code   132  stm32f2xx_fsmc.o(.text)
    FSMC_NANDStructInit                      0x08001753   Thumb Code    54  stm32f2xx_fsmc.o(.text)
    FSMC_NANDCmd                             0x08001789   Thumb Code    86  stm32f2xx_fsmc.o(.text)
    FSMC_NANDECCCmd                          0x080017df   Thumb Code    86  stm32f2xx_fsmc.o(.text)
    FSMC_GetECC                              0x08001835   Thumb Code    24  stm32f2xx_fsmc.o(.text)
    FSMC_PCCARDDeInit                        0x0800184d   Thumb Code    36  stm32f2xx_fsmc.o(.text)
    FSMC_PCCARDInit                          0x08001871   Thumb Code   130  stm32f2xx_fsmc.o(.text)
    FSMC_PCCARDStructInit                    0x080018f3   Thumb Code    60  stm32f2xx_fsmc.o(.text)
    FSMC_PCCARDCmd                           0x0800192f   Thumb Code    44  stm32f2xx_fsmc.o(.text)
    FSMC_ITConfig                            0x0800195b   Thumb Code   128  stm32f2xx_fsmc.o(.text)
    FSMC_GetFlagStatus                       0x080019db   Thumb Code    54  stm32f2xx_fsmc.o(.text)
    FSMC_ClearFlag                           0x08001a11   Thumb Code    62  stm32f2xx_fsmc.o(.text)
    FSMC_GetITStatus                         0x08001a4f   Thumb Code    72  stm32f2xx_fsmc.o(.text)
    FSMC_ClearITPendingBit                   0x08001a97   Thumb Code    66  stm32f2xx_fsmc.o(.text)
    GPIO_DeInit                              0x08001add   Thumb Code   220  stm32f2xx_gpio.o(.text)
    GPIO_Init                                0x08001bb9   Thumb Code   144  stm32f2xx_gpio.o(.text)
    GPIO_StructInit                          0x08001c49   Thumb Code    18  stm32f2xx_gpio.o(.text)
    GPIO_PinLockConfig                       0x08001c5b   Thumb Code    34  stm32f2xx_gpio.o(.text)
    GPIO_ReadInputDataBit                    0x08001c7d   Thumb Code    18  stm32f2xx_gpio.o(.text)
    GPIO_ReadInputData                       0x08001c8f   Thumb Code     8  stm32f2xx_gpio.o(.text)
    GPIO_ReadOutputDataBit                   0x08001c97   Thumb Code    18  stm32f2xx_gpio.o(.text)
    GPIO_ReadOutputData                      0x08001ca9   Thumb Code     8  stm32f2xx_gpio.o(.text)
    GPIO_SetBits                             0x08001cb1   Thumb Code     4  stm32f2xx_gpio.o(.text)
    GPIO_ResetBits                           0x08001cb5   Thumb Code     4  stm32f2xx_gpio.o(.text)
    GPIO_WriteBit                            0x08001cb9   Thumb Code    10  stm32f2xx_gpio.o(.text)
    GPIO_Write                               0x08001cc3   Thumb Code     4  stm32f2xx_gpio.o(.text)
    GPIO_ToggleBits                          0x08001cc7   Thumb Code     8  stm32f2xx_gpio.o(.text)
    GPIO_PinAFConfig                         0x08001ccf   Thumb Code    70  stm32f2xx_gpio.o(.text)
    RCC_DeInit                               0x08001d39   Thumb Code    60  stm32f2xx_rcc.o(.text)
    RCC_HSEConfig                            0x08001d75   Thumb Code    14  stm32f2xx_rcc.o(.text)
    RCC_GetFlagStatus                        0x08001d83   Thumb Code    60  stm32f2xx_rcc.o(.text)
    RCC_WaitForHSEStartUp                    0x08001dbf   Thumb Code    56  stm32f2xx_rcc.o(.text)
    RCC_AdjustHSICalibrationValue            0x08001df7   Thumb Code    20  stm32f2xx_rcc.o(.text)
    RCC_HSICmd                               0x08001e0b   Thumb Code     6  stm32f2xx_rcc.o(.text)
    RCC_LSEConfig                            0x08001e11   Thumb Code    46  stm32f2xx_rcc.o(.text)
    RCC_LSICmd                               0x08001e3f   Thumb Code     6  stm32f2xx_rcc.o(.text)
    RCC_PLLConfig                            0x08001e45   Thumb Code    32  stm32f2xx_rcc.o(.text)
    RCC_PLLCmd                               0x08001e65   Thumb Code     6  stm32f2xx_rcc.o(.text)
    RCC_PLLI2SConfig                         0x08001e6b   Thumb Code    14  stm32f2xx_rcc.o(.text)
    RCC_PLLI2SCmd                            0x08001e79   Thumb Code     6  stm32f2xx_rcc.o(.text)
    RCC_ClockSecuritySystemCmd               0x08001e7f   Thumb Code     6  stm32f2xx_rcc.o(.text)
    RCC_MCO1Config                           0x08001e85   Thumb Code    28  stm32f2xx_rcc.o(.text)
    RCC_MCO2Config                           0x08001ea1   Thumb Code    28  stm32f2xx_rcc.o(.text)
    RCC_SYSCLKConfig                         0x08001ebd   Thumb Code    20  stm32f2xx_rcc.o(.text)
    RCC_GetSYSCLKSource                      0x08001ed1   Thumb Code    12  stm32f2xx_rcc.o(.text)
    RCC_HCLKConfig                           0x08001edd   Thumb Code    20  stm32f2xx_rcc.o(.text)
    RCC_PCLK1Config                          0x08001ef1   Thumb Code    20  stm32f2xx_rcc.o(.text)
    RCC_PCLK2Config                          0x08001f05   Thumb Code    22  stm32f2xx_rcc.o(.text)
    RCC_GetClocksFreq                        0x08001f1b   Thumb Code   222  stm32f2xx_rcc.o(.text)
    RCC_RTCCLKConfig                         0x08001ff9   Thumb Code    54  stm32f2xx_rcc.o(.text)
    RCC_RTCCLKCmd                            0x0800202f   Thumb Code     8  stm32f2xx_rcc.o(.text)
    RCC_BackupResetCmd                       0x08002037   Thumb Code     8  stm32f2xx_rcc.o(.text)
    RCC_I2SCLKConfig                         0x0800203f   Thumb Code     6  stm32f2xx_rcc.o(.text)
    RCC_AHB1PeriphClockCmd                   0x08002045   Thumb Code    34  stm32f2xx_rcc.o(.text)
    RCC_AHB2PeriphClockCmd                   0x08002067   Thumb Code    34  stm32f2xx_rcc.o(.text)
    RCC_AHB3PeriphClockCmd                   0x08002089   Thumb Code    34  stm32f2xx_rcc.o(.text)
    RCC_APB1PeriphClockCmd                   0x080020ab   Thumb Code    34  stm32f2xx_rcc.o(.text)
    RCC_APB2PeriphClockCmd                   0x080020cd   Thumb Code    34  stm32f2xx_rcc.o(.text)
    RCC_AHB1PeriphResetCmd                   0x080020ef   Thumb Code    34  stm32f2xx_rcc.o(.text)
    RCC_AHB2PeriphResetCmd                   0x08002111   Thumb Code    72  stm32f2xx_rcc.o(.text)
    RCC_AHB3PeriphResetCmd                   0x08002159   Thumb Code    34  stm32f2xx_rcc.o(.text)
    RCC_APB1PeriphResetCmd                   0x0800217b   Thumb Code    34  stm32f2xx_rcc.o(.text)
    RCC_APB2PeriphResetCmd                   0x0800219d   Thumb Code    34  stm32f2xx_rcc.o(.text)
    RCC_AHB1PeriphClockLPModeCmd             0x080021bf   Thumb Code    34  stm32f2xx_rcc.o(.text)
    RCC_AHB2PeriphClockLPModeCmd             0x080021e1   Thumb Code    34  stm32f2xx_rcc.o(.text)
    RCC_AHB3PeriphClockLPModeCmd             0x08002203   Thumb Code    34  stm32f2xx_rcc.o(.text)
    RCC_APB1PeriphClockLPModeCmd             0x08002225   Thumb Code    34  stm32f2xx_rcc.o(.text)
    RCC_APB2PeriphClockLPModeCmd             0x08002247   Thumb Code    34  stm32f2xx_rcc.o(.text)
    RCC_ITConfig                             0x08002269   Thumb Code    34  stm32f2xx_rcc.o(.text)
    RCC_ClearFlag                            0x0800228b   Thumb Code    18  stm32f2xx_rcc.o(.text)
    RCC_GetITStatus                          0x0800229d   Thumb Code    22  stm32f2xx_rcc.o(.text)
    RCC_ClearITPendingBit                    0x080022b3   Thumb Code     8  stm32f2xx_rcc.o(.text)
    USART_DeInit                             0x080022c1   Thumb Code   156  stm32f2xx_usart.o(.text)
    USART_Init                               0x0800235d   Thumb Code   204  stm32f2xx_usart.o(.text)
    USART_StructInit                         0x08002429   Thumb Code    24  stm32f2xx_usart.o(.text)
    USART_ClockInit                          0x08002441   Thumb Code    32  stm32f2xx_usart.o(.text)
    USART_ClockStructInit                    0x08002461   Thumb Code    12  stm32f2xx_usart.o(.text)
    USART_Cmd                                0x0800246d   Thumb Code    24  stm32f2xx_usart.o(.text)
    USART_SetPrescaler                       0x08002485   Thumb Code    16  stm32f2xx_usart.o(.text)
    USART_OverSampling8Cmd                   0x08002495   Thumb Code    22  stm32f2xx_usart.o(.text)
    USART_OneBitMethodCmd                    0x080024ab   Thumb Code    24  stm32f2xx_usart.o(.text)
    USART_SendData                           0x080024c3   Thumb Code     8  stm32f2xx_usart.o(.text)
    USART_ReceiveData                        0x080024cb   Thumb Code    10  stm32f2xx_usart.o(.text)
    USART_SetAddress                         0x080024d5   Thumb Code    18  stm32f2xx_usart.o(.text)
    USART_ReceiverWakeUpCmd                  0x080024e7   Thumb Code    24  stm32f2xx_usart.o(.text)
    USART_WakeUpConfig                       0x080024ff   Thumb Code    18  stm32f2xx_usart.o(.text)
    USART_LINBreakDetectLengthConfig         0x08002511   Thumb Code    18  stm32f2xx_usart.o(.text)
    USART_LINCmd                             0x08002523   Thumb Code    24  stm32f2xx_usart.o(.text)
    USART_SendBreak                          0x0800253b   Thumb Code    10  stm32f2xx_usart.o(.text)
    USART_HalfDuplexCmd                      0x08002545   Thumb Code    24  stm32f2xx_usart.o(.text)
    USART_SetGuardTime                       0x0800255d   Thumb Code    16  stm32f2xx_usart.o(.text)
    USART_SmartCardCmd                       0x0800256d   Thumb Code    24  stm32f2xx_usart.o(.text)
    USART_SmartCardNACKCmd                   0x08002585   Thumb Code    24  stm32f2xx_usart.o(.text)
    USART_IrDAConfig                         0x0800259d   Thumb Code    18  stm32f2xx_usart.o(.text)
    USART_IrDACmd                            0x080025af   Thumb Code    24  stm32f2xx_usart.o(.text)
    USART_DMACmd                             0x080025c7   Thumb Code    18  stm32f2xx_usart.o(.text)
    USART_ITConfig                           0x080025d9   Thumb Code    74  stm32f2xx_usart.o(.text)
    USART_GetFlagStatus                      0x08002623   Thumb Code    26  stm32f2xx_usart.o(.text)
    USART_ClearFlag                          0x0800263d   Thumb Code    18  stm32f2xx_usart.o(.text)
    USART_GetITStatus                        0x0800264f   Thumb Code   110  stm32f2xx_usart.o(.text)
    USART_ClearITPendingBit                  0x080026bd   Thumb Code    30  stm32f2xx_usart.o(.text)
    ASCII_IsAlpha                            0x080026db   Thumb Code    48  lib_ascii.o(.text)
    ASCII_IsAlphaNum                         0x0800270b   Thumb Code    76  lib_ascii.o(.text)
    ASCII_IsLower                            0x08002757   Thumb Code    20  lib_ascii.o(.text)
    ASCII_IsUpper                            0x0800276b   Thumb Code    20  lib_ascii.o(.text)
    ASCII_IsDig                              0x0800277f   Thumb Code    20  lib_ascii.o(.text)
    ASCII_IsDigOct                           0x08002793   Thumb Code    20  lib_ascii.o(.text)
    ASCII_IsDigHex                           0x080027a7   Thumb Code    36  lib_ascii.o(.text)
    ASCII_IsBlank                            0x080027cb   Thumb Code    20  lib_ascii.o(.text)
    ASCII_IsSpace                            0x080027df   Thumb Code    36  lib_ascii.o(.text)
    ASCII_IsPrint                            0x08002803   Thumb Code    20  lib_ascii.o(.text)
    ASCII_IsGraph                            0x08002817   Thumb Code    20  lib_ascii.o(.text)
    ASCII_IsPunct                            0x0800282b   Thumb Code   134  lib_ascii.o(.text)
    ASCII_IsCtrl                             0x080028b1   Thumb Code    26  lib_ascii.o(.text)
    ASCII_ToLower                            0x080028cb   Thumb Code    32  lib_ascii.o(.text)
    ASCII_ToUpper                            0x080028eb   Thumb Code    32  lib_ascii.o(.text)
    ASCII_Cmp                                0x0800290b   Thumb Code    38  lib_ascii.o(.text)
    Mem_Init                                 0x08002931   Thumb Code    54  lib_mem.o(.text)
    Mem_Set                                  0x08002967   Thumb Code    98  lib_mem.o(.text)
    Mem_Clr                                  0x080029c9   Thumb Code    18  lib_mem.o(.text)
    Mem_Move                                 0x080029db   Thumb Code   204  lib_mem.o(.text)
    Mem_Cmp                                  0x08002aa7   Thumb Code   192  lib_mem.o(.text)
    Mem_HeapAlloc                            0x08002c5b   Thumb Code   256  lib_mem.o(.text)
    Mem_SegGetSizeRem                        0x08002d5b   Thumb Code   214  lib_mem.o(.text)
    Mem_HeapGetSizeRem                       0x08002e31   Thumb Code    22  lib_mem.o(.text)
    Mem_PoolClr                              0x08002e47   Thumb Code    78  lib_mem.o(.text)
    Mem_PoolCreate                           0x08002e95   Thumb Code  1076  lib_mem.o(.text)
    Mem_PoolBlkGetNbrAvail                   0x080032c9   Thumb Code   128  lib_mem.o(.text)
    Mem_PoolBlkGet                           0x08003349   Thumb Code   224  lib_mem.o(.text)
    Mem_PoolBlkGetUsedAtIx                   0x08003429   Thumb Code   212  lib_mem.o(.text)
    Mem_PoolBlkFree                          0x08003563   Thumb Code   338  lib_mem.o(.text)
    Mem_PoolBlkIxGet                         0x080036b5   Thumb Code   314  lib_mem.o(.text)
    Str_Len_N                                0x080037f5   Thumb Code    28  lib_str.o(.text)
    Str_Len                                  0x08003811   Thumb Code    20  lib_str.o(.text)
    Str_Copy_N                               0x08003825   Thumb Code    70  lib_str.o(.text)
    Str_Copy                                 0x0800386b   Thumb Code    24  lib_str.o(.text)
    Str_Cat_N                                0x08003883   Thumb Code    90  lib_str.o(.text)
    Str_Cat                                  0x080038dd   Thumb Code    24  lib_str.o(.text)
    Str_Cmp_N                                0x080038f5   Thumb Code   156  lib_str.o(.text)
    Str_Cmp                                  0x08003991   Thumb Code    24  lib_str.o(.text)
    Str_CmpIgnoreCase_N                      0x080039a9   Thumb Code   264  lib_str.o(.text)
    Str_CmpIgnoreCase                        0x08003ab1   Thumb Code    24  lib_str.o(.text)
    Str_Char_N                               0x08003ac9   Thumb Code    74  lib_str.o(.text)
    Str_Char                                 0x08003b13   Thumb Code    24  lib_str.o(.text)
    Str_Char_Last_N                          0x08003b2b   Thumb Code    76  lib_str.o(.text)
    Str_Char_Last                            0x08003b77   Thumb Code    24  lib_str.o(.text)
    Str_Char_Replace_N                       0x08003b8f   Thumb Code    52  lib_str.o(.text)
    Str_Char_Replace                         0x08003bc3   Thumb Code    28  lib_str.o(.text)
    Str_Str_N                                0x08003bdf   Thumb Code   182  lib_str.o(.text)
    Str_Str                                  0x08003c95   Thumb Code    24  lib_str.o(.text)
    Str_FmtNbr_Int32U                        0x08003e87   Thumb Code    46  lib_str.o(.text)
    Str_FmtNbr_Int32S                        0x08003eb5   Thumb Code    62  lib_str.o(.text)
    Str_ParseNbr_Int32U                      0x080040b1   Thumb Code    30  lib_str.o(.text)
    Str_ParseNbr_Int32S                      0x080040cf   Thumb Code    74  lib_str.o(.text)
    Mem_Copy                                 0x0800411d   Thumb Code     0  lib_mem_a.o(.text)
    CPU_NameClr                              0x0800433d   Thumb Code    42  cpu_core.o(.text)
    CPU_Init                                 0x0800437d   Thumb Code    12  cpu_core.o(.text)
    CPU_SW_Exception                         0x08004389   Thumb Code     4  cpu_core.o(.text)
    CPU_NameGet                              0x0800438d   Thumb Code    70  cpu_core.o(.text)
    CPU_NameSet                              0x080043d3   Thumb Code    96  cpu_core.o(.text)
    CPU_TS_Get32                             0x08004433   Thumb Code    12  cpu_core.o(.text)
    CPU_TS_Update                            0x0800443f   Thumb Code     2  cpu_core.o(.text)
    CPU_TS_TmrFreqGet                        0x08004441   Thumb Code    30  cpu_core.o(.text)
    CPU_TS_TmrFreqSet                        0x0800445f   Thumb Code     6  cpu_core.o(.text)
    CPU_CntLeadZeros08                       0x08004465   Thumb Code    18  cpu_core.o(.text)
    CPU_CntLeadZeros16                       0x08004477   Thumb Code    18  cpu_core.o(.text)
    CPU_CntLeadZeros32                       0x08004489   Thumb Code    18  cpu_core.o(.text)
    CPU_CntLeadZeros64                       0x0800449b   Thumb Code   188  cpu_core.o(.text)
    CPU_CntTrailZeros08                      0x08004557   Thumb Code    22  cpu_core.o(.text)
    CPU_CntTrailZeros16                      0x0800456d   Thumb Code    22  cpu_core.o(.text)
    CPU_CntTrailZeros32                      0x08004583   Thumb Code    22  cpu_core.o(.text)
    CPU_CntTrailZeros64                      0x08004599   Thumb Code    62  cpu_core.o(.text)
    CPU_IntDis                               0x080045e5   Thumb Code     0  cpu_a.o(.text)
    CPU_IntEn                                0x080045e9   Thumb Code     0  cpu_a.o(.text)
    CPU_SR_Save                              0x080045ed   Thumb Code     0  cpu_a.o(.text)
    CPU_SR_Restore                           0x080045f5   Thumb Code     0  cpu_a.o(.text)
    CPU_WaitForInt                           0x080045fb   Thumb Code     0  cpu_a.o(.text)
    CPU_WaitForExcept                        0x080045ff   Thumb Code     0  cpu_a.o(.text)
    CPU_CntLeadZeros                         0x08004603   Thumb Code     0  cpu_a.o(.text)
    CPU_CntTrailZeros                        0x08004609   Thumb Code     0  cpu_a.o(.text)
    CPU_RevBits                              0x08004613   Thumb Code     0  cpu_a.o(.text)
    CPU_BitBandClr                           0x08004619   Thumb Code    58  cpu_c.o(.text)
    CPU_BitBandSet                           0x08004653   Thumb Code    58  cpu_c.o(.text)
    CPU_IntSrcDis                            0x0800468d   Thumb Code   328  cpu_c.o(.text)
    CPU_IntSrcEn                             0x080047d5   Thumb Code   328  cpu_c.o(.text)
    CPU_IntSrcPendClr                        0x0800491d   Thumb Code   164  cpu_c.o(.text)
    CPU_IntSrcPrioSet                        0x080049c1   Thumb Code   522  cpu_c.o(.text)
    CPU_IntSrcPrioGet                        0x08004bcb   Thumb Code   450  cpu_c.o(.text)
    OSIdleTaskHook                           0x08004d95   Thumb Code    16  os_cpu_c.o(.text)
    OSInitHook                               0x08004da5   Thumb Code    42  os_cpu_c.o(.text)
    OSStatTaskHook                           0x08004dcf   Thumb Code    16  os_cpu_c.o(.text)
    OSTaskCreateHook                         0x08004ddf   Thumb Code    20  os_cpu_c.o(.text)
    OSTaskDelHook                            0x08004df3   Thumb Code    20  os_cpu_c.o(.text)
    OSTaskReturnHook                         0x08004e07   Thumb Code    20  os_cpu_c.o(.text)
    OSTaskStkInit                            0x08004e1b   Thumb Code   188  os_cpu_c.o(.text)
    OSTaskSwHook                             0x08004ed7   Thumb Code   120  os_cpu_c.o(.text)
    OSTimeTickHook                           0x08004f4f   Thumb Code    16  os_cpu_c.o(.text)
    OS_CPU_SysTickHandler                    0x08004f5f   Thumb Code    52  os_cpu_c.o(.text)
    OS_CPU_SysTickInit                       0x08004f93   Thumb Code    44  os_cpu_c.o(.text)
    OSCfg_Init                               0x08005001   Thumb Code     2  os_cfg_app.o(.text)
    OS_IdleTask                              0x08005005   Thumb Code    60  os_core.o(.text)
    OS_IdleTaskInit                          0x08005041   Thumb Code    68  os_core.o(.text)
    OS_RdyListInit                           0x08005085   Thumb Code    32  os_core.o(.text)
    OSInit                                   0x080050a5   Thumb Code   288  os_core.o(.text)
    OSIntEnter                               0x080051c5   Thumb Code    34  os_core.o(.text)
    OSIntExit                                0x080051e7   Thumb Code   192  os_core.o(.text)
    OSSched                                  0x080052a7   Thumb Code   134  os_core.o(.text)
    OS_SchedLockTimeMeasStart                0x0800532d   Thumb Code    20  os_core.o(.text)
    OSSchedLock                              0x08005341   Thumb Code   104  os_core.o(.text)
    OS_SchedLockTimeMeasStop                 0x080053a9   Thumb Code    44  os_core.o(.text)
    OSSchedUnlock                            0x080053d5   Thumb Code   290  os_core.o(.text)
    OSSchedRoundRobinCfg                     0x080054f7   Thumb Code    88  os_core.o(.text)
    OS_RdyListMoveHeadToTail                 0x0800554f   Thumb Code    68  os_core.o(.text)
    OSSchedRoundRobinYield                   0x08005593   Thumb Code   164  os_core.o(.text)
    OSStart                                  0x08005637   Thumb Code    78  os_core.o(.text)
    OSVersion                                0x08005685   Thumb Code    12  os_core.o(.text)
    OS_PendDbgNameAdd                        0x08005691   Thumb Code    66  os_core.o(.text)
    OS_PendListInsertPrio                    0x080056d3   Thumb Code   102  os_core.o(.text)
    OS_PendDataInit                          0x08005739   Thumb Code    38  os_core.o(.text)
    OS_RdyListRemove                         0x0800575f   Thumb Code    86  os_core.o(.text)
    OS_TaskBlock                             0x080057b5   Thumb Code    56  os_core.o(.text)
    OS_Pend                                  0x080057ed   Thumb Code    98  os_core.o(.text)
    OS_PendListRemove1                       0x0800584f   Thumb Code   136  os_core.o(.text)
    OS_PendListRemove                        0x080058d7   Thumb Code    48  os_core.o(.text)
    OS_PendAbort1                            0x08005907   Thumb Code    36  os_core.o(.text)
    OS_RdyListInsertHead                     0x0800592b   Thumb Code    58  os_core.o(.text)
    OS_RdyListInsertTail                     0x08005965   Thumb Code    56  os_core.o(.text)
    OS_RdyListInsert                         0x0800599d   Thumb Code    40  os_core.o(.text)
    OS_TaskRdy                               0x080059c5   Thumb Code    28  os_core.o(.text)
    OS_PendAbort                             0x080059e1   Thumb Code   166  os_core.o(.text)
    OS_PendDbgNameRemove                     0x08005a87   Thumb Code    34  os_core.o(.text)
    OS_PendListChangePrio                    0x08005aa9   Thumb Code    70  os_core.o(.text)
    OS_PendListInit                          0x08005aef   Thumb Code    10  os_core.o(.text)
    OS_PendListInsertHead                    0x08005af9   Thumb Code    32  os_core.o(.text)
    OS_PendObjDel1                           0x08005b19   Thumb Code    36  os_core.o(.text)
    OS_PendObjDel                            0x08005b3d   Thumb Code   162  os_core.o(.text)
    OS_Post1                                 0x08005bdf   Thumb Code    42  os_core.o(.text)
    OS_Post                                  0x08005c09   Thumb Code   192  os_core.o(.text)
    OS_SchedRoundRobin                       0x08005cc9   Thumb Code   208  os_core.o(.text)
    OS_Dbg_Init                              0x08005da1   Thumb Code   148  os_dbg.o(.text)
    OS_FlagDbgListAdd                        0x08005f4d   Thumb Code    38  os_flag.o(.text)
    OSFlagCreate                             0x08005f73   Thumb Code   116  os_flag.o(.text)
    OS_FlagBlock                             0x08005fe7   Thumb Code    58  os_flag.o(.text)
    OSFlagPend                               0x08006021   Thumb Code   902  os_flag.o(.text)
    OSFlagPendGetFlagsRdy                    0x080063a7   Thumb Code    68  os_flag.o(.text)
    OS_FlagTaskRdy                           0x080063eb   Thumb Code    86  os_flag.o(.text)
    OS_FlagPost                              0x08006441   Thumb Code   350  os_flag.o(.text)
    OSFlagPost                               0x0800659f   Thumb Code   112  os_flag.o(.text)
    OS_FlagClr                               0x0800660f   Thumb Code    28  os_flag.o(.text)
    OS_FlagInit                              0x0800662b   Thumb Code    14  os_flag.o(.text)
    OS_FlagDbgListRemove                     0x08006639   Thumb Code    44  os_flag.o(.text)
    OS_MemDbgListAdd                         0x08006685   Thumb Code    34  os_mem.o(.text)
    OSMemCreate                              0x080066a7   Thumb Code   232  os_mem.o(.text)
    OSMemGet                                 0x0800678f   Thumb Code   100  os_mem.o(.text)
    OSMemPut                                 0x080067f3   Thumb Code   112  os_mem.o(.text)
    OS_MemInit                               0x08006863   Thumb Code    14  os_mem.o(.text)
    OS_MsgPoolInit                           0x08006881   Thumb Code   110  os_msg.o(.text)
    OS_MsgQFreeAll                           0x080068ef   Thumb Code    62  os_msg.o(.text)
    OS_MsgQInit                              0x0800692d   Thumb Code    14  os_msg.o(.text)
    OS_MsgQGet                               0x0800693b   Thumb Code    98  os_msg.o(.text)
    OS_MsgQPut                               0x0800699d   Thumb Code   254  os_msg.o(.text)
    OS_MutexDbgListAdd                       0x08006aa9   Thumb Code    38  os_mutex.o(.text)
    OSMutexCreate                            0x08006acf   Thumb Code   122  os_mutex.o(.text)
    OSMutexPend                              0x08006b49   Thumb Code   574  os_mutex.o(.text)
    OSMutexPost                              0x08006d87   Thumb Code   388  os_mutex.o(.text)
    OS_MutexClr                              0x08006f0b   Thumb Code    38  os_mutex.o(.text)
    OS_MutexDbgListRemove                    0x08006f31   Thumb Code    44  os_mutex.o(.text)
    OS_MutexInit                             0x08006f5d   Thumb Code    14  os_mutex.o(.text)
    OS_PrioInit                              0x08006f81   Thumb Code    20  os_prio.o(.text)
    OS_PrioGetHighest                        0x08006f95   Thumb Code    36  os_prio.o(.text)
    OS_PrioInsert                            0x08006fb9   Thumb Code    32  os_prio.o(.text)
    OS_PrioRemove                            0x08006fd9   Thumb Code    32  os_prio.o(.text)
    OS_QDbgListAdd                           0x08006ffd   Thumb Code    38  os_q.o(.text)
    OSQCreate                                0x08007023   Thumb Code   130  os_q.o(.text)
    OSQPend                                  0x080070a5   Thumb Code   446  os_q.o(.text)
    OSQPendAbort                             0x08007263   Thumb Code   236  os_q.o(.text)
    OS_QPost                                 0x0800734f   Thumb Code   220  os_q.o(.text)
    OSQPost                                  0x0800742b   Thumb Code   144  os_q.o(.text)
    OS_QClr                                  0x080074bb   Thumb Code    40  os_q.o(.text)
    OS_QDbgListRemove                        0x080074e3   Thumb Code    44  os_q.o(.text)
    OS_QInit                                 0x0800750f   Thumb Code    14  os_q.o(.text)
    OS_SemDbgListAdd                         0x08007531   Thumb Code    38  os_sem.o(.text)
    OSSemCreate                              0x08007557   Thumb Code   116  os_sem.o(.text)
    OSSemPend                                0x080075cb   Thumb Code   406  os_sem.o(.text)
    OSSemPendAbort                           0x08007761   Thumb Code   236  os_sem.o(.text)
    OS_SemPost                               0x0800784d   Thumb Code   322  os_sem.o(.text)
    OSSemPost                                0x0800798f   Thumb Code   108  os_sem.o(.text)
    OSSemSet                                 0x080079fb   Thumb Code   120  os_sem.o(.text)
    OS_SemClr                                0x08007a73   Thumb Code    28  os_sem.o(.text)
    OS_SemDbgListRemove                      0x08007a8f   Thumb Code    44  os_sem.o(.text)
    OS_SemInit                               0x08007abb   Thumb Code    14  os_sem.o(.text)
    OSStatReset                              0x08007ae5   Thumb Code   262  os_stat.o(.text)
    OSStatTaskCPUUsageInit                   0x08007beb   Thumb Code   212  os_stat.o(.text)
    OS_StatTask                              0x08007cbf   Thumb Code   768  os_stat.o(.text)
    OS_StatTaskInit                          0x08007fbf   Thumb Code   138  os_stat.o(.text)
    OSTaskChangePrio                         0x0800808d   Thumb Code   274  os_task.o(.text)
    OS_TaskDbgListAdd                        0x0800819f   Thumb Code    42  os_task.o(.text)
    OS_TaskInitTCB                           0x080081c9   Thumb Code   190  os_task.o(.text)
    OSTaskCreate                             0x08008287   Thumb Code   412  os_task.o(.text)
    OSTaskQFlush                             0x08008423   Thumb Code   154  os_task.o(.text)
    OSTaskQPend                              0x080084bd   Thumb Code   458  os_task.o(.text)
    OS_TaskQPost                             0x08008687   Thumb Code   220  os_task.o(.text)
    OSTaskQPost                              0x08008763   Thumb Code    82  os_task.o(.text)
    OSTaskRegGet                             0x080087b5   Thumb Code    78  os_task.o(.text)
    OSTaskRegGetID                           0x08008803   Thumb Code    84  os_task.o(.text)
    OSTaskRegSet                             0x08008857   Thumb Code    78  os_task.o(.text)
    OS_TaskResume                            0x080088a5   Thumb Code   274  os_task.o(.text)
    OSTaskResume                             0x080089b7   Thumb Code    96  os_task.o(.text)
    OSTaskSemPend                            0x08008a17   Thumb Code   464  os_task.o(.text)
    OSTaskSemPendAbort                       0x08008be7   Thumb Code   214  os_task.o(.text)
    OS_TaskSemPost                           0x08008cbd   Thumb Code   462  os_task.o(.text)
    OSTaskSemPost                            0x08008e8b   Thumb Code    62  os_task.o(.text)
    OSTaskSemSet                             0x08008ec9   Thumb Code    80  os_task.o(.text)
    OSTaskStkChk                             0x08008f19   Thumb Code   204  os_task.o(.text)
    OS_TaskSuspend                           0x08008fe5   Thumb Code   272  os_task.o(.text)
    OSTaskSuspend                            0x080090f5   Thumb Code    48  os_task.o(.text)
    OSTaskTimeQuantaSet                      0x08009125   Thumb Code    96  os_task.o(.text)
    OS_TaskDbgListRemove                     0x08009185   Thumb Code    64  os_task.o(.text)
    OS_TaskInit                              0x080091c5   Thumb Code    18  os_task.o(.text)
    OS_TaskReturn                            0x080091d7   Thumb Code    26  os_task.o(.text)
    OS_TickListRemove                        0x08009215   Thumb Code    56  os_tick.o(.text)
    OS_TickListUpdate                        0x0800924d   Thumb Code   376  os_tick.o(.text)
    OS_TickTask                              0x080093c5   Thumb Code    38  os_tick.o(.text)
    OS_TickListInit                          0x080093eb   Thumb Code    32  os_tick.o(.text)
    OS_TickTaskInit                          0x0800940b   Thumb Code   130  os_tick.o(.text)
    OS_TickListInsert                        0x0800948d   Thumb Code   430  os_tick.o(.text)
    OS_TickListResetPeak                     0x0800963b   Thumb Code    94  os_tick.o(.text)
    OSTimeDly                                0x08009699   Thumb Code   182  os_time.o(.text)
    OSTimeDlyHMSM                            0x0800974f   Thumb Code   394  os_time.o(.text)
    OSTimeGet                                0x080098d9   Thumb Code    46  os_time.o(.text)
    OSTimeSet                                0x08009907   Thumb Code    46  os_time.o(.text)
    OSTimeTick                               0x08009935   Thumb Code    68  os_time.o(.text)
    OS_TmrDbgListAdd                         0x080099a5   Thumb Code    34  os_tmr.o(.text)
    OSTmrCreate                              0x080099c7   Thumb Code   192  os_tmr.o(.text)
    OSTmrRemainGet                           0x08009a87   Thumb Code   188  os_tmr.o(.text)
    OS_TmrLink                               0x08009b43   Thumb Code   196  os_tmr.o(.text)
    OS_TmrUnlink                             0x08009c07   Thumb Code    72  os_tmr.o(.text)
    OSTmrStart                               0x08009c4f   Thumb Code   170  os_tmr.o(.text)
    OSTmrStateGet                            0x08009cf9   Thumb Code   134  os_tmr.o(.text)
    OSTmrStop                                0x08009d7f   Thumb Code   276  os_tmr.o(.text)
    OS_TmrClr                                0x08009e93   Thumb Code    36  os_tmr.o(.text)
    OS_TmrDbgListRemove                      0x08009eb7   Thumb Code    44  os_tmr.o(.text)
    OS_TmrTask                               0x08009ee3   Thumb Code   176  os_tmr.o(.text)
    OS_TmrInit                               0x08009f93   Thumb Code   208  os_tmr.o(.text)
    OS_TmrResetPeak                          0x0800a063   Thumb Code    28  os_tmr.o(.text)
    __c89vsnprintf                           0x0800a0e5   Thumb Code    48  c89vsnprintf.o(.text)
    __use_two_region_memory                  0x0800a119   Thumb Code     2  heapauxi.o(.text)
    __rt_heap_escrow$2region                 0x0800a11b   Thumb Code     2  heapauxi.o(.text)
    __rt_heap_expand$2region                 0x0800a11d   Thumb Code     2  heapauxi.o(.text)
    _printf_pre_padding                      0x0800a11f   Thumb Code    44  _printf_pad.o(.text)
    _printf_post_padding                     0x0800a14b   Thumb Code    34  _printf_pad.o(.text)
    _printf_truncate_signed                  0x0800a16d   Thumb Code    18  _printf_truncate.o(.text)
    _printf_truncate_unsigned                0x0800a17f   Thumb Code    18  _printf_truncate.o(.text)
    _printf_str                              0x0800a191   Thumb Code    82  _printf_str.o(.text)
    _printf_int_dec                          0x0800a1e5   Thumb Code   104  _printf_dec.o(.text)
    _printf_charcount                        0x0800a25d   Thumb Code    40  _printf_charcount.o(.text)
    _printf_char_common                      0x0800a28f   Thumb Code    32  _printf_char_common.o(.text)
    _sputc                                   0x0800a2b5   Thumb Code    10  _sputc.o(.text)
    _snputc                                  0x0800a2bf   Thumb Code    16  _snputc.o(.text)
    _printf_wctomb                           0x0800a2d1   Thumb Code   182  _printf_wctomb.o(.text)
    _printf_longlong_dec                     0x0800a38d   Thumb Code   108  _printf_longlong_dec.o(.text)
    _printf_longlong_oct                     0x0800a409   Thumb Code    68  _printf_oct_int_ll.o(.text)
    _printf_int_oct                          0x0800a44d   Thumb Code    24  _printf_oct_int_ll.o(.text)
    _printf_ll_oct                           0x0800a465   Thumb Code    12  _printf_oct_int_ll.o(.text)
    _printf_longlong_hex                     0x0800a479   Thumb Code    86  _printf_hex_int_ll_ptr.o(.text)
    _printf_int_hex                          0x0800a4cf   Thumb Code    28  _printf_hex_int_ll_ptr.o(.text)
    _printf_ll_hex                           0x0800a4eb   Thumb Code    12  _printf_hex_int_ll_ptr.o(.text)
    _printf_hex_ptr                          0x0800a4f7   Thumb Code    18  _printf_hex_int_ll_ptr.o(.text)
    __printf                                 0x0800a50d   Thumb Code   388  __printf_flags_ss_wp.o(.text)
    _ll_udiv10                               0x0800a695   Thumb Code   138  lludiv10.o(.text)
    _printf_int_common                       0x0800a71f   Thumb Code   178  _printf_intcommon.o(.text)
    __lib_sel_fp_printf                      0x0800a7d1   Thumb Code     2  _printf_fp_dec.o(.text)
    _printf_fp_dec_real                      0x0800a97f   Thumb Code   620  _printf_fp_dec.o(.text)
    _printf_cs_common                        0x0800abeb   Thumb Code    20  _printf_char.o(.text)
    _printf_char                             0x0800abff   Thumb Code    16  _printf_char.o(.text)
    _printf_string                           0x0800ac0f   Thumb Code     8  _printf_char.o(.text)
    _printf_lcs_common                       0x0800ac17   Thumb Code    20  _printf_wchar.o(.text)
    _printf_wchar                            0x0800ac2b   Thumb Code    16  _printf_wchar.o(.text)
    _printf_wstring                          0x0800ac3b   Thumb Code     8  _printf_wchar.o(.text)
    _wcrtomb                                 0x0800ac43   Thumb Code    64  _wcrtomb.o(.text)
    __user_setup_stackheap                   0x0800ac83   Thumb Code    74  sys_stackheap_outer.o(.text)
    __rt_ctype_table                         0x0800accd   Thumb Code    16  rt_ctype_table.o(.text)
    __rt_locale                              0x0800acdd   Thumb Code     8  rt_locale_intlibspace.o(.text)
    _printf_fp_infnan                        0x0800ace5   Thumb Code   112  _printf_fp_infnan.o(.text)
    _btod_etento                             0x0800ad65   Thumb Code   216  bigflt0.o(.text)
    exit                                     0x0800ae41   Thumb Code    12  exit.o(.text)
    __user_libspace                          0x0800ae4d   Thumb Code     8  libspace.o(.text)
    __user_perproc_libspace                  0x0800ae4d   Thumb Code     0  libspace.o(.text)
    __user_perthread_libspace                0x0800ae4d   Thumb Code     0  libspace.o(.text)
    strcmp                                   0x0800ae55   Thumb Code   128  strcmpv7m.o(.text)
    _sys_exit                                0x0800aed5   Thumb Code     8  sys_exit.o(.text)
    __I$use$semihosting                      0x0800aee1   Thumb Code     0  use_no_semi.o(.text)
    __use_no_semihosting_swi                 0x0800aee1   Thumb Code     2  use_no_semi.o(.text)
    __semihosting_library_function           0x0800aee3   Thumb Code     0  indicate_semi.o(.text)
    _btod_d2e                                0x0800aee3   Thumb Code    62  btod.o(CL$$btod_d2e)
    _d2e_denorm_low                          0x0800af21   Thumb Code    70  btod.o(CL$$btod_d2e_denorm_low)
    _d2e_norm_op1                            0x0800af67   Thumb Code    96  btod.o(CL$$btod_d2e_norm_op1)
    __btod_div_common                        0x0800afc7   Thumb Code   696  btod.o(CL$$btod_div_common)
    _e2e                                     0x0800b2ff   Thumb Code   198  btod.o(CL$$btod_e2e)
    _btod_ediv                               0x0800b3c5   Thumb Code    40  btod.o(CL$$btod_ediv)
    _btod_emul                               0x0800b3ed   Thumb Code    40  btod.o(CL$$btod_emul)
    __btod_mult_common                       0x0800b415   Thumb Code   580  btod.o(CL$$btod_mult_common)
    OSStartHighRdy                           0x0800b659   Thumb Code     0  os_cpu_a.o(CODE)
    OS_CPU_PendSVHandler                     0x0800b67b   Thumb Code     0  os_cpu_a.o(CODE)
    __ARM_fpclassify                         0x0800b6dd   Thumb Code    40  fpclassify.o(i.__ARM_fpclassify)
    _is_digit                                0x0800b705   Thumb Code    14  __printf_wp.o(i._is_digit)
    _get_lc_numeric                          0x0800b715   Thumb Code    44  lc_numeric_c.o(locale$$code)
    _get_lc_ctype                            0x0800b741   Thumb Code    44  lc_ctype_c.o(locale$$code)
    _printf_fp_dec                           0x0800b76d   Thumb Code     4  printf1.o(x$fpl$printf1)
    GPIO_PIN                                 0x0800b770   Data           8  bsp.o(.constdata)
    __I$use$fp                               0x0800b770   Number         0  usenofp.o(x$fpl$usenofp)
    GPIO_CLK                                 0x0800b778   Data          16  bsp.o(.constdata)
    OSCfg_IdleTaskStkBasePtr                 0x0800b91c   Data           4  os_cfg_app.o(.constdata)
    OSCfg_IdleTaskStkLimit                   0x0800b920   Data           4  os_cfg_app.o(.constdata)
    OSCfg_IdleTaskStkSize                    0x0800b924   Data           4  os_cfg_app.o(.constdata)
    OSCfg_IdleTaskStkSizeRAM                 0x0800b928   Data           4  os_cfg_app.o(.constdata)
    OSCfg_IntQBasePtr                        0x0800b92c   Data           4  os_cfg_app.o(.constdata)
    OSCfg_IntQSize                           0x0800b930   Data           2  os_cfg_app.o(.constdata)
    OSCfg_IntQSizeRAM                        0x0800b934   Data           4  os_cfg_app.o(.constdata)
    OSCfg_IntQTaskStkBasePtr                 0x0800b938   Data           4  os_cfg_app.o(.constdata)
    OSCfg_IntQTaskStkLimit                   0x0800b93c   Data           4  os_cfg_app.o(.constdata)
    OSCfg_IntQTaskStkSize                    0x0800b940   Data           4  os_cfg_app.o(.constdata)
    OSCfg_IntQTaskStkSizeRAM                 0x0800b944   Data           4  os_cfg_app.o(.constdata)
    OSCfg_ISRStkBasePtr                      0x0800b948   Data           4  os_cfg_app.o(.constdata)
    OSCfg_ISRStkSize                         0x0800b94c   Data           4  os_cfg_app.o(.constdata)
    OSCfg_ISRStkSizeRAM                      0x0800b950   Data           4  os_cfg_app.o(.constdata)
    OSCfg_MsgPoolSize                        0x0800b954   Data           2  os_cfg_app.o(.constdata)
    OSCfg_MsgPoolSizeRAM                     0x0800b958   Data           4  os_cfg_app.o(.constdata)
    OSCfg_MsgPoolBasePtr                     0x0800b95c   Data           4  os_cfg_app.o(.constdata)
    OSCfg_StatTaskPrio                       0x0800b960   Data           1  os_cfg_app.o(.constdata)
    OSCfg_StatTaskRate_Hz                    0x0800b964   Data           4  os_cfg_app.o(.constdata)
    OSCfg_StatTaskStkBasePtr                 0x0800b968   Data           4  os_cfg_app.o(.constdata)
    OSCfg_StatTaskStkLimit                   0x0800b96c   Data           4  os_cfg_app.o(.constdata)
    OSCfg_StatTaskStkSize                    0x0800b970   Data           4  os_cfg_app.o(.constdata)
    OSCfg_StatTaskStkSizeRAM                 0x0800b974   Data           4  os_cfg_app.o(.constdata)
    OSCfg_StkSizeMin                         0x0800b978   Data           4  os_cfg_app.o(.constdata)
    OSCfg_TickRate_Hz                        0x0800b97c   Data           4  os_cfg_app.o(.constdata)
    OSCfg_TickTaskPrio                       0x0800b980   Data           1  os_cfg_app.o(.constdata)
    OSCfg_TickTaskStkBasePtr                 0x0800b984   Data           4  os_cfg_app.o(.constdata)
    OSCfg_TickTaskStkLimit                   0x0800b988   Data           4  os_cfg_app.o(.constdata)
    OSCfg_TickTaskStkSize                    0x0800b98c   Data           4  os_cfg_app.o(.constdata)
    OSCfg_TickTaskStkSizeRAM                 0x0800b990   Data           4  os_cfg_app.o(.constdata)
    OSCfg_TickWheelSize                      0x0800b994   Data           2  os_cfg_app.o(.constdata)
    OSCfg_TickWheelSizeRAM                   0x0800b998   Data           4  os_cfg_app.o(.constdata)
    OSCfg_TmrTaskPrio                        0x0800b99c   Data           1  os_cfg_app.o(.constdata)
    OSCfg_TmrTaskRate_Hz                     0x0800b9a0   Data           4  os_cfg_app.o(.constdata)
    OSCfg_TmrTaskStkBasePtr                  0x0800b9a4   Data           4  os_cfg_app.o(.constdata)
    OSCfg_TmrTaskStkLimit                    0x0800b9a8   Data           4  os_cfg_app.o(.constdata)
    OSCfg_TmrTaskStkSize                     0x0800b9ac   Data           4  os_cfg_app.o(.constdata)
    OSCfg_TmrTaskStkSizeRAM                  0x0800b9b0   Data           4  os_cfg_app.o(.constdata)
    OSCfg_TmrWheelSize                       0x0800b9b4   Data           2  os_cfg_app.o(.constdata)
    OSCfg_TmrWheelSizeRAM                    0x0800b9b8   Data           4  os_cfg_app.o(.constdata)
    OSCfg_DataSizeRAM                        0x0800b9bc   Data           4  os_cfg_app.o(.constdata)
    OSDbg_DbgEn                              0x0800b9c0   Data           1  os_dbg.o(.constdata)
    OSDbg_ArgChkEn                           0x0800b9c1   Data           1  os_dbg.o(.constdata)
    OSDbg_AppHooksEn                         0x0800b9c2   Data           1  os_dbg.o(.constdata)
    OSDbg_EndiannessTest                     0x0800b9c4   Data           4  os_dbg.o(.constdata)
    OSDbg_CalledFromISRChkEn                 0x0800b9c8   Data           1  os_dbg.o(.constdata)
    OSDbg_FlagEn                             0x0800b9c9   Data           1  os_dbg.o(.constdata)
    OSDbg_FlagGrp                            0x0800b9cc   Data          40  os_dbg.o(.constdata)
    OSDbg_FlagDelEn                          0x0800b9f4   Data           1  os_dbg.o(.constdata)
    OSDbg_FlagModeClrEn                      0x0800b9f5   Data           1  os_dbg.o(.constdata)
    OSDbg_FlagPendAbortEn                    0x0800b9f6   Data           1  os_dbg.o(.constdata)
    OSDbg_FlagGrpSize                        0x0800b9f8   Data           2  os_dbg.o(.constdata)
    OSDbg_FlagWidth                          0x0800b9fa   Data           2  os_dbg.o(.constdata)
    OSDbg_IntQ                               0x0800b9fc   Data           2  os_dbg.o(.constdata)
    OSDbg_ISRPostDeferredEn                  0x0800b9fe   Data           1  os_dbg.o(.constdata)
    OSDbg_Mem                                0x0800ba00   Data          32  os_dbg.o(.constdata)
    OSDbg_MemEn                              0x0800ba20   Data           1  os_dbg.o(.constdata)
    OSDbg_MemSize                            0x0800ba22   Data           2  os_dbg.o(.constdata)
    OSDbg_MsgEn                              0x0800ba24   Data           1  os_dbg.o(.constdata)
    OSDbg_MsgSize                            0x0800ba26   Data           2  os_dbg.o(.constdata)
    OSDbg_MsgPoolSize                        0x0800ba28   Data           2  os_dbg.o(.constdata)
    OSDbg_MsgQSize                           0x0800ba2a   Data           2  os_dbg.o(.constdata)
    OSDbg_Mutex                              0x0800ba2c   Data          44  os_dbg.o(.constdata)
    OSDbg_MutexEn                            0x0800ba58   Data           1  os_dbg.o(.constdata)
    OSDbg_MutexDelEn                         0x0800ba59   Data           1  os_dbg.o(.constdata)
    OSDbg_MutexPendAbortEn                   0x0800ba5a   Data           1  os_dbg.o(.constdata)
    OSDbg_MutexSize                          0x0800ba5c   Data           2  os_dbg.o(.constdata)
    OSDbg_ObjTypeChkEn                       0x0800ba5e   Data           1  os_dbg.o(.constdata)
    OSDbg_PendMultiEn                        0x0800ba5f   Data           1  os_dbg.o(.constdata)
    OSDbg_PendDataSize                       0x0800ba60   Data           2  os_dbg.o(.constdata)
    OSDbg_PendListSize                       0x0800ba62   Data           2  os_dbg.o(.constdata)
    OSDbg_PendObjSize                        0x0800ba64   Data           2  os_dbg.o(.constdata)
    OSDbg_PrioMax                            0x0800ba66   Data           2  os_dbg.o(.constdata)
    OSDbg_PrioTblSize                        0x0800ba68   Data           2  os_dbg.o(.constdata)
    OSDbg_PtrSize                            0x0800ba6a   Data           2  os_dbg.o(.constdata)
    OSDbg_Q                                  0x0800ba6c   Data          48  os_dbg.o(.constdata)
    OSDbg_QEn                                0x0800ba9c   Data           1  os_dbg.o(.constdata)
    OSDbg_QDelEn                             0x0800ba9d   Data           1  os_dbg.o(.constdata)
    OSDbg_QFlushEn                           0x0800ba9e   Data           1  os_dbg.o(.constdata)
    OSDbg_QPendAbortEn                       0x0800ba9f   Data           1  os_dbg.o(.constdata)
    OSDbg_QSize                              0x0800baa0   Data           2  os_dbg.o(.constdata)
    OSDbg_SchedRoundRobinEn                  0x0800baa2   Data           1  os_dbg.o(.constdata)
    OSDbg_Sem                                0x0800baa4   Data          40  os_dbg.o(.constdata)
    OSDbg_SemEn                              0x0800bacc   Data           1  os_dbg.o(.constdata)
    OSDbg_SemDelEn                           0x0800bacd   Data           1  os_dbg.o(.constdata)
    OSDbg_SemPendAbortEn                     0x0800bace   Data           1  os_dbg.o(.constdata)
    OSDbg_SemSetEn                           0x0800bacf   Data           1  os_dbg.o(.constdata)
    OSDbg_SemSize                            0x0800bad0   Data           2  os_dbg.o(.constdata)
    OSDbg_RdyList                            0x0800bad2   Data           2  os_dbg.o(.constdata)
    OSDbg_RdyListSize                        0x0800bad4   Data           4  os_dbg.o(.constdata)
    OSDbg_StkWidth                           0x0800bad8   Data           1  os_dbg.o(.constdata)
    OSDbg_StatTaskEn                         0x0800bad9   Data           1  os_dbg.o(.constdata)
    OSDbg_StatTaskStkChkEn                   0x0800bada   Data           1  os_dbg.o(.constdata)
    OSDbg_TaskChangePrioEn                   0x0800badb   Data           1  os_dbg.o(.constdata)
    OSDbg_TaskDelEn                          0x0800badc   Data           1  os_dbg.o(.constdata)
    OSDbg_TaskQEn                            0x0800badd   Data           1  os_dbg.o(.constdata)
    OSDbg_TaskQPendAbortEn                   0x0800bade   Data           1  os_dbg.o(.constdata)
    OSDbg_TaskProfileEn                      0x0800badf   Data           1  os_dbg.o(.constdata)
    OSDbg_TaskRegTblSize                     0x0800bae0   Data           2  os_dbg.o(.constdata)
    OSDbg_TaskSemPendAbortEn                 0x0800bae2   Data           1  os_dbg.o(.constdata)
    OSDbg_TaskSuspendEn                      0x0800bae3   Data           1  os_dbg.o(.constdata)
    OSDbg_TCBSize                            0x0800bae4   Data           2  os_dbg.o(.constdata)
    OSDbg_TickSpokeSize                      0x0800bae6   Data           2  os_dbg.o(.constdata)
    OSDbg_TimeDlyHMSMEn                      0x0800bae8   Data           1  os_dbg.o(.constdata)
    OSDbg_TimeDlyResumeEn                    0x0800bae9   Data           1  os_dbg.o(.constdata)
    OSDbg_TLS_TblSize                        0x0800baea   Data           2  os_dbg.o(.constdata)
    OSDbg_Tmr                                0x0800baec   Data          52  os_dbg.o(.constdata)
    OSDbg_TmrEn                              0x0800bb20   Data           1  os_dbg.o(.constdata)
    OSDbg_TmrDelEn                           0x0800bb21   Data           1  os_dbg.o(.constdata)
    OSDbg_TmrSize                            0x0800bb22   Data           2  os_dbg.o(.constdata)
    OSDbg_TmrSpokeSize                       0x0800bb24   Data           2  os_dbg.o(.constdata)
    OSDbg_VersionNbr                         0x0800bb26   Data           2  os_dbg.o(.constdata)
    OSDbg_DataSize                           0x0800bb28   Data           4  os_dbg.o(.constdata)
    Region$$Table$$Base                      0x0800bc04   Number         0  anon$$obj.o(Region$$Table)
    Region$$Table$$Limit                     0x0800bc24   Number         0  anon$$obj.o(Region$$Table)
    __ctype                                  0x0800bc4d   Data           0  lc_ctype_c.o(locale$$data)
    GPIO_PORT                                0x20000000   Data          16  bsp.o(.data)
    Mem_PoolTbl                              0x20000024   Data           4  lib_mem.o(.data)
    CPU_TS_TmrFreq_Hz                        0x20000028   Data           4  cpu_core.o(.data)
    OS_CPU_ExceptStkBase                     0x2000002c   Data           4  os_cpu_c.o(.data)
    OSPrioTbl                                0x20000030   Data           4  os_prio.o(.data)
    OS_AppTaskCreateHookPtr                  0x20000034   Data           4  os_var.o(.data)
    OS_AppTaskDelHookPtr                     0x20000038   Data           4  os_var.o(.data)
    OS_AppTaskReturnHookPtr                  0x2000003c   Data           4  os_var.o(.data)
    OS_AppIdleTaskHookPtr                    0x20000040   Data           4  os_var.o(.data)
    OS_AppStatTaskHookPtr                    0x20000044   Data           4  os_var.o(.data)
    OS_AppTaskSwHookPtr                      0x20000048   Data           4  os_var.o(.data)
    OS_AppTimeTickHookPtr                    0x2000004c   Data           4  os_var.o(.data)
    OSIdleTaskCtr                            0x20000050   Data           4  os_var.o(.data)
    OSIntNestingCtr                          0x20000054   Data           1  os_var.o(.data)
    OSRunning                                0x20000055   Data           1  os_var.o(.data)
    OSFlagDbgListPtr                         0x20000058   Data           4  os_var.o(.data)
    OSFlagQty                                0x2000005c   Data           2  os_var.o(.data)
    OSMemDbgListPtr                          0x20000060   Data           4  os_var.o(.data)
    OSMemQty                                 0x20000064   Data           2  os_var.o(.data)
    OSMutexDbgListPtr                        0x20000068   Data           4  os_var.o(.data)
    OSMutexQty                               0x2000006c   Data           2  os_var.o(.data)
    OSPrioCur                                0x2000006e   Data           1  os_var.o(.data)
    OSPrioHighRdy                            0x2000006f   Data           1  os_var.o(.data)
    OSPrioSaved                              0x20000070   Data           1  os_var.o(.data)
    OSQDbgListPtr                            0x20000074   Data           4  os_var.o(.data)
    OSQQty                                   0x20000078   Data           2  os_var.o(.data)
    OSSchedLockTimeBegin                     0x2000007c   Data           4  os_var.o(.data)
    OSSchedLockTimeMax                       0x20000080   Data           4  os_var.o(.data)
    OSSchedLockTimeMaxCur                    0x20000084   Data           4  os_var.o(.data)
    OSSchedLockNestingCtr                    0x20000088   Data           1  os_var.o(.data)
    OSSchedRoundRobinDfltTimeQuanta          0x2000008c   Data           4  os_var.o(.data)
    OSSchedRoundRobinEn                      0x20000090   Data           1  os_var.o(.data)
    OSSemDbgListPtr                          0x20000094   Data           4  os_var.o(.data)
    OSSemQty                                 0x20000098   Data           2  os_var.o(.data)
    OSStatResetFlag                          0x2000009a   Data           1  os_var.o(.data)
    OSStatTaskCPUUsage                       0x2000009c   Data           2  os_var.o(.data)
    OSStatTaskCPUUsageMax                    0x2000009e   Data           2  os_var.o(.data)
    OSStatTaskCtr                            0x200000a0   Data           4  os_var.o(.data)
    OSStatTaskCtrMax                         0x200000a4   Data           4  os_var.o(.data)
    OSStatTaskCtrRun                         0x200000a8   Data           4  os_var.o(.data)
    OSStatTaskRdy                            0x200000ac   Data           1  os_var.o(.data)
    OSStatTaskTimeMax                        0x200000b0   Data           4  os_var.o(.data)
    OSTaskCtxSwCtr                           0x200000b4   Data           4  os_var.o(.data)
    OSTaskDbgListPtr                         0x200000b8   Data           4  os_var.o(.data)
    OSTaskQty                                0x200000bc   Data           2  os_var.o(.data)
    OSTaskRegNextAvailID                     0x200000be   Data           1  os_var.o(.data)
    OSTickCtr                                0x200000c0   Data           4  os_var.o(.data)
    OSTickTaskTimeMax                        0x200000c4   Data           4  os_var.o(.data)
    OSTmrDbgListPtr                          0x200000c8   Data           4  os_var.o(.data)
    OSTmrQty                                 0x200000cc   Data           2  os_var.o(.data)
    OSTmrTaskTimeMax                         0x200000d0   Data           4  os_var.o(.data)
    OSTmrTickCtr                             0x200000d4   Data           4  os_var.o(.data)
    OSTmrUpdateCnt                           0x200000d8   Data           4  os_var.o(.data)
    OSTmrUpdateCtr                           0x200000dc   Data           4  os_var.o(.data)
    OSTCBCurPtr                              0x200000e0   Data           4  os_var.o(.data)
    OSTCBHighRdyPtr                          0x200000e4   Data           4  os_var.o(.data)
    Mem_PoolHeap                             0x200007bc   Data          72  lib_mem.o(.bss)
    Mem_Heap                                 0x20000804   Data        9216  lib_mem.o(.bss)
    CPU_Name                                 0x20002c04   Data          16  cpu_core.o(.bss)
    OSCfg_IdleTaskStk                        0x20002c14   Data         512  os_cfg_app.o(.bss)
    OSCfg_ISRStk                             0x20002e14   Data        1024  os_cfg_app.o(.bss)
    OSCfg_MsgPool                            0x20003214   Data         800  os_cfg_app.o(.bss)
    OSCfg_StatTaskStk                        0x20003534   Data         512  os_cfg_app.o(.bss)
    OSCfg_TickTaskStk                        0x20003734   Data         512  os_cfg_app.o(.bss)
    OSCfg_TickWheel                          0x20003934   Data         128  os_cfg_app.o(.bss)
    OSCfg_TmrTaskStk                         0x200039b4   Data         512  os_cfg_app.o(.bss)
    OSCfg_TmrWheel                           0x20003bb4   Data         128  os_cfg_app.o(.bss)
    OSIdleTaskTCB                            0x20003c34   Data         196  os_var.o(.bss)
    OSMsgPool                                0x20003cf8   Data          12  os_var.o(.bss)
    OSRdyList                                0x20003d04   Data         144  os_var.o(.bss)
    OSStatTaskTCB                            0x20003d94   Data         196  os_var.o(.bss)
    OSTickTaskTCB                            0x20003e58   Data         196  os_var.o(.bss)
    OSTmrTaskTCB                             0x20003f1c   Data         196  os_var.o(.bss)
    __libspace_start                         0x20003fe0   Data          96  libspace.o(.bss)
    __temporary_stack_top$libspace           0x20004040   Data           0  libspace.o(.bss)



==============================================================================

Memory Map of the image

  Image Entry point : 0x08000185

  Load Region LR_IROM1 (Base: 0x08000000, Size: 0x0000be38, Max: 0x00100000, ABSOLUTE)

    Execution Region ER_IROM1 (Base: 0x08000000, Size: 0x0000bd50, Max: 0x00100000, ABSOLUTE)

    Base Addr    Size         Type   Attr      Idx    E Section Name        Object

    0x08000000   0x00000184   Data   RO          303    RESET               cstartup.o
    0x08000184   0x00000008   Code   RO         1179  * !!!main             c_w.l(__main.o)
    0x0800018c   0x00000034   Code   RO         1492    !!!scatter          c_w.l(__scatter.o)
    0x080001c0   0x0000001a   Code   RO         1494    !!handler_copy      c_w.l(__scatter_copy.o)
    0x080001da   0x00000002   PAD
    0x080001dc   0x0000001c   Code   RO         1496    !!handler_zi        c_w.l(__scatter_zi.o)
    0x080001f8   0x00000000   Code   RO         1265    .ARM.Collect$$_printf_percent$$00000000  c_w.l(_printf_percent.o)
    0x080001f8   0x00000006   Code   RO         1254    .ARM.Collect$$_printf_percent$$00000001  c_w.l(_printf_n.o)
    0x080001fe   0x00000006   Code   RO         1256    .ARM.Collect$$_printf_percent$$00000002  c_w.l(_printf_p.o)
    0x08000204   0x00000006   Code   RO         1261    .ARM.Collect$$_printf_percent$$00000003  c_w.l(_printf_f.o)
    0x0800020a   0x00000006   Code   RO         1262    .ARM.Collect$$_printf_percent$$00000004  c_w.l(_printf_e.o)
    0x08000210   0x00000006   Code   RO         1263    .ARM.Collect$$_printf_percent$$00000005  c_w.l(_printf_g.o)
    0x08000216   0x00000006   Code   RO         1264    .ARM.Collect$$_printf_percent$$00000006  c_w.l(_printf_a.o)
    0x0800021c   0x0000000a   Code   RO         1269    .ARM.Collect$$_printf_percent$$00000007  c_w.l(_printf_ll.o)
    0x08000226   0x00000006   Code   RO         1258    .ARM.Collect$$_printf_percent$$00000008  c_w.l(_printf_i.o)
    0x0800022c   0x00000006   Code   RO         1259    .ARM.Collect$$_printf_percent$$00000009  c_w.l(_printf_d.o)
    0x08000232   0x00000006   Code   RO         1260    .ARM.Collect$$_printf_percent$$0000000A  c_w.l(_printf_u.o)
    0x08000238   0x00000006   Code   RO         1257    .ARM.Collect$$_printf_percent$$0000000B  c_w.l(_printf_o.o)
    0x0800023e   0x00000006   Code   RO         1255    .ARM.Collect$$_printf_percent$$0000000C  c_w.l(_printf_x.o)
    0x08000244   0x00000006   Code   RO         1266    .ARM.Collect$$_printf_percent$$0000000D  c_w.l(_printf_lli.o)
    0x0800024a   0x00000006   Code   RO         1267    .ARM.Collect$$_printf_percent$$0000000E  c_w.l(_printf_lld.o)
    0x08000250   0x00000006   Code   RO         1268    .ARM.Collect$$_printf_percent$$0000000F  c_w.l(_printf_llu.o)
    0x08000256   0x00000006   Code   RO         1273    .ARM.Collect$$_printf_percent$$00000010  c_w.l(_printf_llo.o)
    0x0800025c   0x00000006   Code   RO         1274    .ARM.Collect$$_printf_percent$$00000011  c_w.l(_printf_llx.o)
    0x08000262   0x0000000a   Code   RO         1270    .ARM.Collect$$_printf_percent$$00000012  c_w.l(_printf_l.o)
    0x0800026c   0x00000006   Code   RO         1252    .ARM.Collect$$_printf_percent$$00000013  c_w.l(_printf_c.o)
    0x08000272   0x00000006   Code   RO         1253    .ARM.Collect$$_printf_percent$$00000014  c_w.l(_printf_s.o)
    0x08000278   0x00000006   Code   RO         1271    .ARM.Collect$$_printf_percent$$00000015  c_w.l(_printf_lc.o)
    0x0800027e   0x00000006   Code   RO         1272    .ARM.Collect$$_printf_percent$$00000016  c_w.l(_printf_ls.o)
    0x08000284   0x00000004   Code   RO         1304    .ARM.Collect$$_printf_percent$$00000017  c_w.l(_printf_percent_end.o)
    0x08000288   0x00000002   Code   RO         1353    .ARM.Collect$$libinit$$00000000  c_w.l(libinit.o)
    0x0800028a   0x00000000   Code   RO         1370    .ARM.Collect$$libinit$$00000002  c_w.l(libinit2.o)
    0x0800028a   0x00000000   Code   RO         1372    .ARM.Collect$$libinit$$00000004  c_w.l(libinit2.o)
    0x0800028a   0x00000000   Code   RO         1375    .ARM.Collect$$libinit$$0000000A  c_w.l(libinit2.o)
    0x0800028a   0x00000000   Code   RO         1377    .ARM.Collect$$libinit$$0000000C  c_w.l(libinit2.o)
    0x0800028a   0x00000000   Code   RO         1379    .ARM.Collect$$libinit$$0000000E  c_w.l(libinit2.o)
    0x0800028a   0x00000006   Code   RO         1380    .ARM.Collect$$libinit$$0000000F  c_w.l(libinit2.o)
    0x08000290   0x00000000   Code   RO         1382    .ARM.Collect$$libinit$$00000011  c_w.l(libinit2.o)
    0x08000290   0x0000000c   Code   RO         1383    .ARM.Collect$$libinit$$00000012  c_w.l(libinit2.o)
    0x0800029c   0x00000000   Code   RO         1384    .ARM.Collect$$libinit$$00000013  c_w.l(libinit2.o)
    0x0800029c   0x00000000   Code   RO         1386    .ARM.Collect$$libinit$$00000015  c_w.l(libinit2.o)
    0x0800029c   0x0000000a   Code   RO         1387    .ARM.Collect$$libinit$$00000016  c_w.l(libinit2.o)
    0x080002a6   0x00000000   Code   RO         1388    .ARM.Collect$$libinit$$00000017  c_w.l(libinit2.o)
    0x080002a6   0x00000000   Code   RO         1390    .ARM.Collect$$libinit$$00000019  c_w.l(libinit2.o)
    0x080002a6   0x00000000   Code   RO         1392    .ARM.Collect$$libinit$$0000001B  c_w.l(libinit2.o)
    0x080002a6   0x00000000   Code   RO         1394    .ARM.Collect$$libinit$$0000001D  c_w.l(libinit2.o)
    0x080002a6   0x00000000   Code   RO         1396    .ARM.Collect$$libinit$$0000001F  c_w.l(libinit2.o)
    0x080002a6   0x00000000   Code   RO         1398    .ARM.Collect$$libinit$$00000021  c_w.l(libinit2.o)
    0x080002a6   0x00000000   Code   RO         1400    .ARM.Collect$$libinit$$00000023  c_w.l(libinit2.o)
    0x080002a6   0x00000000   Code   RO         1402    .ARM.Collect$$libinit$$00000025  c_w.l(libinit2.o)
    0x080002a6   0x00000000   Code   RO         1406    .ARM.Collect$$libinit$$0000002C  c_w.l(libinit2.o)
    0x080002a6   0x00000000   Code   RO         1408    .ARM.Collect$$libinit$$0000002E  c_w.l(libinit2.o)
    0x080002a6   0x00000000   Code   RO         1410    .ARM.Collect$$libinit$$00000030  c_w.l(libinit2.o)
    0x080002a6   0x00000000   Code   RO         1412    .ARM.Collect$$libinit$$00000032  c_w.l(libinit2.o)
    0x080002a6   0x00000002   Code   RO         1413    .ARM.Collect$$libinit$$00000033  c_w.l(libinit2.o)
    0x080002a8   0x00000002   Code   RO         1433    .ARM.Collect$$libshutdown$$00000000  c_w.l(libshutdown.o)
    0x080002aa   0x00000000   Code   RO         1447    .ARM.Collect$$libshutdown$$00000003  c_w.l(libshutdown2.o)
    0x080002aa   0x00000000   Code   RO         1450    .ARM.Collect$$libshutdown$$00000006  c_w.l(libshutdown2.o)
    0x080002aa   0x00000000   Code   RO         1453    .ARM.Collect$$libshutdown$$00000009  c_w.l(libshutdown2.o)
    0x080002aa   0x00000000   Code   RO         1455    .ARM.Collect$$libshutdown$$0000000B  c_w.l(libshutdown2.o)
    0x080002aa   0x00000000   Code   RO         1458    .ARM.Collect$$libshutdown$$0000000E  c_w.l(libshutdown2.o)
    0x080002aa   0x00000002   Code   RO         1459    .ARM.Collect$$libshutdown$$0000000F  c_w.l(libshutdown2.o)
    0x080002ac   0x00000000   Code   RO         1181    .ARM.Collect$$rtentry$$00000000  c_w.l(__rtentry.o)
    0x080002ac   0x00000000   Code   RO         1278    .ARM.Collect$$rtentry$$00000002  c_w.l(__rtentry2.o)
    0x080002ac   0x00000006   Code   RO         1290    .ARM.Collect$$rtentry$$00000004  c_w.l(__rtentry4.o)
    0x080002b2   0x00000000   Code   RO         1280    .ARM.Collect$$rtentry$$00000009  c_w.l(__rtentry2.o)
    0x080002b2   0x00000004   Code   RO         1281    .ARM.Collect$$rtentry$$0000000A  c_w.l(__rtentry2.o)
    0x080002b6   0x00000000   Code   RO         1283    .ARM.Collect$$rtentry$$0000000C  c_w.l(__rtentry2.o)
    0x080002b6   0x00000008   Code   RO         1284    .ARM.Collect$$rtentry$$0000000D  c_w.l(__rtentry2.o)
    0x080002be   0x00000002   Code   RO         1362    .ARM.Collect$$rtexit$$00000000  c_w.l(rtexit.o)
    0x080002c0   0x00000000   Code   RO         1415    .ARM.Collect$$rtexit$$00000002  c_w.l(rtexit2.o)
    0x080002c0   0x00000004   Code   RO         1416    .ARM.Collect$$rtexit$$00000003  c_w.l(rtexit2.o)
    0x080002c4   0x00000006   Code   RO         1417    .ARM.Collect$$rtexit$$00000004  c_w.l(rtexit2.o)
    0x080002ca   0x00000002   PAD
    0x080002cc   0x00000180   Code   RO            2    .text               app.o
    0x0800044c   0x00000888   Code   RO          213    .text               bsp.o
    0x08000cd4   0x0000041c   Code   RO          236    .text               bsp_int.o
    0x080010f0   0x000002f8   Code   RO          254    .text               bsp_ser.o
    0x080013e8   0x000000b8   Code   RO          283    .text               bsp_os.o
    0x080014a0   0x00000034   Code   RO          304    .text               cstartup.o
    0x080014d4   0x00000608   Code   RO          533    .text               stm32f2xx_fsmc.o
    0x08001adc   0x0000025c   Code   RO          549    .text               stm32f2xx_gpio.o
    0x08001d38   0x00000588   Code   RO          661    .text               stm32f2xx_rcc.o
    0x080022c0   0x0000041a   Code   RO          775    .text               stm32f2xx_usart.o
    0x080026da   0x00000256   Code   RO          806    .text               lib_ascii.o
    0x08002930   0x00000ec4   Code   RO          839    .text               lib_mem.o
    0x080037f4   0x00000928   Code   RO          858    .text               lib_str.o
    0x0800411c   0x00000220   Code   RO          875    .text               lib_mem_a.o
    0x0800433c   0x000002a8   Code   RO          878    .text               cpu_core.o
    0x080045e4   0x00000034   Code   RO          904    .text               cpu_a.o
    0x08004618   0x0000077c   Code   RO          907    .text               cpu_c.o
    0x08004d94   0x0000026c   Code   RO          922    .text               os_cpu_c.o
    0x08005000   0x00000002   Code   RO          940    .text               os_cfg_app.o
    0x08005002   0x00000002   PAD
    0x08005004   0x00000d9c   Code   RO          963    .text               os_core.o
    0x08005da0   0x000001ac   Code   RO          975    .text               os_dbg.o
    0x08005f4c   0x00000738   Code   RO          990    .text               os_flag.o
    0x08006684   0x000001fc   Code   RO         1008    .text               os_mem.o
    0x08006880   0x00000228   Code   RO         1020    .text               os_msg.o
    0x08006aa8   0x000004d8   Code   RO         1032    .text               os_mutex.o
    0x08006f80   0x0000007c   Code   RO         1056    .text               os_prio.o
    0x08006ffc   0x00000534   Code   RO         1075    .text               os_q.o
    0x08007530   0x000005b4   Code   RO         1087    .text               os_sem.o
    0x08007ae4   0x000005a8   Code   RO         1099    .text               os_stat.o
    0x0800808c   0x00001188   Code   RO         1111    .text               os_task.o
    0x08009214   0x00000484   Code   RO         1123    .text               os_tick.o
    0x08009698   0x0000030c   Code   RO         1135    .text               os_time.o
    0x080099a4   0x00000740   Code   RO         1147    .text               os_tmr.o
    0x0800a0e4   0x00000034   Code   RO         1175    .text               c_w.l(c89vsnprintf.o)
    0x0800a118   0x00000006   Code   RO         1177    .text               c_w.l(heapauxi.o)
    0x0800a11e   0x0000004e   Code   RO         1184    .text               c_w.l(_printf_pad.o)
    0x0800a16c   0x00000024   Code   RO         1186    .text               c_w.l(_printf_truncate.o)
    0x0800a190   0x00000052   Code   RO         1188    .text               c_w.l(_printf_str.o)
    0x0800a1e2   0x00000002   PAD
    0x0800a1e4   0x00000078   Code   RO         1190    .text               c_w.l(_printf_dec.o)
    0x0800a25c   0x00000028   Code   RO         1192    .text               c_w.l(_printf_charcount.o)
    0x0800a284   0x00000030   Code   RO         1194    .text               c_w.l(_printf_char_common.o)
    0x0800a2b4   0x0000000a   Code   RO         1196    .text               c_w.l(_sputc.o)
    0x0800a2be   0x00000010   Code   RO         1198    .text               c_w.l(_snputc.o)
    0x0800a2ce   0x00000002   PAD
    0x0800a2d0   0x000000bc   Code   RO         1200    .text               c_w.l(_printf_wctomb.o)
    0x0800a38c   0x0000007c   Code   RO         1203    .text               c_w.l(_printf_longlong_dec.o)
    0x0800a408   0x00000070   Code   RO         1209    .text               c_w.l(_printf_oct_int_ll.o)
    0x0800a478   0x00000094   Code   RO         1229    .text               c_w.l(_printf_hex_int_ll_ptr.o)
    0x0800a50c   0x00000188   Code   RO         1249    .text               c_w.l(__printf_flags_ss_wp.o)
    0x0800a694   0x0000008a   Code   RO         1292    .text               c_w.l(lludiv10.o)
    0x0800a71e   0x000000b2   Code   RO         1294    .text               c_w.l(_printf_intcommon.o)
    0x0800a7d0   0x0000041a   Code   RO         1296    .text               c_w.l(_printf_fp_dec.o)
    0x0800abea   0x0000002c   Code   RO         1300    .text               c_w.l(_printf_char.o)
    0x0800ac16   0x0000002c   Code   RO         1302    .text               c_w.l(_printf_wchar.o)
    0x0800ac42   0x00000040   Code   RO         1305    .text               c_w.l(_wcrtomb.o)
    0x0800ac82   0x0000004a   Code   RO         1307    .text               c_w.l(sys_stackheap_outer.o)
    0x0800accc   0x00000010   Code   RO         1309    .text               c_w.l(rt_ctype_table.o)
    0x0800acdc   0x00000008   Code   RO         1314    .text               c_w.l(rt_locale_intlibspace.o)
    0x0800ace4   0x00000080   Code   RO         1316    .text               c_w.l(_printf_fp_infnan.o)
    0x0800ad64   0x000000dc   Code   RO         1318    .text               c_w.l(bigflt0.o)
    0x0800ae40   0x0000000c   Code   RO         1346    .text               c_w.l(exit.o)
    0x0800ae4c   0x00000008   Code   RO         1359    .text               c_w.l(libspace.o)
    0x0800ae54   0x00000080   Code   RO         1367    .text               c_w.l(strcmpv7m.o)
    0x0800aed4   0x0000000c   Code   RO         1425    .text               c_w.l(sys_exit.o)
    0x0800aee0   0x00000002   Code   RO         1436    .text               c_w.l(use_no_semi.o)
    0x0800aee2   0x00000000   Code   RO         1438    .text               c_w.l(indicate_semi.o)
    0x0800aee2   0x0000003e   Code   RO         1321    CL$$btod_d2e        c_w.l(btod.o)
    0x0800af20   0x00000046   Code   RO         1323    CL$$btod_d2e_denorm_low  c_w.l(btod.o)
    0x0800af66   0x00000060   Code   RO         1322    CL$$btod_d2e_norm_op1  c_w.l(btod.o)
    0x0800afc6   0x00000338   Code   RO         1331    CL$$btod_div_common  c_w.l(btod.o)
    0x0800b2fe   0x000000c6   Code   RO         1328    CL$$btod_e2e        c_w.l(btod.o)
    0x0800b3c4   0x00000028   Code   RO         1325    CL$$btod_ediv       c_w.l(btod.o)
    0x0800b3ec   0x00000028   Code   RO         1324    CL$$btod_emul       c_w.l(btod.o)
    0x0800b414   0x00000244   Code   RO         1330    CL$$btod_mult_common  c_w.l(btod.o)
    0x0800b658   0x00000084   Code   RO          919    CODE                os_cpu_a.o
    0x0800b6dc   0x00000028   Code   RO         1357    i.__ARM_fpclassify  m_ws.l(fpclassify.o)
    0x0800b704   0x0000000e   Code   RO         1242    i._is_digit         c_w.l(__printf_wp.o)
    0x0800b712   0x00000002   PAD
    0x0800b714   0x0000002c   Code   RO         1344    locale$$code        c_w.l(lc_numeric_c.o)
    0x0800b740   0x0000002c   Code   RO         1365    locale$$code        c_w.l(lc_ctype_c.o)
    0x0800b76c   0x00000004   Code   RO         1275    x$fpl$printf1       fz_ws.l(printf1.o)
    0x0800b770   0x00000000   Code   RO         1356    x$fpl$usenofp       fz_ws.l(usenofp.o)
    0x0800b770   0x00000018   Data   RO          214    .constdata          bsp.o
    0x0800b788   0x00000094   Data   RO          859    .constdata          lib_str.o
    0x0800b81c   0x00000100   Data   RO          880    .constdata          cpu_core.o
    0x0800b91c   0x000000a4   Data   RO          942    .constdata          os_cfg_app.o
    0x0800b9c0   0x0000016c   Data   RO          976    .constdata          os_dbg.o
    0x0800bb2c   0x00000008   Data   RO         1201    .constdata          c_w.l(_printf_wctomb.o)
    0x0800bb34   0x00000028   Data   RO         1230    .constdata          c_w.l(_printf_hex_int_ll_ptr.o)
    0x0800bb5c   0x00000011   Data   RO         1250    .constdata          c_w.l(__printf_flags_ss_wp.o)
    0x0800bb6d   0x00000003   PAD
    0x0800bb70   0x00000094   Data   RO         1319    .constdata          c_w.l(bigflt0.o)
    0x0800bc04   0x00000020   Data   RO         1490    Region$$Table       anon$$obj.o
    0x0800bc24   0x0000001c   Data   RO         1343    locale$$data        c_w.l(lc_numeric_c.o)
    0x0800bc40   0x00000110   Data   RO         1364    locale$$data        c_w.l(lc_ctype_c.o)


    Execution Region RW_IRAM1 (Base: 0x20000000, Size: 0x00004640, Max: 0x00020000, ABSOLUTE)

    Base Addr    Size         Type   Attr      Idx    E Section Name        Object

    0x20000000   0x00000010   Data   RW          215    .data               bsp.o
    0x20000010   0x00000001   Data   RW          256    .data               bsp_ser.o
    0x20000011   0x00000010   Data   RW          662    .data               stm32f2xx_rcc.o
    0x20000021   0x00000003   PAD
    0x20000024   0x00000004   Data   RW          841    .data               lib_mem.o
    0x20000028   0x00000004   Data   RW          881    .data               cpu_core.o
    0x2000002c   0x00000004   Data   RW          923    .data               os_cpu_c.o
    0x20000030   0x00000004   Data   RW         1057    .data               os_prio.o
    0x20000034   0x000000b4   Data   RW         1160    .data               os_var.o
    0x200000e8   0x00000518   Zero   RW            3    .bss                app.o
    0x20000600   0x00000144   Zero   RW          237    .bss                bsp_int.o
    0x20000744   0x00000078   Zero   RW          255    .bss                bsp_ser.o
    0x200007bc   0x00002448   Zero   RW          840    .bss                lib_mem.o
    0x20002c04   0x00000010   Zero   RW          879    .bss                cpu_core.o
    0x20002c14   0x00001020   Zero   RW          941    .bss                os_cfg_app.o
    0x20003c34   0x000003ac   Zero   RW         1159    .bss                os_var.o
    0x20003fe0   0x00000060   Zero   RW         1360    .bss                c_w.l(libspace.o)
    0x20004040   0x00000200   Zero   RW          302    HEAP                cstartup.o
    0x20004240   0x00000400   Zero   RW          301    STACK               cstartup.o


==============================================================================

Image component sizes


      Code (inc. data)   RO Data    RW Data    ZI Data      Debug   Object Name

       384        142          0          0       1304     281967   app.o
      2184         78         24         16          0       4074   bsp.o
      1052          8          0          0        324      13550   bsp_int.o
       184          4          0          0          0       2254   bsp_os.o
       760         72          0          1        120       3760   bsp_ser.o
        52          0          0          0          0        336   cpu_a.o
      1916        102          0          0          0       3449   cpu_c.o
       680         14        256          4         16      14188   cpu_core.o
        52         24        388          0       1536        700   cstartup.o
       598          0          0          0          0       3708   lib_ascii.o
      3780         62          0          4       9288      24468   lib_mem.o
       544          0          0          0          0        484   lib_mem_a.o
      2344          4        148          0          0      13106   lib_str.o
         2          0        164          0       4128      19570   os_cfg_app.o
      3484        272          0          0          0      11855   os_core.o
       132         32          0          0          0        364   os_cpu_a.o
       620         66          0          4          0       3685   os_cpu_c.o
       428        280        364          0          0       4813   os_dbg.o
      1848         68          0          0          0       5625   os_flag.o
       508         16          0          0          0       2668   os_mem.o
       552         14          0          0          0       2630   os_msg.o
      1240         62          0          0          0       3442   os_mutex.o
       124          4          0          4          0       1780   os_prio.o
      1332         48          0          0          0       4724   os_q.o
      1460         56          0          0          0       5147   os_sem.o
      1448        150          0          0          0       2749   os_stat.o
      4488        156          0          0          0      11715   os_task.o
      1156         74          0          0          0       3193   os_tick.o
       780         44          0          0          0       2601   os_time.o
      1856        132          0          0          0       6025   os_tmr.o
         0          0          0        180        940      18089   os_var.o
      1544         14          0          0          0       5383   stm32f2xx_fsmc.o
       604         36          0          0          0       3941   stm32f2xx_gpio.o
      1416         48          0         16          0      10923   stm32f2xx_rcc.o
      1050         26          0          0          0       7648   stm32f2xx_usart.o

    ----------------------------------------------------------------------
     40604       2108       1376        232      17656     504614   Object Totals
         0          0         32          0          0          0   (incl. Generated)
         2          0          0          3          0          0   (incl. Padding)

    ----------------------------------------------------------------------

      Code (inc. data)   RO Data    RW Data    ZI Data      Debug   Library Member Name

         8          0          0          0          0         68   __main.o
       392          4         17          0          0         92   __printf_flags_ss_wp.o
        14          0          0          0          0         68   __printf_wp.o
         0          0          0          0          0          0   __rtentry.o
        12          0          0          0          0          0   __rtentry2.o
         6          0          0          0          0          0   __rtentry4.o
        52          8          0          0          0          0   __scatter.o
        26          0          0          0          0          0   __scatter_copy.o
        28          0          0          0          0          0   __scatter_zi.o
         6          0          0          0          0          0   _printf_a.o
         6          0          0          0          0          0   _printf_c.o
        44          0          0          0          0        108   _printf_char.o
        48          6          0          0          0         96   _printf_char_common.o
        40          0          0          0          0         68   _printf_charcount.o
         6          0          0          0          0          0   _printf_d.o
       120         16          0          0          0         92   _printf_dec.o
         6          0          0          0          0          0   _printf_e.o
         6          0          0          0          0          0   _printf_f.o
      1050          0          0          0          0        216   _printf_fp_dec.o
       128         16          0          0          0         84   _printf_fp_infnan.o
         6          0          0          0          0          0   _printf_g.o
       148          4         40          0          0        160   _printf_hex_int_ll_ptr.o
         6          0          0          0          0          0   _printf_i.o
       178          0          0          0          0         88   _printf_intcommon.o
        10          0          0          0          0          0   _printf_l.o
         6          0          0          0          0          0   _printf_lc.o
        10          0          0          0          0          0   _printf_ll.o
         6          0          0          0          0          0   _printf_lld.o
         6          0          0          0          0          0   _printf_lli.o
         6          0          0          0          0          0   _printf_llo.o
         6          0          0          0          0          0   _printf_llu.o
         6          0          0          0          0          0   _printf_llx.o
       124         16          0          0          0         92   _printf_longlong_dec.o
         6          0          0          0          0          0   _printf_ls.o
         6          0          0          0          0          0   _printf_n.o
         6          0          0          0          0          0   _printf_o.o
       112          8          0          0          0        124   _printf_oct_int_ll.o
         6          0          0          0          0          0   _printf_p.o
        78          0          0          0          0        108   _printf_pad.o
         0          0          0          0          0          0   _printf_percent.o
         4          0          0          0          0          0   _printf_percent_end.o
         6          0          0          0          0          0   _printf_s.o
        82          0          0          0          0         80   _printf_str.o
        36          0          0          0          0         84   _printf_truncate.o
         6          0          0          0          0          0   _printf_u.o
        44          0          0          0          0        108   _printf_wchar.o
       188          6          8          0          0         92   _printf_wctomb.o
         6          0          0          0          0          0   _printf_x.o
        16          0          0          0          0         68   _snputc.o
        10          0          0          0          0         68   _sputc.o
        64          0          0          0          0         92   _wcrtomb.o
       220          4        148          0          0         96   bigflt0.o
      1910        128          0          0          0        672   btod.o
        52          4          0          0          0         80   c89vsnprintf.o
        12          0          0          0          0         72   exit.o
         6          0          0          0          0        152   heapauxi.o
         0          0          0          0          0          0   indicate_semi.o
        44         10        272          0          0         76   lc_ctype_c.o
        44         10         28          0          0         76   lc_numeric_c.o
         2          0          0          0          0          0   libinit.o
        30          0          0          0          0          0   libinit2.o
         2          0          0          0          0          0   libshutdown.o
         2          0          0          0          0          0   libshutdown2.o
         8          4          0          0         96         68   libspace.o
       138          0          0          0          0         80   lludiv10.o
        16          4          0          0          0         76   rt_ctype_table.o
         8          4          0          0          0         68   rt_locale_intlibspace.o
         2          0          0          0          0          0   rtexit.o
        10          0          0          0          0          0   rtexit2.o
       128          0          0          0          0         68   strcmpv7m.o
        12          4          0          0          0         68   sys_exit.o
        74          0          0          0          0         80   sys_stackheap_outer.o
         2          0          0          0          0         68   use_no_semi.o
         4          0          0          0          0         68   printf1.o
         0          0          0          0          0          0   usenofp.o
        40          0          0          0          0         68   fpclassify.o

    ----------------------------------------------------------------------
      5968        256        516          0         96       3992   Library Totals
        10          0          3          0          0          0   (incl. Padding)

    ----------------------------------------------------------------------

      Code (inc. data)   RO Data    RW Data    ZI Data      Debug   Library Name

      5914        256        513          0         96       3856   c_w.l
         4          0          0          0          0         68   fz_ws.l
        40          0          0          0          0         68   m_ws.l

    ----------------------------------------------------------------------
      5968        256        516          0         96       3992   Library Totals

    ----------------------------------------------------------------------

==============================================================================


      Code (inc. data)   RO Data    RW Data    ZI Data      Debug   

     46572       2364       1892        232      17752     503350   Grand Totals
     46572       2364       1892        232      17752     503350   ELF Image Totals
     46572       2364       1892        232          0          0   ROM Totals

==============================================================================

    Total RO  Size (Code + RO Data)                48464 (  47.33kB)
    Total RW  Size (RW Data + ZI Data)             17984 (  17.56kB)
    Total ROM Size (Code + RO Data + RW Data)      48696 (  47.55kB)

==============================================================================

