Component: ARM Compiler 5.05 update 1 (build 106) Tool: armlink [4d0efa]

==============================================================================

Section Cross References

    app.o(.text) refers to ff.o(.text) for f_mount
    app.o(.text) refers to strcpy.o(.text) for strcpy
    app.o(.text) refers to strcat.o(.text) for strcat
    app.o(.text) refers to bsp_ser.o(.text) for BSP_Ser_Printf
    app.o(.text) refers to os_time.o(.text) for OSTimeDlyHMSM
    app.o(.text) refers to os_task.o(.text) for OSTaskCreate
    app.o(.text) refers to bsp.o(.text) for BSP_Init
    app.o(.text) refers to cpu_core.o(.text) for CPU_Init
    app.o(.text) refers to lib_mem.o(.text) for Mem_Init
    app.o(.text) refers to bsp_int.o(.text) for BSP_IntDisAll
    app.o(.text) refers to os_core.o(.text) for OSInit
    app.o(.text) refers to app.o(.bss) for AppSystemStk
    os_app_hooks.o(.text) refers to cpu_a.o(.text) for CPU_SR_Save
    os_app_hooks.o(.text) refers to os_var.o(.data) for OS_AppTaskCreateHookPtr
    bsp.o(.text) refers to stm32f2xx_rcc.o(.text) for RCC_AHB1PeriphClockCmd
    bsp.o(.text) refers to stm32f2xx_gpio.o(.text) for GPIO_Init
    bsp.o(.text) refers to os_cpu_c.o(.text) for OS_CPU_SysTickInit
    bsp.o(.text) refers to cpu_core.o(.text) for CPU_TS_TmrFreqSet
    bsp.o(.text) refers to os_cfg_app.o(.constdata) for OSCfg_TickRate_Hz
    bsp_int.o(.text) refers to cpu_c.o(.text) for CPU_IntSrcDis
    bsp_int.o(.text) refers to cpu_a.o(.text) for CPU_IntDis
    bsp_int.o(.text) refers to os_core.o(.text) for OSIntEnter
    bsp_int.o(.text) refers to bsp_int.o(.bss) for BSP_IntVectTbl
    bsp_ser.o(.text) refers to stm32f2xx_usart.o(.text) for USART_ReceiveData
    bsp_ser.o(.text) refers to bsp_os.o(.text) for BSP_OS_SemPost
    bsp_ser.o(.text) refers to stm32f2xx_rcc.o(.text) for RCC_AHB1PeriphClockCmd
    bsp_ser.o(.text) refers to stm32f2xx_gpio.o(.text) for GPIO_Init
    bsp_ser.o(.text) refers to bsp_int.o(.text) for BSP_IntVectSet
    bsp_ser.o(.text) refers to c89vsnprintf.o(.text) for __c89vsnprintf
    bsp_ser.o(.text) refers to lib_ascii.o(.text) for ASCII_IsPrint
    bsp_ser.o(.text) refers to bsp_ser.o(.data) for BSP_SerRxData
    bsp_ser.o(.text) refers to bsp_ser.o(.bss) for BSP_SerRxWait
    bsp_os.o(.text) refers to os_sem.o(.text) for OSSemCreate
    bsp_os.o(.text) refers to os_time.o(.text) for OSTimeDlyHMSM
    bsp_os.o(.text) refers to os_cfg_app.o(.constdata) for OSCfg_TickRate_Hz
    bsp_sdio.o(.text) refers to stm32f2xx_sdio.o(.text) for SDIO_SendCommand
    bsp_sdio.o(.text) refers to stm32f2xx_rcc.o(.text) for RCC_AHB1PeriphClockCmd
    bsp_sdio.o(.text) refers to stm32f2xx_gpio.o(.text) for GPIO_Init
    bsp_sdio.o(.text) refers to bsp_sdio.o(.bss) for SDIO_CmdInitStructure
    bsp_sdio.o(.text) refers to bsp_os.o(.text) for BSP_OS_SemWait
    bsp_sdio.o(.text) refers to bsp_sdio.o(.data) for card_capacity
    cstartup.o(STACK) refers (Special) to heapauxi.o(.text) for __use_two_region_memory
    cstartup.o(HEAP) refers (Special) to heapauxi.o(.text) for __use_two_region_memory
    cstartup.o(RESET) refers (Special) to heapauxi.o(.text) for __use_two_region_memory
    cstartup.o(RESET) refers to cstartup.o(STACK) for __initial_sp
    cstartup.o(RESET) refers to cstartup.o(.text) for Reset_Handler
    cstartup.o(RESET) refers to os_cpu_a.o(CODE) for OS_CPU_PendSVHandler
    cstartup.o(RESET) refers to os_cpu_c.o(.text) for OS_CPU_SysTickHandler
    cstartup.o(RESET) refers to bsp_int.o(.text) for BSP_IntHandlerWWDG
    cstartup.o(.text) refers (Special) to heapauxi.o(.text) for __use_two_region_memory
    cstartup.o(.text) refers to system_stm32f2xx.o(.text) for SystemInit
    cstartup.o(.text) refers to __main.o(!!!main) for __main
    cstartup.o(.text) refers to cstartup.o(HEAP) for Heap_Mem
    cstartup.o(.text) refers to cstartup.o(STACK) for Stack_Mem
    stm32f2xx_adc.o(.text) refers to stm32f2xx_rcc.o(.text) for RCC_APB2PeriphResetCmd
    stm32f2xx_can.o(.text) refers to stm32f2xx_rcc.o(.text) for RCC_APB1PeriphResetCmd
    stm32f2xx_cryp.o(.text) refers to stm32f2xx_rcc.o(.text) for RCC_AHB2PeriphResetCmd
    stm32f2xx_cryp_aes.o(.text) refers to stm32f2xx_cryp.o(.text) for CRYP_KeyStructInit
    stm32f2xx_cryp_des.o(.text) refers to stm32f2xx_cryp.o(.text) for CRYP_KeyStructInit
    stm32f2xx_cryp_tdes.o(.text) refers to stm32f2xx_cryp.o(.text) for CRYP_KeyStructInit
    stm32f2xx_dac.o(.text) refers to stm32f2xx_rcc.o(.text) for RCC_APB1PeriphResetCmd
    stm32f2xx_gpio.o(.text) refers to stm32f2xx_rcc.o(.text) for RCC_AHB1PeriphResetCmd
    stm32f2xx_hash.o(.text) refers to stm32f2xx_rcc.o(.text) for RCC_AHB2PeriphResetCmd
    stm32f2xx_hash_md5.o(.text) refers to stm32f2xx_hash.o(.text) for HASH_DeInit
    stm32f2xx_hash_sha1.o(.text) refers to stm32f2xx_hash.o(.text) for HASH_DeInit
    stm32f2xx_i2c.o(.text) refers to stm32f2xx_rcc.o(.text) for RCC_APB1PeriphResetCmd
    stm32f2xx_pwr.o(.text) refers to stm32f2xx_rcc.o(.text) for RCC_APB1PeriphResetCmd
[...]
    __user_initial_stackheap                 0x080015fd   Thumb Code     0  cstartup.o(.text)
    GPIO_DeInit                              0x08001621   Thumb Code   220  stm32f2xx_gpio.o(.text)
    GPIO_Init                                0x080016fd   Thumb Code   144  stm32f2xx_gpio.o(.text)
    GPIO_StructInit                          0x0800178d   Thumb Code    18  stm32f2xx_gpio.o(.text)
    GPIO_PinLockConfig                       0x0800179f   Thumb Code    34  stm32f2xx_gpio.o(.text)
    GPIO_ReadInputDataBit                    0x080017c1   Thumb Code    18  stm32f2xx_gpio.o(.text)
    GPIO_ReadInputData                       0x080017d3   Thumb Code     8  stm32f2xx_gpio.o(.text)
    GPIO_ReadOutputDataBit                   0x080017db   Thumb Code    18  stm32f2xx_gpio.o(.text)
    GPIO_ReadOutputData                      0x080017ed   Thumb Code     8  stm32f2xx_gpio.o(.text)
    GPIO_SetBits                             0x080017f5   Thumb Code     4  stm32f2xx_gpio.o(.text)
    GPIO_ResetBits                           0x080017f9   Thumb Code     4  stm32f2xx_gpio.o(.text)
    GPIO_WriteBit                            0x080017fd   Thumb Code    10  stm32f2xx_gpio.o(.text)
    GPIO_Write                               0x08001807   Thumb Code     4  stm32f2xx_gpio.o(.text)
    GPIO_ToggleBits                          0x0800180b   Thumb Code     8  stm32f2xx_gpio.o(.text)
    GPIO_PinAFConfig                         0x08001813   Thumb Code    70  stm32f2xx_gpio.o(.text)
    RCC_DeInit                               0x0800187d   Thumb Code    60  stm32f2xx_rcc.o(.text)
    RCC_HSEConfig                            0x080018b9   Thumb Code    14  stm32f2xx_rcc.o(.text)
    RCC_GetFlagStatus                        0x080018c7   Thumb Code    60  stm32f2xx_rcc.o(.text)
    RCC_WaitForHSEStartUp                    0x08001903   Thumb Code    56  stm32f2xx_rcc.o(.text)
    RCC_AdjustHSICalibrationValue            0x0800193b   Thumb Code    20  stm32f2xx_rcc.o(.text)
    RCC_HSICmd                               0x0800194f   Thumb Code     6  stm32f2xx_rcc.o(.text)
    RCC_LSEConfig                            0x08001955   Thumb Code    46  stm32f2xx_rcc.o(.text)
    RCC_LSICmd                               0x08001983   Thumb Code     6  stm32f2xx_rcc.o(.text)
    RCC_PLLConfig                            0x08001989   Thumb Code    32  stm32f2xx_rcc.o(.text)
    RCC_PLLCmd                               0x080019a9   Thumb Code     6  stm32f2xx_rcc.o(.text)
    RCC_PLLI2SConfig                         0x080019af   Thumb Code    14  stm32f2xx_rcc.o(.text)
    RCC_PLLI2SCmd                            0x080019bd   Thumb Code     6  stm32f2xx_rcc.o(.text)
    RCC_ClockSecuritySystemCmd               0x080019c3   Thumb Code     6  stm32f2xx_rcc.o(.text)
    RCC_MCO1Config                           0x080019c9   Thumb Code    28  stm32f2xx_rcc.o(.text)
    RCC_MCO2Config                           0x080019e5   Thumb Code    28  stm32f2xx_rcc.o(.text)
    RCC_SYSCLKConfig                         0x08001a01   Thumb Code    20  stm32f2xx_rcc.o(.text)
    RCC_GetSYSCLKSource                      0x08001a15   Thumb Code    12  stm32f2xx_rcc.o(.text)
    RCC_HCLKConfig                           0x08001a21   Thumb Code    20  stm32f2xx_rcc.o(.text)
    RCC_PCLK1Config                          0x08001a35   Thumb Code    20  stm32f2xx_rcc.o(.text)
    RCC_PCLK2Config                          0x08001a49   Thumb Code    22  stm32f2xx_rcc.o(.text)
    RCC_GetClocksFreq                        0x08001a5f   Thumb Code   222  stm32f2xx_rcc.o(.text)
    RCC_RTCCLKConfig                         0x08001b3d   Thumb Code    54  stm32f2xx_rcc.o(.text)
    RCC_RTCCLKCmd                            0x08001b73   Thumb Code     8  stm32f2xx_rcc.o(.text)
    RCC_BackupResetCmd                       0x08001b7b   Thumb Code     8  stm32f2xx_rcc.o(.text)
    RCC_I2SCLKConfig                         0x08001b83   Thumb Code     6  stm32f2xx_rcc.o(.text)
    RCC_AHB1PeriphClockCmd                   0x08001b89   Thumb Code    34  stm32f2xx_rcc.o(.text)
    RCC_AHB2PeriphClockCmd                   0x08001bab   Thumb Code    34  stm32f2xx_rcc.o(.text)
    RCC_AHB3PeriphClockCmd                   0x08001bcd   Thumb Code    34  stm32f2xx_rcc.o(.text)
    RCC_APB1PeriphClockCmd                   0x08001bef   Thumb Code    34  stm32f2xx_rcc.o(.text)
    RCC_APB2PeriphClockCmd                   0x08001c11   Thumb Code    34  stm32f2xx_rcc.o(.text)
    RCC_AHB1PeriphResetCmd                   0x08001c33   Thumb Code    34  stm32f2xx_rcc.o(.text)
    RCC_AHB2PeriphResetCmd                   0x08001c55   Thumb Code    72  stm32f2xx_rcc.o(.text)
    RCC_AHB3PeriphResetCmd                   0x08001c9d   Thumb Code    34  stm32f2xx_rcc.o(.text)
    RCC_APB1PeriphResetCmd                   0x08001cbf   Thumb Code    34  stm32f2xx_rcc.o(.text)
    RCC_APB2PeriphResetCmd                   0x08001ce1   Thumb Code    34  stm32f2xx_rcc.o(.text)
    RCC_AHB1PeriphClockLPModeCmd             0x08001d03   Thumb Code    34  stm32f2xx_rcc.o(.text)
    RCC_AHB2PeriphClockLPModeCmd             0x08001d25   Thumb Code    34  stm32f2xx_rcc.o(.text)
    RCC_AHB3PeriphClockLPModeCmd             0x08001d47   Thumb Code    34  stm32f2xx_rcc.o(.text)
    RCC_APB1PeriphClockLPModeCmd             0x08001d69   Thumb Code    34  stm32f2xx_rcc.o(.text)
    RCC_APB2PeriphClockLPModeCmd             0x08001d8b   Thumb Code    34  stm32f2xx_rcc.o(.text)
    RCC_ITConfig                             0x08001dad   Thumb Code    34  stm32f2xx_rcc.o(.text)
    RCC_ClearFlag                            0x08001dcf   Thumb Code    18  stm32f2xx_rcc.o(.text)
    RCC_GetITStatus                          0x08001de1   Thumb Code    22  stm32f2xx_rcc.o(.text)
    RCC_ClearITPendingBit                    0x08001df7   Thumb Code     8  stm32f2xx_rcc.o(.text)
    SDIO_DeInit                              0x08001e05   Thumb Code    22  stm32f2xx_sdio.o(.text)
    SDIO_Init                                0x08001e1b   Thumb Code    42  stm32f2xx_sdio.o(.text)
    SDIO_StructInit                          0x08001e45   Thumb Code    16  stm32f2xx_sdio.o(.text)
    SDIO_ClockCmd                            0x08001e55   Thumb Code     6  stm32f2xx_sdio.o(.text)
    SDIO_SetPowerState                       0x08001e5b   Thumb Code    26  stm32f2xx_sdio.o(.text)
    SDIO_GetPowerState                       0x08001e75   Thumb Code    12  stm32f2xx_sdio.o(.text)
    SDIO_SendCommand                         0x08001e81   Thumb Code    42  stm32f2xx_sdio.o(.text)
    SDIO_CmdStructInit                       0x08001eab   Thumb Code    14  stm32f2xx_sdio.o(.text)
    SDIO_GetCommandResponse                  0x08001eb9   Thumb Code    10  stm32f2xx_sdio.o(.text)
    SDIO_GetResponse                         0x08001ec3   Thumb Code    22  stm32f2xx_sdio.o(.text)
    SDIO_DataConfig                          0x08001ed9   Thumb Code    48  stm32f2xx_sdio.o(.text)
    SDIO_DataStructInit                      0x08001f09   Thumb Code    20  stm32f2xx_sdio.o(.text)
    SDIO_GetDataCounter                      0x08001f1d   Thumb Code     8  stm32f2xx_sdio.o(.text)
    SDIO_ReadData                            0x08001f25   Thumb Code     8  stm32f2xx_sdio.o(.text)
    SDIO_WriteData                           0x08001f2d   Thumb Code     8  stm32f2xx_sdio.o(.text)
    SDIO_GetFIFOCount                        0x08001f35   Thumb Code     8  stm32f2xx_sdio.o(.text)
    SDIO_StartSDIOReadWait                   0x08001f3d   Thumb Code     6  stm32f2xx_sdio.o(.text)
    SDIO_StopSDIOReadWait                    0x08001f43   Thumb Code     8  stm32f2xx_sdio.o(.text)
    SDIO_SetSDIOReadWaitMode                 0x08001f4b   Thumb Code     8  stm32f2xx_sdio.o(.text)
    SDIO_SetSDIOOperation                    0x08001f53   Thumb Code     8  stm32f2xx_sdio.o(.text)
    SDIO_SendSDIOSuspendCmd                  0x08001f5b   Thumb Code     6  stm32f2xx_sdio.o(.text)
    SDIO_CommandCompletionCmd                0x08001f61   Thumb Code     8  stm32f2xx_sdio.o(.text)
    SDIO_CEATAITCmd                          0x08001f69   Thumb Code    12  stm32f2xx_sdio.o(.text)
    SDIO_SendCEATACmd                        0x08001f75   Thumb Code     8  stm32f2xx_sdio.o(.text)
    SDIO_DMACmd                              0x08001f7d   Thumb Code     8  stm32f2xx_sdio.o(.text)
    SDIO_ITConfig                            0x08001f85   Thumb Code    34  stm32f2xx_sdio.o(.text)
    SDIO_GetFlagStatus                       0x08001fa7   Thumb Code    22  stm32f2xx_sdio.o(.text)
    SDIO_ClearFlag                           0x08001fbd   Thumb Code     8  stm32f2xx_sdio.o(.text)
    SDIO_GetITStatus                         0x08001fc5   Thumb Code    22  stm32f2xx_sdio.o(.text)
    SDIO_ClearITPendingBit                   0x08001fdb   Thumb Code     8  stm32f2xx_sdio.o(.text)
    USART_DeInit                             0x08001ff5   Thumb Code   156  stm32f2xx_usart.o(.text)
    USART_Init                               0x08002091   Thumb Code   204  stm32f2xx_usart.o(.text)
    USART_StructInit                         0x0800215d   Thumb Code    24  stm32f2xx_usart.o(.text)
    USART_ClockInit                          0x08002175   Thumb Code    32  stm32f2xx_usart.o(.text)
    USART_ClockStructInit                    0x08002195   Thumb Code    12  stm32f2xx_usart.o(.text)
    USART_Cmd                                0x080021a1   Thumb Code    24  stm32f2xx_usart.o(.text)
    USART_SetPrescaler                       0x080021b9   Thumb Code    16  stm32f2xx_usart.o(.text)
    USART_OverSampling8Cmd                   0x080021c9   Thumb Code    22  stm32f2xx_usart.o(.text)
    USART_OneBitMethodCmd                    0x080021df   Thumb Code    24  stm32f2xx_usart.o(.text)
    USART_SendData                           0x080021f7   Thumb Code     8  stm32f2xx_usart.o(.text)
    USART_ReceiveData                        0x080021ff   Thumb Code    10  stm32f2xx_usart.o(.text)
    USART_SetAddress                         0x08002209   Thumb Code    18  stm32f2xx_usart.o(.text)
    USART_ReceiverWakeUpCmd                  0x0800221b   Thumb Code    24  stm32f2xx_usart.o(.text)
    USART_WakeUpConfig                       0x08002233   Thumb Code    18  stm32f2xx_usart.o(.text)
    USART_LINBreakDetectLengthConfig         0x08002245   Thumb Code    18  stm32f2xx_usart.o(.text)
    USART_LINCmd                             0x08002257   Thumb Code    24  stm32f2xx_usart.o(.text)
    USART_SendBreak                          0x0800226f   Thumb Code    10  stm32f2xx_usart.o(.text)
    USART_HalfDuplexCmd                      0x08002279   Thumb Code    24  stm32f2xx_usart.o(.text)
    USART_SetGuardTime                       0x08002291   Thumb Code    16  stm32f2xx_usart.o(.text)
    USART_SmartCardCmd                       0x080022a1   Thumb Code    24  stm32f2xx_usart.o(.text)
    USART_SmartCardNACKCmd                   0x080022b9   Thumb Code    24  stm32f2xx_usart.o(.text)
    USART_IrDAConfig                         0x080022d1   Thumb Code    18  stm32f2xx_usart.o(.text)
    USART_IrDACmd                            0x080022e3   Thumb Code    24  stm32f2xx_usart.o(.text)
    USART_DMACmd                             0x080022fb   Thumb Code    18  stm32f2xx_usart.o(.text)
    USART_ITConfig                           0x0800230d   Thumb Code    74  stm32f2xx_usart.o(.text)
    USART_GetFlagStatus                      0x08002357   Thumb Code    26  stm32f2xx_usart.o(.text)
    USART_ClearFlag                          0x08002371   Thumb Code    18  stm32f2xx_usart.o(.text)
    USART_GetITStatus                        0x08002383   Thumb Code   110  stm32f2xx_usart.o(.text)
    USART_ClearITPendingBit                  0x080023f1   Thumb Code    30  stm32f2xx_usart.o(.text)
    ASCII_IsAlpha                            0x0800240f   Thumb Code    48  lib_ascii.o(.text)
    ASCII_IsAlphaNum                         0x0800243f   Thumb Code    76  lib_ascii.o(.text)
    ASCII_IsLower                            0x0800248b   Thumb Code    20  lib_ascii.o(.text)
    ASCII_IsUpper                            0x0800249f   Thumb Code    20  lib_ascii.o(.text)
    ASCII_IsDig                              0x080024b3   Thumb Code    20  lib_ascii.o(.text)
    ASCII_IsDigOct                           0x080024c7   Thumb Code    20  lib_ascii.o(.text)
    ASCII_IsDigHex                           0x080024db   Thumb Code    36  lib_ascii.o(.text)
    ASCII_IsBlank                            0x080024ff   Thumb Code    20  lib_ascii.o(.text)
    ASCII_IsSpace                            0x08002513   Thumb Code    36  lib_ascii.o(.text)
    ASCII_IsPrint                            0x08002537   Thumb Code    20  lib_ascii.o(.text)
    ASCII_IsGraph                            0x0800254b   Thumb Code    20  lib_ascii.o(.text)
    ASCII_IsPunct                            0x0800255f   Thumb Code   134  lib_ascii.o(.text)
    ASCII_IsCtrl                             0x080025e5   Thumb Code    26  lib_ascii.o(.text)
    ASCII_ToLower                            0x080025ff   Thumb Code    32  lib_ascii.o(.text)
    ASCII_ToUpper                            0x0800261f   Thumb Code    32  lib_ascii.o(.text)
    ASCII_Cmp                                0x0800263f   Thumb Code    38  lib_ascii.o(.text)
    Mem_Init                                 0x08002665   Thumb Code    54  lib_mem.o(.text)
    Mem_Set                                  0x0800269b   Thumb Code    98  lib_mem.o(.text)
    Mem_Clr                                  0x080026fd   Thumb Code    18  lib_mem.o(.text)
    Mem_Move                                 0x0800270f   Thumb Code   204  lib_mem.o(.text)
    Mem_Cmp                                  0x080027db   Thumb Code   192  lib_mem.o(.text)
    Mem_HeapAlloc                            0x0800298f   Thumb Code   256  lib_mem.o(.text)
    Mem_SegGetSizeRem                        0x08002a8f   Thumb Code   214  lib_mem.o(.text)
    Mem_HeapGetSizeRem                       0x08002b65   Thumb Code    22  lib_mem.o(.text)
    Mem_PoolClr                              0x08002b7b   Thumb Code    78  lib_mem.o(.text)
    Mem_PoolCreate                           0x08002bc9   Thumb Code  1076  lib_mem.o(.text)
    Mem_PoolBlkGetNbrAvail                   0x08002ffd   Thumb Code   128  lib_mem.o(.text)
    Mem_PoolBlkGet                           0x0800307d   Thumb Code   224  lib_mem.o(.text)
    Mem_PoolBlkGetUsedAtIx                   0x0800315d   Thumb Code   212  lib_mem.o(.text)
    Mem_PoolBlkFree                          0x08003297   Thumb Code   338  lib_mem.o(.text)
    Mem_PoolBlkIxGet                         0x080033e9   Thumb Code   314  lib_mem.o(.text)
    Str_Len_N                                0x08003529   Thumb Code    28  lib_str.o(.text)
    Str_Len                                  0x08003545   Thumb Code    20  lib_str.o(.text)
    Str_Copy_N                               0x08003559   Thumb Code    70  lib_str.o(.text)
    Str_Copy                                 0x0800359f   Thumb Code    24  lib_str.o(.text)
    Str_Cat_N                                0x080035b7   Thumb Code    90  lib_str.o(.text)
    Str_Cat                                  0x08003611   Thumb Code    24  lib_str.o(.text)
    Str_Cmp_N                                0x08003629   Thumb Code   156  lib_str.o(.text)
    Str_Cmp                                  0x080036c5   Thumb Code    24  lib_str.o(.text)
    Str_CmpIgnoreCase_N                      0x080036dd   Thumb Code   264  lib_str.o(.text)
    Str_CmpIgnoreCase                        0x080037e5   Thumb Code    24  lib_str.o(.text)
    Str_Char_N                               0x080037fd   Thumb Code    74  lib_str.o(.text)
    Str_Char                                 0x08003847   Thumb Code    24  lib_str.o(.text)
    Str_Char_Last_N                          0x0800385f   Thumb Code    76  lib_str.o(.text)
    Str_Char_Last                            0x080038ab   Thumb Code    24  lib_str.o(.text)
    Str_Char_Replace_N                       0x080038c3   Thumb Code    52  lib_str.o(.text)
    Str_Char_Replace                         0x080038f7   Thumb Code    28  lib_str.o(.text)
    Str_Str_N                                0x08003913   Thumb Code   182  lib_str.o(.text)
    Str_Str                                  0x080039c9   Thumb Code    24  lib_str.o(.text)
    Str_FmtNbr_Int32U                        0x08003bbb   Thumb Code    46  lib_str.o(.text)
    Str_FmtNbr_Int32S                        0x08003be9   Thumb Code    62  lib_str.o(.text)
    Str_ParseNbr_Int32U                      0x08003de5   Thumb Code    30  lib_str.o(.text)
    Str_ParseNbr_Int32S                      0x08003e03   Thumb Code    74  lib_str.o(.text)
    Mem_Copy                                 0x08003e51   Thumb Code     0  lib_mem_a.o(.text)
    CPU_NameClr                              0x08004071   Thumb Code    42  cpu_core.o(.text)
    CPU_Init                                 0x080040b1   Thumb Code    12  cpu_core.o(.text)
    CPU_SW_Exception                         0x080040bd   Thumb Code     4  cpu_core.o(.text)
    CPU_NameGet                              0x080040c1   Thumb Code    70  cpu_core.o(.text)
    CPU_NameSet                              0x08004107   Thumb Code    96  cpu_core.o(.text)
    CPU_TS_Get32                             0x08004167   Thumb Code    12  cpu_core.o(.text)
    CPU_TS_Update                            0x08004173   Thumb Code     2  cpu_core.o(.text)
    CPU_TS_TmrFreqGet                        0x08004175   Thumb Code    30  cpu_core.o(.text)
    CPU_TS_TmrFreqSet                        0x08004193   Thumb Code     6  cpu_core.o(.text)
    CPU_CntLeadZeros08                       0x08004199   Thumb Code    18  cpu_core.o(.text)
    CPU_CntLeadZeros16                       0x080041ab   Thumb Code    18  cpu_core.o(.text)
    CPU_CntLeadZeros32                       0x080041bd   Thumb Code    18  cpu_core.o(.text)
    CPU_CntLeadZeros64                       0x080041cf   Thumb Code   188  cpu_core.o(.text)
    CPU_CntTrailZeros08                      0x0800428b   Thumb Code    22  cpu_core.o(.text)
    CPU_CntTrailZeros16                      0x080042a1   Thumb Code    22  cpu_core.o(.text)
    CPU_CntTrailZeros32                      0x080042b7   Thumb Code    22  cpu_core.o(.text)
    CPU_CntTrailZeros64                      0x080042cd   Thumb Code    62  cpu_core.o(.text)
    CPU_IntDis                               0x08004319   Thumb Code     0  cpu_a.o(.text)
    CPU_IntEn                                0x0800431d   Thumb Code     0  cpu_a.o(.text)
    CPU_SR_Save                              0x08004321   Thumb Code     0  cpu_a.o(.text)
    CPU_SR_Restore                           0x08004329   Thumb Code     0  cpu_a.o(.text)
    CPU_WaitForInt                           0x0800432f   Thumb Code     0  cpu_a.o(.text)
    CPU_WaitForExcept                        0x08004333   Thumb Code     0  cpu_a.o(.text)
    CPU_CntLeadZeros                         0x08004337   Thumb Code     0  cpu_a.o(.text)
    CPU_CntTrailZeros                        0x0800433d   Thumb Code     0  cpu_a.o(.text)
    CPU_RevBits                              0x08004347   Thumb Code     0  cpu_a.o(.text)
    CPU_BitBandClr                           0x0800434d   Thumb Code    58  cpu_c.o(.text)
    CPU_BitBandSet                           0x08004387   Thumb Code    58  cpu_c.o(.text)
    CPU_IntSrcDis                            0x080043c1   Thumb Code   328  cpu_c.o(.text)
    CPU_IntSrcEn                             0x08004509   Thumb Code   328  cpu_c.o(.text)
    CPU_IntSrcPendClr                        0x08004651   Thumb Code   164  cpu_c.o(.text)
    CPU_IntSrcPrioSet                        0x080046f5   Thumb Code   522  cpu_c.o(.text)
    CPU_IntSrcPrioGet                        0x080048ff   Thumb Code   450  cpu_c.o(.text)
    OSIdleTaskHook                           0x08004ac9   Thumb Code    16  os_cpu_c.o(.text)
    OSInitHook                               0x08004ad9   Thumb Code    42  os_cpu_c.o(.text)
    OSStatTaskHook                           0x08004b03   Thumb Code    16  os_cpu_c.o(.text)
    OSTaskCreateHook                         0x08004b13   Thumb Code    20  os_cpu_c.o(.text)
    OSTaskDelHook                            0x08004b27   Thumb Code    20  os_cpu_c.o(.text)
    OSTaskReturnHook                         0x08004b3b   Thumb Code    20  os_cpu_c.o(.text)
    OSTaskStkInit                            0x08004b4f   Thumb Code   188  os_cpu_c.o(.text)
    OSTaskSwHook                             0x08004c0b   Thumb Code   120  os_cpu_c.o(.text)
    OSTimeTickHook                           0x08004c83   Thumb Code    16  os_cpu_c.o(.text)
    OS_CPU_SysTickHandler                    0x08004c93   Thumb Code    52  os_cpu_c.o(.text)
    OS_CPU_SysTickInit                       0x08004cc7   Thumb Code    44  os_cpu_c.o(.text)
    OSCfg_Init                               0x08004d35   Thumb Code     2  os_cfg_app.o(.text)
    OS_IdleTask                              0x08004d39   Thumb Code    60  os_core.o(.text)
    OS_IdleTaskInit                          0x08004d75   Thumb Code    68  os_core.o(.text)
    OS_RdyListInit                           0x08004db9   Thumb Code    32  os_core.o(.text)
    OSInit                                   0x08004dd9   Thumb Code   288  os_core.o(.text)
    OSIntEnter                               0x08004ef9   Thumb Code    34  os_core.o(.text)
    OSIntExit                                0x08004f1b   Thumb Code   192  os_core.o(.text)
    OSSched                                  0x08004fdb   Thumb Code   134  os_core.o(.text)
    OS_SchedLockTimeMeasStart                0x08005061   Thumb Code    20  os_core.o(.text)
    OSSchedLock                              0x08005075   Thumb Code   104  os_core.o(.text)
    OS_SchedLockTimeMeasStop                 0x080050dd   Thumb Code    44  os_core.o(.text)
    OSSchedUnlock                            0x08005109   Thumb Code   290  os_core.o(.text)
    OSSchedRoundRobinCfg                     0x0800522b   Thumb Code    88  os_core.o(.text)
    OS_RdyListMoveHeadToTail                 0x08005283   Thumb Code    68  os_core.o(.text)
    OSSchedRoundRobinYield                   0x080052c7   Thumb Code   164  os_core.o(.text)
    OSStart                                  0x0800536b   Thumb Code    78  os_core.o(.text)
    OSVersion                                0x080053b9   Thumb Code    12  os_core.o(.text)
    OS_PendDbgNameAdd                        0x080053c5   Thumb Code    66  os_core.o(.text)
    OS_PendListInsertPrio                    0x08005407   Thumb Code   102  os_core.o(.text)
    OS_PendDataInit                          0x0800546d   Thumb Code    38  os_core.o(.text)
    OS_RdyListRemove                         0x08005493   Thumb Code    86  os_core.o(.text)
    OS_TaskBlock                             0x080054e9   Thumb Code    56  os_core.o(.text)
    OS_Pend                                  0x08005521   Thumb Code    98  os_core.o(.text)
    OS_PendListRemove1                       0x08005583   Thumb Code   136  os_core.o(.text)
    OS_PendListRemove                        0x0800560b   Thumb Code    48  os_core.o(.text)
    OS_PendAbort1                            0x0800563b   Thumb Code    36  os_core.o(.text)
    OS_RdyListInsertHead                     0x0800565f   Thumb Code    58  os_core.o(.text)
    OS_RdyListInsertTail                     0x08005699   Thumb Code    56  os_core.o(.text)
    OS_RdyListInsert                         0x080056d1   Thumb Code    40  os_core.o(.text)
    OS_TaskRdy                               0x080056f9   Thumb Code    28  os_core.o(.text)
    OS_PendAbort                             0x08005715   Thumb Code   166  os_core.o(.text)
    OS_PendDbgNameRemove                     0x080057bb   Thumb Code    34  os_core.o(.text)
    OS_PendListChangePrio                    0x080057dd   Thumb Code    70  os_core.o(.text)
    OS_PendListInit                          0x08005823   Thumb Code    10  os_core.o(.text)
    OS_PendListInsertHead                    0x0800582d   Thumb Code    32  os_core.o(.text)
    OS_PendObjDel1                           0x0800584d   Thumb Code    36  os_core.o(.text)
    OS_PendObjDel                            0x08005871   Thumb Code   162  os_core.o(.text)
    OS_Post1                                 0x08005913   Thumb Code    42  os_core.o(.text)
    OS_Post                                  0x0800593d   Thumb Code   192  os_core.o(.text)
    OS_SchedRoundRobin                       0x080059fd   Thumb Code   208  os_core.o(.text)
    OS_Dbg_Init                              0x08005ad5   Thumb Code   148  os_dbg.o(.text)
    OS_FlagDbgListAdd                        0x08005c81   Thumb Code    38  os_flag.o(.text)
    OSFlagCreate                             0x08005ca7   Thumb Code   116  os_flag.o(.text)
    OS_FlagBlock                             0x08005d1b   Thumb Code    58  os_flag.o(.text)
    OSFlagPend                               0x08005d55   Thumb Code   902  os_flag.o(.text)
    OSFlagPendGetFlagsRdy                    0x080060db   Thumb Code    68  os_flag.o(.text)
    OS_FlagTaskRdy                           0x0800611f   Thumb Code    86  os_flag.o(.text)
    OS_FlagPost                              0x08006175   Thumb Code   350  os_flag.o(.text)
    OSFlagPost                               0x080062d3   Thumb Code   112  os_flag.o(.text)
    OS_FlagClr                               0x08006343   Thumb Code    28  os_flag.o(.text)
    OS_FlagInit                              0x0800635f   Thumb Code    14  os_flag.o(.text)
    OS_FlagDbgListRemove                     0x0800636d   Thumb Code    44  os_flag.o(.text)
    OS_MemDbgListAdd                         0x080063b9   Thumb Code    34  os_mem.o(.text)
    OSMemCreate                              0x080063db   Thumb Code   232  os_mem.o(.text)
    OSMemGet                                 0x080064c3   Thumb Code   100  os_mem.o(.text)
    OSMemPut                                 0x08006527   Thumb Code   112  os_mem.o(.text)
    OS_MemInit                               0x08006597   Thumb Code    14  os_mem.o(.text)
    OS_MsgPoolInit                           0x080065b5   Thumb Code   110  os_msg.o(.text)
    OS_MsgQFreeAll                           0x08006623   Thumb Code    62  os_msg.o(.text)
    OS_MsgQInit                              0x08006661   Thumb Code    14  os_msg.o(.text)
    OS_MsgQGet                               0x0800666f   Thumb Code    98  os_msg.o(.text)
    OS_MsgQPut                               0x080066d1   Thumb Code   254  os_msg.o(.text)
    OS_MutexDbgListAdd                       0x080067dd   Thumb Code    38  os_mutex.o(.text)
    OSMutexCreate                            0x08006803   Thumb Code   122  os_mutex.o(.text)
    OSMutexPend                              0x0800687d   Thumb Code   574  os_mutex.o(.text)
    OSMutexPost                              0x08006abb   Thumb Code   388  os_mutex.o(.text)
    OS_MutexClr                              0x08006c3f   Thumb Code    38  os_mutex.o(.text)
    OS_MutexDbgListRemove                    0x08006c65   Thumb Code    44  os_mutex.o(.text)
    OS_MutexInit                             0x08006c91   Thumb Code    14  os_mutex.o(.text)
    OS_PrioInit                              0x08006cb5   Thumb Code    20  os_prio.o(.text)
    OS_PrioGetHighest                        0x08006cc9   Thumb Code    36  os_prio.o(.text)
    OS_PrioInsert                            0x08006ced   Thumb Code    32  os_prio.o(.text)
    OS_PrioRemove                            0x08006d0d   Thumb Code    32  os_prio.o(.text)
    OS_QDbgListAdd                           0x08006d31   Thumb Code    38  os_q.o(.text)
    OSQCreate                                0x08006d57   Thumb Code   130  os_q.o(.text)
    OSQPend                                  0x08006dd9   Thumb Code   446  os_q.o(.text)
    OSQPendAbort                             0x08006f97   Thumb Code   236  os_q.o(.text)
    OS_QPost                                 0x08007083   Thumb Code   220  os_q.o(.text)
    OSQPost                                  0x0800715f   Thumb Code   144  os_q.o(.text)
    OS_QClr                                  0x080071ef   Thumb Code    40  os_q.o(.text)
    OS_QDbgListRemove                        0x08007217   Thumb Code    44  os_q.o(.text)
    OS_QInit                                 0x08007243   Thumb Code    14  os_q.o(.text)
    OS_SemDbgListAdd                         0x08007265   Thumb Code    38  os_sem.o(.text)
    OSSemCreate                              0x0800728b   Thumb Code   116  os_sem.o(.text)
    OSSemPend                                0x080072ff   Thumb Code   406  os_sem.o(.text)
    OSSemPendAbort                           0x08007495   Thumb Code   236  os_sem.o(.text)
    OS_SemPost                               0x08007581   Thumb Code   322  os_sem.o(.text)
    OSSemPost                                0x080076c3   Thumb Code   108  os_sem.o(.text)
    OSSemSet                                 0x0800772f   Thumb Code   120  os_sem.o(.text)
    OS_SemClr                                0x080077a7   Thumb Code    28  os_sem.o(.text)
    OS_SemDbgListRemove                      0x080077c3   Thumb Code    44  os_sem.o(.text)
    OS_SemInit                               0x080077ef   Thumb Code    14  os_sem.o(.text)
    OSStatReset                              0x08007819   Thumb Code   262  os_stat.o(.text)
    OSStatTaskCPUUsageInit                   0x0800791f   Thumb Code   212  os_stat.o(.text)
    OS_StatTask                              0x080079f3   Thumb Code   768  os_stat.o(.text)
    OS_StatTaskInit                          0x08007cf3   Thumb Code   138  os_stat.o(.text)
    OSTaskChangePrio                         0x08007dc1   Thumb Code   274  os_task.o(.text)
    OS_TaskDbgListAdd                        0x08007ed3   Thumb Code    42  os_task.o(.text)
    OS_TaskInitTCB                           0x08007efd   Thumb Code   190  os_task.o(.text)
    OSTaskCreate                             0x08007fbb   Thumb Code   412  os_task.o(.text)
    OSTaskQFlush                             0x08008157   Thumb Code   154  os_task.o(.text)
    OSTaskQPend                              0x080081f1   Thumb Code   458  os_task.o(.text)
    OS_TaskQPost                             0x080083bb   Thumb Code   220  os_task.o(.text)
    OSTaskQPost                              0x08008497   Thumb Code    82  os_task.o(.text)
    OSTaskRegGet                             0x080084e9   Thumb Code    78  os_task.o(.text)
    OSTaskRegGetID                           0x08008537   Thumb Code    84  os_task.o(.text)
    OSTaskRegSet                             0x0800858b   Thumb Code    78  os_task.o(.text)
    OS_TaskResume                            0x080085d9   Thumb Code   274  os_task.o(.text)
    OSTaskResume                             0x080086eb   Thumb Code    96  os_task.o(.text)
    OSTaskSemPend                            0x0800874b   Thumb Code   464  os_task.o(.text)
    OSTaskSemPendAbort                       0x0800891b   Thumb Code   214  os_task.o(.text)
    OS_TaskSemPost                           0x080089f1   Thumb Code   462  os_task.o(.text)
    OSTaskSemPost                            0x08008bbf   Thumb Code    62  os_task.o(.text)
    OSTaskSemSet                             0x08008bfd   Thumb Code    80  os_task.o(.text)
    OSTaskStkChk                             0x08008c4d   Thumb Code   204  os_task.o(.text)
    OS_TaskSuspend                           0x08008d19   Thumb Code   272  os_task.o(.text)
    OSTaskSuspend                            0x08008e29   Thumb Code    48  os_task.o(.text)
    OSTaskTimeQuantaSet                      0x08008e59   Thumb Code    96  os_task.o(.text)
    OS_TaskDbgListRemove                     0x08008eb9   Thumb Code    64  os_task.o(.text)
    OS_TaskInit                              0x08008ef9   Thumb Code    18  os_task.o(.text)
    OS_TaskReturn                            0x08008f0b   Thumb Code    26  os_task.o(.text)
    OS_TickListRemove                        0x08008f49   Thumb Code    56  os_tick.o(.text)
    OS_TickListUpdate                        0x08008f81   Thumb Code   376  os_tick.o(.text)
    OS_TickTask                              0x080090f9   Thumb Code    38  os_tick.o(.text)
    OS_TickListInit                          0x0800911f   Thumb Code    32  os_tick.o(.text)
    OS_TickTaskInit                          0x0800913f   Thumb Code   130  os_tick.o(.text)
    OS_TickListInsert                        0x080091c1   Thumb Code   430  os_tick.o(.text)
    OS_TickListResetPeak                     0x0800936f   Thumb Code    94  os_tick.o(.text)
    OSTimeDly                                0x080093cd   Thumb Code   182  os_time.o(.text)
    OSTimeDlyHMSM                            0x08009483   Thumb Code   394  os_time.o(.text)
    OSTimeGet                                0x0800960d   Thumb Code    46  os_time.o(.text)
    OSTimeSet                                0x0800963b   Thumb Code    46  os_time.o(.text)
    OSTimeTick                               0x08009669   Thumb Code    68  os_time.o(.text)
    OS_TmrDbgListAdd                         0x080096d9   Thumb Code    34  os_tmr.o(.text)
    OSTmrCreate                              0x080096fb   Thumb Code   192  os_tmr.o(.text)
    OSTmrRemainGet                           0x080097bb   Thumb Code   188  os_tmr.o(.text)
    OS_TmrLink                               0x08009877   Thumb Code   196  os_tmr.o(.text)
    OS_TmrUnlink                             0x0800993b   Thumb Code    72  os_tmr.o(.text)
    OSTmrStart                               0x08009983   Thumb Code   170  os_tmr.o(.text)
    OSTmrStateGet                            0x08009a2d   Thumb Code   134  os_tmr.o(.text)
    OSTmrStop                                0x08009ab3   Thumb Code   276  os_tmr.o(.text)
    OS_TmrClr                                0x08009bc7   Thumb Code    36  os_tmr.o(.text)
    OS_TmrDbgListRemove                      0x08009beb   Thumb Code    44  os_tmr.o(.text)
    OS_TmrTask                               0x08009c17   Thumb Code   176  os_tmr.o(.text)
    OS_TmrInit                               0x08009cc7   Thumb Code   208  os_tmr.o(.text)
    OS_TmrResetPeak                          0x08009d97   Thumb Code    28  os_tmr.o(.text)
    disk_initialize                          0x08009e19   Thumb Code    32  diskio.o(.text)
    disk_status                              0x08009e39   Thumb Code    14  diskio.o(.text)
    disk_read                                0x08009e47   Thumb Code    70  diskio.o(.text)
    disk_write                               0x08009e8d   Thumb Code    86  diskio.o(.text)
    disk_ioctl                               0x08009ee3   Thumb Code     6  diskio.o(.text)
    get_fattime                              0x08009ee9   Thumb Code     6  diskio.o(.text)
    clust2sect                               0x0800a099   Thumb Code    26  ff.o(.text)
    get_fat                                  0x0800a0b3   Thumb Code   228  ff.o(.text)
    put_fat                                  0x0800a197   Thumb Code   310  ff.o(.text)
    gen_numname                              0x0800a727   Thumb Code   168  ff.o(.text)
    f_mount                                  0x0800b3a9   Thumb Code    38  ff.o(.text)
    f_open                                   0x0800b3cf   Thumb Code   384  ff.o(.text)
    f_read                                   0x0800b54f   Thumb Code   460  ff.o(.text)
    f_write                                  0x0800b71b   Thumb Code   526  ff.o(.text)
    f_sync                                   0x0800b929   Thumb Code   184  ff.o(.text)
    f_close                                  0x0800b9e1   Thumb Code    22  ff.o(.text)
    f_lseek                                  0x0800b9f7   Thumb Code   432  ff.o(.text)
    f_opendir                                0x0800bba7   Thumb Code   114  ff.o(.text)
    f_readdir                                0x0800bc19   Thumb Code    96  ff.o(.text)
    f_stat                                   0x0800bc79   Thumb Code    62  ff.o(.text)
    f_getfree                                0x0800bcb7   Thumb Code   276  ff.o(.text)
    f_truncate                               0x0800bdcb   Thumb Code   156  ff.o(.text)
    f_unlink                                 0x0800be67   Thumb Code   182  ff.o(.text)
    f_mkdir                                  0x0800bf1d   Thumb Code   388  ff.o(.text)
    f_chmod                                  0x0800c0a1   Thumb Code    88  ff.o(.text)
    f_utime                                  0x0800c0f9   Thumb Code    90  ff.o(.text)
    f_rename                                 0x0800c153   Thumb Code   294  ff.o(.text)
    ff_convert                               0x0800c279   Thumb Code    70  ccsbcs.o(.text)
    ff_wtoupper                              0x0800c2bf   Thumb Code    46  ccsbcs.o(.text)
    SystemInit                               0x0800c3b9   Thumb Code    74  system_stm32f2xx.o(.text)
    SystemCoreClockUpdate                    0x0800c403   Thumb Code   174  system_stm32f2xx.o(.text)
    __c89vsnprintf                           0x0800c4d9   Thumb Code    48  c89vsnprintf.o(.text)
    strcpy                                   0x0800c50d   Thumb Code    72  strcpy.o(.text)
    strcat                                   0x0800c555   Thumb Code    24  strcat.o(.text)
    __use_two_region_memory                  0x0800c56d   Thumb Code     2  heapauxi.o(.text)
    __rt_heap_escrow$2region                 0x0800c56f   Thumb Code     2  heapauxi.o(.text)
    __rt_heap_expand$2region                 0x0800c571   Thumb Code     2  heapauxi.o(.text)
    _printf_pre_padding                      0x0800c573   Thumb Code    44  _printf_pad.o(.text)
    _printf_post_padding                     0x0800c59f   Thumb Code    34  _printf_pad.o(.text)
    _printf_truncate_signed                  0x0800c5c1   Thumb Code    18  _printf_truncate.o(.text)
    _printf_truncate_unsigned                0x0800c5d3   Thumb Code    18  _printf_truncate.o(.text)
    _printf_str                              0x0800c5e5   Thumb Code    82  _printf_str.o(.text)
    _printf_int_dec                          0x0800c639   Thumb Code   104  _printf_dec.o(.text)
    _printf_charcount                        0x0800c6b1   Thumb Code    40  _printf_charcount.o(.text)
    _printf_char_common                      0x0800c6e3   Thumb Code    32  _printf_char_common.o(.text)
    _sputc                                   0x0800c709   Thumb Code    10  _sputc.o(.text)
    _snputc                                  0x0800c713   Thumb Code    16  _snputc.o(.text)
    _printf_wctomb                           0x0800c725   Thumb Code   182  _printf_wctomb.o(.text)
    _printf_longlong_dec                     0x0800c7e1   Thumb Code   108  _printf_longlong_dec.o(.text)
    _printf_longlong_oct                     0x0800c85d   Thumb Code    68  _printf_oct_int_ll.o(.text)
    _printf_int_oct                          0x0800c8a1   Thumb Code    24  _printf_oct_int_ll.o(.text)
    _printf_ll_oct                           0x0800c8b9   Thumb Code    12  _printf_oct_int_ll.o(.text)
    _printf_longlong_hex                     0x0800c8cd   Thumb Code    86  _printf_hex_int_ll_ptr.o(.text)
    _printf_int_hex                          0x0800c923   Thumb Code    28  _printf_hex_int_ll_ptr.o(.text)
    _printf_ll_hex                           0x0800c93f   Thumb Code    12  _printf_hex_int_ll_ptr.o(.text)
    _printf_hex_ptr                          0x0800c94b   Thumb Code    18  _printf_hex_int_ll_ptr.o(.text)
    __printf                                 0x0800c961   Thumb Code   388  __printf_flags_ss_wp.o(.text)
    _ll_udiv10                               0x0800cae9   Thumb Code   138  lludiv10.o(.text)
    _printf_int_common                       0x0800cb73   Thumb Code   178  _printf_intcommon.o(.text)
    __lib_sel_fp_printf                      0x0800cc25   Thumb Code     2  _printf_fp_dec.o(.text)
    _printf_fp_dec_real                      0x0800cdd3   Thumb Code   620  _printf_fp_dec.o(.text)
    _printf_cs_common                        0x0800d03f   Thumb Code    20  _printf_char.o(.text)
    _printf_char                             0x0800d053   Thumb Code    16  _printf_char.o(.text)
    _printf_string                           0x0800d063   Thumb Code     8  _printf_char.o(.text)
    _printf_lcs_common                       0x0800d06b   Thumb Code    20  _printf_wchar.o(.text)
    _printf_wchar                            0x0800d07f   Thumb Code    16  _printf_wchar.o(.text)
    _printf_wstring                          0x0800d08f   Thumb Code     8  _printf_wchar.o(.text)
    _wcrtomb                                 0x0800d097   Thumb Code    64  _wcrtomb.o(.text)
    __user_setup_stackheap                   0x0800d0d7   Thumb Code    74  sys_stackheap_outer.o(.text)
    __rt_ctype_table                         0x0800d121   Thumb Code    16  rt_ctype_table.o(.text)
    __rt_locale                              0x0800d131   Thumb Code     8  rt_locale_intlibspace.o(.text)
    _printf_fp_infnan                        0x0800d139   Thumb Code   112  _printf_fp_infnan.o(.text)
    _btod_etento                             0x0800d1b9   Thumb Code   216  bigflt0.o(.text)
    exit                                     0x0800d295   Thumb Code    12  exit.o(.text)
    __user_libspace                          0x0800d2a1   Thumb Code     8  libspace.o(.text)
    __user_perproc_libspace                  0x0800d2a1   Thumb Code     0  libspace.o(.text)
    __user_perthread_libspace                0x0800d2a1   Thumb Code     0  libspace.o(.text)
    strcmp                                   0x0800d2a9   Thumb Code   128  strcmpv7m.o(.text)
    _sys_exit                                0x0800d329   Thumb Code     8  sys_exit.o(.text)
    __I$use$semihosting                      0x0800d335   Thumb Code     0  use_no_semi.o(.text)
    __use_no_semihosting_swi                 0x0800d335   Thumb Code     2  use_no_semi.o(.text)
    __semihosting_library_function           0x0800d337   Thumb Code     0  indicate_semi.o(.text)
    _btod_d2e                                0x0800d337   Thumb Code    62  btod.o(CL$$btod_d2e)
    _d2e_denorm_low                          0x0800d375   Thumb Code    70  btod.o(CL$$btod_d2e_denorm_low)
    _d2e_norm_op1                            0x0800d3bb   Thumb Code    96  btod.o(CL$$btod_d2e_norm_op1)
    __btod_div_common                        0x0800d41b   Thumb Code   696  btod.o(CL$$btod_div_common)
    _e2e                                     0x0800d753   Thumb Code   198  btod.o(CL$$btod_e2e)
    _btod_ediv                               0x0800d819   Thumb Code    40  btod.o(CL$$btod_ediv)
    _btod_emul                               0x0800d841   Thumb Code    40  btod.o(CL$$btod_emul)
    __btod_mult_common                       0x0800d869   Thumb Code   580  btod.o(CL$$btod_mult_common)
    OSStartHighRdy                           0x0800daad   Thumb Code     0  os_cpu_a.o(CODE)
    OS_CPU_PendSVHandler                     0x0800dacf   Thumb Code     0  os_cpu_a.o(CODE)
    __ARM_fpclassify                         0x0800db31   Thumb Code    40  fpclassify.o(i.__ARM_fpclassify)
    _is_digit                                0x0800db59   Thumb Code    14  __printf_wp.o(i._is_digit)
    _get_lc_numeric                          0x0800db69   Thumb Code    44  lc_numeric_c.o(locale$$code)
    _get_lc_ctype                            0x0800db95   Thumb Code    44  lc_ctype_c.o(locale$$code)
    _printf_fp_dec                           0x0800dbc1   Thumb Code     4  printf1.o(x$fpl$printf1)
    __I$use$fp                               0x0800dbc4   Number         0  usenofp.o(x$fpl$usenofp)
    OSCfg_IdleTaskStkBasePtr                 0x0800dd58   Data           4  os_cfg_app.o(.constdata)
    OSCfg_IdleTaskStkLimit                   0x0800dd5c   Data           4  os_cfg_app.o(.constdata)
    OSCfg_IdleTaskStkSize                    0x0800dd60   Data           4  os_cfg_app.o(.constdata)
    OSCfg_IdleTaskStkSizeRAM                 0x0800dd64   Data           4  os_cfg_app.o(.constdata)
    OSCfg_IntQBasePtr                        0x0800dd68   Data           4  os_cfg_app.o(.constdata)
    OSCfg_IntQSize                           0x0800dd6c   Data           2  os_cfg_app.o(.constdata)
    OSCfg_IntQSizeRAM                        0x0800dd70   Data           4  os_cfg_app.o(.constdata)
    OSCfg_IntQTaskStkBasePtr                 0x0800dd74   Data           4  os_cfg_app.o(.constdata)
    OSCfg_IntQTaskStkLimit                   0x0800dd78   Data           4  os_cfg_app.o(.constdata)
    OSCfg_IntQTaskStkSize                    0x0800dd7c   Data           4  os_cfg_app.o(.constdata)
    OSCfg_IntQTaskStkSizeRAM                 0x0800dd80   Data           4  os_cfg_app.o(.constdata)
    OSCfg_ISRStkBasePtr                      0x0800dd84   Data           4  os_cfg_app.o(.constdata)
    OSCfg_ISRStkSize                         0x0800dd88   Data           4  os_cfg_app.o(.constdata)
    OSCfg_ISRStkSizeRAM                      0x0800dd8c   Data           4  os_cfg_app.o(.constdata)
    OSCfg_MsgPoolSize                        0x0800dd90   Data           2  os_cfg_app.o(.constdata)
    OSCfg_MsgPoolSizeRAM                     0x0800dd94   Data           4  os_cfg_app.o(.constdata)
    OSCfg_MsgPoolBasePtr                     0x0800dd98   Data           4  os_cfg_app.o(.constdata)
    OSCfg_StatTaskPrio                       0x0800dd9c   Data           1  os_cfg_app.o(.constdata)
    OSCfg_StatTaskRate_Hz                    0x0800dda0   Data           4  os_cfg_app.o(.constdata)
    OSCfg_StatTaskStkBasePtr                 0x0800dda4   Data           4  os_cfg_app.o(.constdata)
    OSCfg_StatTaskStkLimit                   0x0800dda8   Data           4  os_cfg_app.o(.constdata)
    OSCfg_StatTaskStkSize                    0x0800ddac   Data           4  os_cfg_app.o(.constdata)
    OSCfg_StatTaskStkSizeRAM                 0x0800ddb0   Data           4  os_cfg_app.o(.constdata)
    OSCfg_StkSizeMin                         0x0800ddb4   Data           4  os_cfg_app.o(.constdata)
    OSCfg_TickRate_Hz                        0x0800ddb8   Data           4  os_cfg_app.o(.constdata)
    OSCfg_TickTaskPrio                       0x0800ddbc   Data           1  os_cfg_app.o(.constdata)
    OSCfg_TickTaskStkBasePtr                 0x0800ddc0   Data           4  os_cfg_app.o(.constdata)
    OSCfg_TickTaskStkLimit                   0x0800ddc4   Data           4  os_cfg_app.o(.constdata)
    OSCfg_TickTaskStkSize                    0x0800ddc8   Data           4  os_cfg_app.o(.constdata)
    OSCfg_TickTaskStkSizeRAM                 0x0800ddcc   Data           4  os_cfg_app.o(.constdata)
    OSCfg_TickWheelSize                      0x0800ddd0   Data           2  os_cfg_app.o(.constdata)
    OSCfg_TickWheelSizeRAM                   0x0800ddd4   Data           4  os_cfg_app.o(.constdata)
    OSCfg_TmrTaskPrio                        0x0800ddd8   Data           1  os_cfg_app.o(.constdata)
    OSCfg_TmrTaskRate_Hz                     0x0800dddc   Data           4  os_cfg_app.o(.constdata)
    OSCfg_TmrTaskStkBasePtr                  0x0800dde0   Data           4  os_cfg_app.o(.constdata)
    OSCfg_TmrTaskStkLimit                    0x0800dde4   Data           4  os_cfg_app.o(.constdata)
    OSCfg_TmrTaskStkSize                     0x0800dde8   Data           4  os_cfg_app.o(.constdata)
    OSCfg_TmrTaskStkSizeRAM                  0x0800ddec   Data           4  os_cfg_app.o(.constdata)
    OSCfg_TmrWheelSize                       0x0800ddf0   Data           2  os_cfg_app.o(.constdata)
    OSCfg_TmrWheelSizeRAM                    0x0800ddf4   Data           4  os_cfg_app.o(.constdata)
    OSCfg_DataSizeRAM                        0x0800ddf8   Data           4  os_cfg_app.o(.constdata)
    OSDbg_DbgEn                              0x0800ddfc   Data           1  os_dbg.o(.constdata)
    OSDbg_ArgChkEn                           0x0800ddfd   Data           1  os_dbg.o(.constdata)
    OSDbg_AppHooksEn                         0x0800ddfe   Data           1  os_dbg.o(.constdata)
    OSDbg_EndiannessTest                     0x0800de00   Data           4  os_dbg.o(.constdata)
    OSDbg_CalledFromISRChkEn                 0x0800de04   Data           1  os_dbg.o(.constdata)
    OSDbg_FlagEn                             0x0800de05   Data           1  os_dbg.o(.constdata)
    OSDbg_FlagGrp                            0x0800de08   Data          40  os_dbg.o(.constdata)
    OSDbg_FlagDelEn                          0x0800de30   Data           1  os_dbg.o(.constdata)
    OSDbg_FlagModeClrEn                      0x0800de31   Data           1  os_dbg.o(.constdata)
    OSDbg_FlagPendAbortEn                    0x0800de32   Data           1  os_dbg.o(.constdata)
    OSDbg_FlagGrpSize                        0x0800de34   Data           2  os_dbg.o(.constdata)
    OSDbg_FlagWidth                          0x0800de36   Data           2  os_dbg.o(.constdata)
    OSDbg_IntQ                               0x0800de38   Data           2  os_dbg.o(.constdata)
    OSDbg_ISRPostDeferredEn                  0x0800de3a   Data           1  os_dbg.o(.constdata)
    OSDbg_Mem                                0x0800de3c   Data          32  os_dbg.o(.constdata)
    OSDbg_MemEn                              0x0800de5c   Data           1  os_dbg.o(.constdata)
    OSDbg_MemSize                            0x0800de5e   Data           2  os_dbg.o(.constdata)
    OSDbg_MsgEn                              0x0800de60   Data           1  os_dbg.o(.constdata)
    OSDbg_MsgSize                            0x0800de62   Data           2  os_dbg.o(.constdata)
    OSDbg_MsgPoolSize                        0x0800de64   Data           2  os_dbg.o(.constdata)
    OSDbg_MsgQSize                           0x0800de66   Data           2  os_dbg.o(.constdata)
    OSDbg_Mutex                              0x0800de68   Data          44  os_dbg.o(.constdata)
    OSDbg_MutexEn                            0x0800de94   Data           1  os_dbg.o(.constdata)
    OSDbg_MutexDelEn                         0x0800de95   Data           1  os_dbg.o(.constdata)
    OSDbg_MutexPendAbortEn                   0x0800de96   Data           1  os_dbg.o(.constdata)
    OSDbg_MutexSize                          0x0800de98   Data           2  os_dbg.o(.constdata)
    OSDbg_ObjTypeChkEn                       0x0800de9a   Data           1  os_dbg.o(.constdata)
    OSDbg_PendMultiEn                        0x0800de9b   Data           1  os_dbg.o(.constdata)
    OSDbg_PendDataSize                       0x0800de9c   Data           2  os_dbg.o(.constdata)
    OSDbg_PendListSize                       0x0800de9e   Data           2  os_dbg.o(.constdata)
    OSDbg_PendObjSize                        0x0800dea0   Data           2  os_dbg.o(.constdata)
    OSDbg_PrioMax                            0x0800dea2   Data           2  os_dbg.o(.constdata)
    OSDbg_PrioTblSize                        0x0800dea4   Data           2  os_dbg.o(.constdata)
    OSDbg_PtrSize                            0x0800dea6   Data           2  os_dbg.o(.constdata)
    OSDbg_Q                                  0x0800dea8   Data          48  os_dbg.o(.constdata)
    OSDbg_QEn                                0x0800ded8   Data           1  os_dbg.o(.constdata)
    OSDbg_QDelEn                             0x0800ded9   Data           1  os_dbg.o(.constdata)
    OSDbg_QFlushEn                           0x0800deda   Data           1  os_dbg.o(.constdata)
    OSDbg_QPendAbortEn                       0x0800dedb   Data           1  os_dbg.o(.constdata)
    OSDbg_QSize                              0x0800dedc   Data           2  os_dbg.o(.constdata)
    OSDbg_SchedRoundRobinEn                  0x0800dede   Data           1  os_dbg.o(.constdata)
    OSDbg_Sem                                0x0800dee0   Data          40  os_dbg.o(.constdata)
    OSDbg_SemEn                              0x0800df08   Data           1  os_dbg.o(.constdata)
    OSDbg_SemDelEn                           0x0800df09   Data           1  os_dbg.o(.constdata)
    OSDbg_SemPendAbortEn                     0x0800df0a   Data           1  os_dbg.o(.constdata)
    OSDbg_SemSetEn                           0x0800df0b   Data           1  os_dbg.o(.constdata)
    OSDbg_SemSize                            0x0800df0c   Data           2  os_dbg.o(.constdata)
    OSDbg_RdyList                            0x0800df0e   Data           2  os_dbg.o(.constdata)
    OSDbg_RdyListSize                        0x0800df10   Data           4  os_dbg.o(.constdata)
    OSDbg_StkWidth                           0x0800df14   Data           1  os_dbg.o(.constdata)
    OSDbg_StatTaskEn                         0x0800df15   Data           1  os_dbg.o(.constdata)
    OSDbg_StatTaskStkChkEn                   0x0800df16   Data           1  os_dbg.o(.constdata)
    OSDbg_TaskChangePrioEn                   0x0800df17   Data           1  os_dbg.o(.constdata)
    OSDbg_TaskDelEn                          0x0800df18   Data           1  os_dbg.o(.constdata)
    OSDbg_TaskQEn                            0x0800df19   Data           1  os_dbg.o(.constdata)
    OSDbg_TaskQPendAbortEn                   0x0800df1a   Data           1  os_dbg.o(.constdata)
    OSDbg_TaskProfileEn                      0x0800df1b   Data           1  os_dbg.o(.constdata)
    OSDbg_TaskRegTblSize                     0x0800df1c   Data           2  os_dbg.o(.constdata)
    OSDbg_TaskSemPendAbortEn                 0x0800df1e   Data           1  os_dbg.o(.constdata)
    OSDbg_TaskSuspendEn                      0x0800df1f   Data           1  os_dbg.o(.constdata)
    OSDbg_TCBSize                            0x0800df20   Data           2  os_dbg.o(.constdata)
    OSDbg_TickSpokeSize                      0x0800df22   Data           2  os_dbg.o(.constdata)
    OSDbg_TimeDlyHMSMEn                      0x0800df24   Data           1  os_dbg.o(.constdata)
    OSDbg_TimeDlyResumeEn                    0x0800df25   Data           1  os_dbg.o(.constdata)
    OSDbg_TLS_TblSize                        0x0800df26   Data           2  os_dbg.o(.constdata)
    OSDbg_Tmr                                0x0800df28   Data          52  os_dbg.o(.constdata)
    OSDbg_TmrEn                              0x0800df5c   Data           1  os_dbg.o(.constdata)
    OSDbg_TmrDelEn                           0x0800df5d   Data           1  os_dbg.o(.constdata)
    OSDbg_TmrSize                            0x0800df5e   Data           2  os_dbg.o(.constdata)
    OSDbg_TmrSpokeSize                       0x0800df60   Data           2  os_dbg.o(.constdata)
    OSDbg_VersionNbr                         0x0800df62   Data           2  os_dbg.o(.constdata)
    OSDbg_DataSize                           0x0800df64   Data           4  os_dbg.o(.constdata)
    Region$$Table$$Base                      0x0800e590   Number         0  anon$$obj.o(Region$$Table)
    Region$$Table$$Limit                     0x0800e5b0   Number         0  anon$$obj.o(Region$$Table)
    __ctype                                  0x0800e5d9   Data           0  lc_ctype_c.o(locale$$data)
    rca                                      0x20000004   Data           2  bsp_sdio.o(.data)
    card_capacity                            0x20000008   Data           4  bsp_sdio.o(.data)
    Mem_PoolTbl                              0x2000001c   Data           4  lib_mem.o(.data)
    CPU_TS_TmrFreq_Hz                        0x20000020   Data           4  cpu_core.o(.data)
    OS_CPU_ExceptStkBase                     0x20000024   Data           4  os_cpu_c.o(.data)
    OSPrioTbl                                0x20000028   Data           4  os_prio.o(.data)
    OS_AppTaskCreateHookPtr                  0x2000002c   Data           4  os_var.o(.data)
    OS_AppTaskDelHookPtr                     0x20000030   Data           4  os_var.o(.data)
    OS_AppTaskReturnHookPtr                  0x20000034   Data           4  os_var.o(.data)
    OS_AppIdleTaskHookPtr                    0x20000038   Data           4  os_var.o(.data)
    OS_AppStatTaskHookPtr                    0x2000003c   Data           4  os_var.o(.data)
    OS_AppTaskSwHookPtr                      0x20000040   Data           4  os_var.o(.data)
    OS_AppTimeTickHookPtr                    0x20000044   Data           4  os_var.o(.data)
    OSIdleTaskCtr                            0x20000048   Data           4  os_var.o(.data)
    OSIntNestingCtr                          0x2000004c   Data           1  os_var.o(.data)
    OSRunning                                0x2000004d   Data           1  os_var.o(.data)
    OSFlagDbgListPtr                         0x20000050   Data           4  os_var.o(.data)
    OSFlagQty                                0x20000054   Data           2  os_var.o(.data)
    OSMemDbgListPtr                          0x20000058   Data           4  os_var.o(.data)
    OSMemQty                                 0x2000005c   Data           2  os_var.o(.data)
    OSMutexDbgListPtr                        0x20000060   Data           4  os_var.o(.data)
    OSMutexQty                               0x20000064   Data           2  os_var.o(.data)
    OSPrioCur                                0x20000066   Data           1  os_var.o(.data)
    OSPrioHighRdy                            0x20000067   Data           1  os_var.o(.data)
    OSPrioSaved                              0x20000068   Data           1  os_var.o(.data)
    OSQDbgListPtr                            0x2000006c   Data           4  os_var.o(.data)
    OSQQty                                   0x20000070   Data           2  os_var.o(.data)
    OSSchedLockTimeBegin                     0x20000074   Data           4  os_var.o(.data)
    OSSchedLockTimeMax                       0x20000078   Data           4  os_var.o(.data)
    OSSchedLockTimeMaxCur                    0x2000007c   Data           4  os_var.o(.data)
    OSSchedLockNestingCtr                    0x20000080   Data           1  os_var.o(.data)
    OSSchedRoundRobinDfltTimeQuanta          0x20000084   Data           4  os_var.o(.data)
    OSSchedRoundRobinEn                      0x20000088   Data           1  os_var.o(.data)
    OSSemDbgListPtr                          0x2000008c   Data           4  os_var.o(.data)
    OSSemQty                                 0x20000090   Data           2  os_var.o(.data)
    OSStatResetFlag                          0x20000092   Data           1  os_var.o(.data)
    OSStatTaskCPUUsage                       0x20000094   Data           2  os_var.o(.data)
    OSStatTaskCPUUsageMax                    0x20000096   Data           2  os_var.o(.data)
    OSStatTaskCtr                            0x20000098   Data           4  os_var.o(.data)
    OSStatTaskCtrMax                         0x2000009c   Data           4  os_var.o(.data)
    OSStatTaskCtrRun                         0x200000a0   Data           4  os_var.o(.data)
    OSStatTaskRdy                            0x200000a4   Data           1  os_var.o(.data)
    OSStatTaskTimeMax                        0x200000a8   Data           4  os_var.o(.data)
    OSTaskCtxSwCtr                           0x200000ac   Data           4  os_var.o(.data)
    OSTaskDbgListPtr                         0x200000b0   Data           4  os_var.o(.data)
    OSTaskQty                                0x200000b4   Data           2  os_var.o(.data)
    OSTaskRegNextAvailID                     0x200000b6   Data           1  os_var.o(.data)
    OSTickCtr                                0x200000b8   Data           4  os_var.o(.data)
    OSTickTaskTimeMax                        0x200000bc   Data           4  os_var.o(.data)
    OSTmrDbgListPtr                          0x200000c0   Data           4  os_var.o(.data)
    OSTmrQty                                 0x200000c4   Data           2  os_var.o(.data)
    OSTmrTaskTimeMax                         0x200000c8   Data           4  os_var.o(.data)
    OSTmrTickCtr                             0x200000cc   Data           4  os_var.o(.data)
    OSTmrUpdateCnt                           0x200000d0   Data           4  os_var.o(.data)
    OSTmrUpdateCtr                           0x200000d4   Data           4  os_var.o(.data)
    OSTCBCurPtr                              0x200000d8   Data           4  os_var.o(.data)
    OSTCBHighRdyPtr                          0x200000dc   Data           4  os_var.o(.data)
    SystemCoreClock                          0x200000ec   Data           4  system_stm32f2xx.o(.data)
    AHBPrescTable                            0x200000f0   Data          16  system_stm32f2xx.o(.data)
    SDIO_CmdInitStructure                    0x200007d4   Data          20  bsp_sdio.o(.bss)
    SDIO_InitStructure                       0x20000810   Data          24  bsp_sdio.o(.bss)
    SDIO_DataInitStructure                   0x20000828   Data          24  bsp_sdio.o(.bss)
    CSD_Tab                                  0x20000840   Data          16  bsp_sdio.o(.bss)
    Mem_PoolHeap                             0x20000850   Data          72  lib_mem.o(.bss)
    Mem_Heap                                 0x20000898   Data        9216  lib_mem.o(.bss)
    CPU_Name                                 0x20002c98   Data          16  cpu_core.o(.bss)
    OSCfg_IdleTaskStk                        0x20002ca8   Data         512  os_cfg_app.o(.bss)
    OSCfg_ISRStk                             0x20002ea8   Data        1024  os_cfg_app.o(.bss)
    OSCfg_MsgPool                            0x200032a8   Data         800  os_cfg_app.o(.bss)
    OSCfg_StatTaskStk                        0x200035c8   Data         512  os_cfg_app.o(.bss)
    OSCfg_TickTaskStk                        0x200037c8   Data         512  os_cfg_app.o(.bss)
    OSCfg_TickWheel                          0x200039c8   Data         128  os_cfg_app.o(.bss)
    OSCfg_TmrTaskStk                         0x20003a48   Data         512  os_cfg_app.o(.bss)
    OSCfg_TmrWheel                           0x20003c48   Data         128  os_cfg_app.o(.bss)
    OSIdleTaskTCB                            0x20003cc8   Data         196  os_var.o(.bss)
    OSMsgPool                                0x20003d8c   Data          12  os_var.o(.bss)
    OSRdyList                                0x20003d98   Data         144  os_var.o(.bss)
    OSStatTaskTCB                            0x20003e28   Data         196  os_var.o(.bss)
    OSTickTaskTCB                            0x20003eec   Data         196  os_var.o(.bss)
    OSTmrTaskTCB                             0x20003fb0   Data         196  os_var.o(.bss)
    __libspace_start                         0x20004074   Data          96  libspace.o(.bss)
    __temporary_stack_top$libspace           0x200040d4   Data           0  libspace.o(.bss)



==============================================================================

Memory Map of the image

  Image Entry point : 0x08000185

  Load Region LR_IROM1 (Base: 0x08000000, Size: 0x0000e7dc, Max: 0x00020000, ABSOLUTE)

    Execution Region ER_IROM1 (Base: 0x08000000, Size: 0x0000e6dc, Max: 0x00020000, ABSOLUTE)

    Base Addr    Size         Type   Attr      Idx    E Section Name        Object

    0x08000000   0x00000184   Data   RO          401    RESET               cstartup.o
    0x08000184   0x00000008   Code   RO         1369  * !!!main             c_w.l(__main.o)
    0x0800018c   0x00000034   Code   RO         1682    !!!scatter          c_w.l(__scatter.o)
    0x080001c0   0x0000001a   Code   RO         1684    !!handler_copy      c_w.l(__scatter_copy.o)
    0x080001da   0x00000002   PAD
    0x080001dc   0x0000001c   Code   RO         1686    !!handler_zi        c_w.l(__scatter_zi.o)
    0x080001f8   0x00000000   Code   RO         1455    .ARM.Collect$$_printf_percent$$00000000  c_w.l(_printf_percent.o)
    0x080001f8   0x00000006   Code   RO         1444    .ARM.Collect$$_printf_percent$$00000001  c_w.l(_printf_n.o)
    0x080001fe   0x00000006   Code   RO         1446    .ARM.Collect$$_printf_percent$$00000002  c_w.l(_printf_p.o)
    0x08000204   0x00000006   Code   RO         1451    .ARM.Collect$$_printf_percent$$00000003  c_w.l(_printf_f.o)
    0x0800020a   0x00000006   Code   RO         1452    .ARM.Collect$$_printf_percent$$00000004  c_w.l(_printf_e.o)
    0x08000210   0x00000006   Code   RO         1453    .ARM.Collect$$_printf_percent$$00000005  c_w.l(_printf_g.o)
    0x08000216   0x00000006   Code   RO         1454    .ARM.Collect$$_printf_percent$$00000006  c_w.l(_printf_a.o)
    0x0800021c   0x0000000a   Code   RO         1459    .ARM.Collect$$_printf_percent$$00000007  c_w.l(_printf_ll.o)
    0x08000226   0x00000006   Code   RO         1448    .ARM.Collect$$_printf_percent$$00000008  c_w.l(_printf_i.o)
    0x0800022c   0x00000006   Code   RO         1449    .ARM.Collect$$_printf_percent$$00000009  c_w.l(_printf_d.o)
    0x08000232   0x00000006   Code   RO         1450    .ARM.Collect$$_printf_percent$$0000000A  c_w.l(_printf_u.o)
    0x08000238   0x00000006   Code   RO         1447    .ARM.Collect$$_printf_percent$$0000000B  c_w.l(_printf_o.o)
    0x0800023e   0x00000006   Code   RO         1445    .ARM.Collect$$_printf_percent$$0000000C  c_w.l(_printf_x.o)
    0x08000244   0x00000006   Code   RO         1456    .ARM.Collect$$_printf_percent$$0000000D  c_w.l(_printf_lli.o)
    0x0800024a   0x00000006   Code   RO         1457    .ARM.Collect$$_printf_percent$$0000000E  c_w.l(_printf_lld.o)
    0x08000250   0x00000006   Code   RO         1458    .ARM.Collect$$_printf_percent$$0000000F  c_w.l(_printf_llu.o)
    0x08000256   0x00000006   Code   RO         1463    .ARM.Collect$$_printf_percent$$00000010  c_w.l(_printf_llo.o)
    0x0800025c   0x00000006   Code   RO         1464    .ARM.Collect$$_printf_percent$$00000011  c_w.l(_printf_llx.o)
    0x08000262   0x0000000a   Code   RO         1460    .ARM.Collect$$_printf_percent$$00000012  c_w.l(_printf_l.o)
    0x0800026c   0x00000006   Code   RO         1442    .ARM.Collect$$_printf_percent$$00000013  c_w.l(_printf_c.o)
    0x08000272   0x00000006   Code   RO         1443    .ARM.Collect$$_printf_percent$$00000014  c_w.l(_printf_s.o)
    0x08000278   0x00000006   Code   RO         1461    .ARM.Collect$$_printf_percent$$00000015  c_w.l(_printf_lc.o)
    0x0800027e   0x00000006   Code   RO         1462    .ARM.Collect$$_printf_percent$$00000016  c_w.l(_printf_ls.o)
    0x08000284   0x00000004   Code   RO         1494    .ARM.Collect$$_printf_percent$$00000017  c_w.l(_printf_percent_end.o)
    0x08000288   0x00000002   Code   RO         1543    .ARM.Collect$$libinit$$00000000  c_w.l(libinit.o)
    0x0800028a   0x00000000   Code   RO         1560    .ARM.Collect$$libinit$$00000002  c_w.l(libinit2.o)
    0x0800028a   0x00000000   Code   RO         1562    .ARM.Collect$$libinit$$00000004  c_w.l(libinit2.o)
    0x0800028a   0x00000000   Code   RO         1565    .ARM.Collect$$libinit$$0000000A  c_w.l(libinit2.o)
    0x0800028a   0x00000000   Code   RO         1567    .ARM.Collect$$libinit$$0000000C  c_w.l(libinit2.o)
    0x0800028a   0x00000000   Code   RO         1569    .ARM.Collect$$libinit$$0000000E  c_w.l(libinit2.o)
    0x0800028a   0x00000006   Code   RO         1570    .ARM.Collect$$libinit$$0000000F  c_w.l(libinit2.o)
    0x08000290   0x00000000   Code   RO         1572    .ARM.Collect$$libinit$$00000011  c_w.l(libinit2.o)
    0x08000290   0x0000000c   Code   RO         1573    .ARM.Collect$$libinit$$00000012  c_w.l(libinit2.o)
    0x0800029c   0x00000000   Code   RO         1574    .ARM.Collect$$libinit$$00000013  c_w.l(libinit2.o)
    0x0800029c   0x00000000   Code   RO         1576    .ARM.Collect$$libinit$$00000015  c_w.l(libinit2.o)
    0x0800029c   0x0000000a   Code   RO         1577    .ARM.Collect$$libinit$$00000016  c_w.l(libinit2.o)
    0x080002a6   0x00000000   Code   RO         1578    .ARM.Collect$$libinit$$00000017  c_w.l(libinit2.o)
    0x080002a6   0x00000000   Code   RO         1580    .ARM.Collect$$libinit$$00000019  c_w.l(libinit2.o)
    0x080002a6   0x00000000   Code   RO         1582    .ARM.Collect$$libinit$$0000001B  c_w.l(libinit2.o)
    0x080002a6   0x00000000   Code   RO         1584    .ARM.Collect$$libinit$$0000001D  c_w.l(libinit2.o)
    0x080002a6   0x00000000   Code   RO         1586    .ARM.Collect$$libinit$$0000001F  c_w.l(libinit2.o)
    0x080002a6   0x00000000   Code   RO         1588    .ARM.Collect$$libinit$$00000021  c_w.l(libinit2.o)
    0x080002a6   0x00000000   Code   RO         1590    .ARM.Collect$$libinit$$00000023  c_w.l(libinit2.o)
    0x080002a6   0x00000000   Code   RO         1592    .ARM.Collect$$libinit$$00000025  c_w.l(libinit2.o)
    0x080002a6   0x00000000   Code   RO         1596    .ARM.Collect$$libinit$$0000002C  c_w.l(libinit2.o)
    0x080002a6   0x00000000   Code   RO         1598    .ARM.Collect$$libinit$$0000002E  c_w.l(libinit2.o)
    0x080002a6   0x00000000   Code   RO         1600    .ARM.Collect$$libinit$$00000030  c_w.l(libinit2.o)
    0x080002a6   0x00000000   Code   RO         1602    .ARM.Collect$$libinit$$00000032  c_w.l(libinit2.o)
    0x080002a6   0x00000002   Code   RO         1603    .ARM.Collect$$libinit$$00000033  c_w.l(libinit2.o)
    0x080002a8   0x00000002   Code   RO         1623    .ARM.Collect$$libshutdown$$00000000  c_w.l(libshutdown.o)
    0x080002aa   0x00000000   Code   RO         1637    .ARM.Collect$$libshutdown$$00000003  c_w.l(libshutdown2.o)
    0x080002aa   0x00000000   Code   RO         1640    .ARM.Collect$$libshutdown$$00000006  c_w.l(libshutdown2.o)
    0x080002aa   0x00000000   Code   RO         1643    .ARM.Collect$$libshutdown$$00000009  c_w.l(libshutdown2.o)
    0x080002aa   0x00000000   Code   RO         1645    .ARM.Collect$$libshutdown$$0000000B  c_w.l(libshutdown2.o)
    0x080002aa   0x00000000   Code   RO         1648    .ARM.Collect$$libshutdown$$0000000E  c_w.l(libshutdown2.o)
    0x080002aa   0x00000002   Code   RO         1649    .ARM.Collect$$libshutdown$$0000000F  c_w.l(libshutdown2.o)
    0x080002ac   0x00000000   Code   RO         1371    .ARM.Collect$$rtentry$$00000000  c_w.l(__rtentry.o)
    0x080002ac   0x00000000   Code   RO         1468    .ARM.Collect$$rtentry$$00000002  c_w.l(__rtentry2.o)
    0x080002ac   0x00000006   Code   RO         1480    .ARM.Collect$$rtentry$$00000004  c_w.l(__rtentry4.o)
    0x080002b2   0x00000000   Code   RO         1470    .ARM.Collect$$rtentry$$00000009  c_w.l(__rtentry2.o)
    0x080002b2   0x00000004   Code   RO         1471    .ARM.Collect$$rtentry$$0000000A  c_w.l(__rtentry2.o)
    0x080002b6   0x00000000   Code   RO         1473    .ARM.Collect$$rtentry$$0000000C  c_w.l(__rtentry2.o)
    0x080002b6   0x00000008   Code   RO         1474    .ARM.Collect$$rtentry$$0000000D  c_w.l(__rtentry2.o)
    0x080002be   0x00000002   Code   RO         1552    .ARM.Collect$$rtexit$$00000000  c_w.l(rtexit.o)
    0x080002c0   0x00000000   Code   RO         1605    .ARM.Collect$$rtexit$$00000002  c_w.l(rtexit2.o)
    0x080002c0   0x00000004   Code   RO         1606    .ARM.Collect$$rtexit$$00000003  c_w.l(rtexit2.o)
    0x080002c4   0x00000006   Code   RO         1607    .ARM.Collect$$rtexit$$00000004  c_w.l(rtexit2.o)
    0x080002ca   0x00000002   PAD
    0x080002cc   0x000001dc   Code   RO            2    .text               app.o
    0x080004a8   0x00000140   Code   RO          228    .text               bsp.o
    0x080005e8   0x0000041c   Code   RO          247    .text               bsp_int.o
    0x08000a04   0x000002f8   Code   RO          265    .text               bsp_ser.o
    0x08000cfc   0x000000b8   Code   RO          294    .text               bsp_os.o
    0x08000db4   0x00000830   Code   RO          313    .text               bsp_sdio.o
    0x080015e4   0x0000003c   Code   RO          402    .text               cstartup.o
    0x08001620   0x0000025c   Code   RO          647    .text               stm32f2xx_gpio.o
    0x0800187c   0x00000588   Code   RO          759    .text               stm32f2xx_rcc.o
    0x08001e04   0x000001f0   Code   RO          809    .text               stm32f2xx_sdio.o
    0x08001ff4   0x0000041a   Code   RO          873    .text               stm32f2xx_usart.o
    0x0800240e   0x00000256   Code   RO          904    .text               lib_ascii.o
    0x08002664   0x00000ec4   Code   RO          937    .text               lib_mem.o
    0x08003528   0x00000928   Code   RO          956    .text               lib_str.o
    0x08003e50   0x00000220   Code   RO          973    .text               lib_mem_a.o
    0x08004070   0x000002a8   Code   RO          976    .text               cpu_core.o
    0x08004318   0x00000034   Code   RO         1002    .text               cpu_a.o
    0x0800434c   0x0000077c   Code   RO         1005    .text               cpu_c.o
    0x08004ac8   0x0000026c   Code   RO         1020    .text               os_cpu_c.o
    0x08004d34   0x00000002   Code   RO         1038    .text               os_cfg_app.o
    0x08004d36   0x00000002   PAD
    0x08004d38   0x00000d9c   Code   RO         1061    .text               os_core.o
    0x08005ad4   0x000001ac   Code   RO         1073    .text               os_dbg.o
    0x08005c80   0x00000738   Code   RO         1088    .text               os_flag.o
    0x080063b8   0x000001fc   Code   RO         1106    .text               os_mem.o
    0x080065b4   0x00000228   Code   RO         1118    .text               os_msg.o
    0x080067dc   0x000004d8   Code   RO         1130    .text               os_mutex.o
    0x08006cb4   0x0000007c   Code   RO         1154    .text               os_prio.o
    0x08006d30   0x00000534   Code   RO         1173    .text               os_q.o
    0x08007264   0x000005b4   Code   RO         1185    .text               os_sem.o
    0x08007818   0x000005a8   Code   RO         1197    .text               os_stat.o
    0x08007dc0   0x00001188   Code   RO         1209    .text               os_task.o
    0x08008f48   0x00000484   Code   RO         1221    .text               os_tick.o
    0x080093cc   0x0000030c   Code   RO         1233    .text               os_time.o
    0x080096d8   0x00000740   Code   RO         1245    .text               os_tmr.o
    0x08009e18   0x000000dc   Code   RO         1272    .text               diskio.o
    0x08009ef4   0x00002384   Code   RO         1296    .text               ff.o
    0x0800c278   0x00000080   Code   RO         1314    .text               ccsbcs.o
    0x0800c2f8   0x000001e0   Code   RO         1338    .text               system_stm32f2xx.o
    0x0800c4d8   0x00000034   Code   RO         1361    .text               c_w.l(c89vsnprintf.o)
    0x0800c50c   0x00000048   Code   RO         1363    .text               c_w.l(strcpy.o)
    0x0800c554   0x00000018   Code   RO         1365    .text               c_w.l(strcat.o)
    0x0800c56c   0x00000006   Code   RO         1367    .text               c_w.l(heapauxi.o)
    0x0800c572   0x0000004e   Code   RO         1374    .text               c_w.l(_printf_pad.o)
    0x0800c5c0   0x00000024   Code   RO         1376    .text               c_w.l(_printf_truncate.o)
    0x0800c5e4   0x00000052   Code   RO         1378    .text               c_w.l(_printf_str.o)
    0x0800c636   0x00000002   PAD
    0x0800c638   0x00000078   Code   RO         1380    .text               c_w.l(_printf_dec.o)
    0x0800c6b0   0x00000028   Code   RO         1382    .text               c_w.l(_printf_charcount.o)
    0x0800c6d8   0x00000030   Code   RO         1384    .text               c_w.l(_printf_char_common.o)
    0x0800c708   0x0000000a   Code   RO         1386    .text               c_w.l(_sputc.o)
    0x0800c712   0x00000010   Code   RO         1388    .text               c_w.l(_snputc.o)
    0x0800c722   0x00000002   PAD
    0x0800c724   0x000000bc   Code   RO         1390    .text               c_w.l(_printf_wctomb.o)
    0x0800c7e0   0x0000007c   Code   RO         1393    .text               c_w.l(_printf_longlong_dec.o)
    0x0800c85c   0x00000070   Code   RO         1399    .text               c_w.l(_printf_oct_int_ll.o)
    0x0800c8cc   0x00000094   Code   RO         1419    .text               c_w.l(_printf_hex_int_ll_ptr.o)
    0x0800c960   0x00000188   Code   RO         1439    .text               c_w.l(__printf_flags_ss_wp.o)
    0x0800cae8   0x0000008a   Code   RO         1482    .text               c_w.l(lludiv10.o)
    0x0800cb72   0x000000b2   Code   RO         1484    .text               c_w.l(_printf_intcommon.o)
    0x0800cc24   0x0000041a   Code   RO         1486    .text               c_w.l(_printf_fp_dec.o)
    0x0800d03e   0x0000002c   Code   RO         1490    .text               c_w.l(_printf_char.o)
    0x0800d06a   0x0000002c   Code   RO         1492    .text               c_w.l(_printf_wchar.o)
    0x0800d096   0x00000040   Code   RO         1495    .text               c_w.l(_wcrtomb.o)
    0x0800d0d6   0x0000004a   Code   RO         1497    .text               c_w.l(sys_stackheap_outer.o)
    0x0800d120   0x00000010   Code   RO         1499    .text               c_w.l(rt_ctype_table.o)
    0x0800d130   0x00000008   Code   RO         1504    .text               c_w.l(rt_locale_intlibspace.o)
    0x0800d138   0x00000080   Code   RO         1506    .text               c_w.l(_printf_fp_infnan.o)
    0x0800d1b8   0x000000dc   Code   RO         1508    .text               c_w.l(bigflt0.o)
    0x0800d294   0x0000000c   Code   RO         1536    .text               c_w.l(exit.o)
    0x0800d2a0   0x00000008   Code   RO         1549    .text               c_w.l(libspace.o)
    0x0800d2a8   0x00000080   Code   RO         1557    .text               c_w.l(strcmpv7m.o)
    0x0800d328   0x0000000c   Code   RO         1615    .text               c_w.l(sys_exit.o)
    0x0800d334   0x00000002   Code   RO         1626    .text               c_w.l(use_no_semi.o)
    0x0800d336   0x00000000   Code   RO         1628    .text               c_w.l(indicate_semi.o)
    0x0800d336   0x0000003e   Code   RO         1511    CL$$btod_d2e        c_w.l(btod.o)
    0x0800d374   0x00000046   Code   RO         1513    CL$$btod_d2e_denorm_low  c_w.l(btod.o)
    0x0800d3ba   0x00000060   Code   RO         1512    CL$$btod_d2e_norm_op1  c_w.l(btod.o)
    0x0800d41a   0x00000338   Code   RO         1521    CL$$btod_div_common  c_w.l(btod.o)
    0x0800d752   0x000000c6   Code   RO         1518    CL$$btod_e2e        c_w.l(btod.o)
    0x0800d818   0x00000028   Code   RO         1515    CL$$btod_ediv       c_w.l(btod.o)
    0x0800d840   0x00000028   Code   RO         1514    CL$$btod_emul       c_w.l(btod.o)
    0x0800d868   0x00000244   Code   RO         1520    CL$$btod_mult_common  c_w.l(btod.o)
    0x0800daac   0x00000084   Code   RO         1017    CODE                os_cpu_a.o
    0x0800db30   0x00000028   Code   RO         1547    i.__ARM_fpclassify  m_ws.l(fpclassify.o)
    0x0800db58   0x0000000e   Code   RO         1432    i._is_digit         c_w.l(__printf_wp.o)
    0x0800db66   0x00000002   PAD
    0x0800db68   0x0000002c   Code   RO         1534    locale$$code        c_w.l(lc_numeric_c.o)
    0x0800db94   0x0000002c   Code   RO         1555    locale$$code        c_w.l(lc_ctype_c.o)
    0x0800dbc0   0x00000004   Code   RO         1465    x$fpl$printf1       fz_ws.l(printf1.o)
    0x0800dbc4   0x00000000   Code   RO         1546    x$fpl$usenofp       fz_ws.l(usenofp.o)
    0x0800dbc4   0x00000094   Data   RO          957    .constdata          lib_str.o
    0x0800dc58   0x00000100   Data   RO          978    .constdata          cpu_core.o
    0x0800dd58   0x000000a4   Data   RO         1040    .constdata          os_cfg_app.o
    0x0800ddfc   0x0000016c   Data   RO         1074    .constdata          os_dbg.o
    0x0800df68   0x0000008d   Data   RO         1297    .constdata          ff.o
    0x0800dff5   0x00000001   PAD
    0x0800dff6   0x000004c0   Data   RO         1315    .constdata          ccsbcs.o
    0x0800e4b6   0x00000002   PAD
    0x0800e4b8   0x00000008   Data   RO         1391    .constdata          c_w.l(_printf_wctomb.o)
    0x0800e4c0   0x00000028   Data   RO         1420    .constdata          c_w.l(_printf_hex_int_ll_ptr.o)
    0x0800e4e8   0x00000011   Data   RO         1440    .constdata          c_w.l(__printf_flags_ss_wp.o)
    0x0800e4f9   0x00000003   PAD
    0x0800e4fc   0x00000094   Data   RO         1509    .constdata          c_w.l(bigflt0.o)
    0x0800e590   0x00000020   Data   RO         1680    Region$$Table       anon$$obj.o
    0x0800e5b0   0x0000001c   Data   RO         1533    locale$$data        c_w.l(lc_numeric_c.o)
    0x0800e5cc   0x00000110   Data   RO         1554    locale$$data        c_w.l(lc_ctype_c.o)


    Execution Region RW_IRAM1 (Base: 0x20000000, Size: 0x000052d8, Max: 0x00010000, ABSOLUTE)

    Base Addr    Size         Type   Attr      Idx    E Section Name        Object

    0x20000000   0x00000001   Data   RW          267    .data               bsp_ser.o
    0x20000001   0x00000003   PAD
    0x20000004   0x00000008   Data   RW          315    .data               bsp_sdio.o
    0x2000000c   0x00000010   Data   RW          760    .data               stm32f2xx_rcc.o
    0x2000001c   0x00000004   Data   RW          939    .data               lib_mem.o
    0x20000020   0x00000004   Data   RW          979    .data               cpu_core.o
    0x20000024   0x00000004   Data   RW         1021    .data               os_cpu_c.o
    0x20000028   0x00000004   Data   RW         1155    .data               os_prio.o
    0x2000002c   0x000000b4   Data   RW         1258    .data               os_var.o
    0x200000e0   0x00000001   Data   RW         1273    .data               diskio.o
    0x200000e1   0x00000003   PAD
    0x200000e4   0x00000006   Data   RW         1298    .data               ff.o
    0x200000ea   0x00000002   PAD
    0x200000ec   0x00000014   Data   RW         1339    .data               system_stm32f2xx.o
    0x20000100   0x00000518   Zero   RW            3    .bss                app.o
    0x20000618   0x00000144   Zero   RW          248    .bss                bsp_int.o
    0x2000075c   0x00000078   Zero   RW          266    .bss                bsp_ser.o
    0x200007d4   0x0000007c   Zero   RW          314    .bss                bsp_sdio.o
    0x20000850   0x00002448   Zero   RW          938    .bss                lib_mem.o
    0x20002c98   0x00000010   Zero   RW          977    .bss                cpu_core.o
    0x20002ca8   0x00001020   Zero   RW         1039    .bss                os_cfg_app.o
    0x20003cc8   0x000003ac   Zero   RW         1257    .bss                os_var.o
    0x20004074   0x00000060   Zero   RW         1550    .bss                c_w.l(libspace.o)
    0x200040d4   0x00000004   PAD
    0x200040d8   0x00000200   Zero   RW          400    HEAP                cstartup.o
    0x200042d8   0x00001000   Zero   RW          399    STACK               cstartup.o


==============================================================================

Image component sizes


      Code (inc. data)   RO Data    RW Data    ZI Data      Debug   Object Name

       476        138          0          0       1304     291935   app.o
       320         22          0          0          0       1843   bsp.o
      1052          8          0          0        324      13394   bsp_int.o
       184          4          0          0          0       2098   bsp_os.o
      2096         54          0          8        124      25280   bsp_sdio.o
       760         72          0          1        120       3604   bsp_ser.o
       128         12       1216          0          0       1905   ccsbcs.o
        52          0          0          0          0        284   cpu_a.o
      1916        102          0          0          0       3397   cpu_c.o
       680         14        256          4         16      13940   cpu_core.o
        60         28        388          0       4608        632   cstartup.o
       220          6          0          1          0       3250   diskio.o
      9092         48        141          6          0      27324   ff.o
       598          0          0          0          0       3656   lib_ascii.o
      3780         62          0          4       9288      24272   lib_mem.o
       544          0          0          0          0        432   lib_mem_a.o
      2344          4        148          0          0      12950   lib_str.o
         2          0        164          0       4128      19362   os_cfg_app.o
      3484        272          0          0          0      11751   os_core.o
       132         32          0          0          0        316   os_cpu_a.o
       620         66          0          4          0       3477   os_cpu_c.o
       428        280        364          0          0       4661   os_dbg.o
      1848         68          0          0          0       5521   os_flag.o
       508         16          0          0          0       2564   os_mem.o
       552         14          0          0          0       2530   os_msg.o
      1240         62          0          0          0       3342   os_mutex.o
       124          4          0          4          0       1632   os_prio.o
      1332         48          0          0          0       4624   os_q.o
      1460         56          0          0          0       5043   os_sem.o
      1448        150          0          0          0       2649   os_stat.o
      4488        156          0          0          0      11611   os_task.o
      1156         74          0          0          0       3089   os_tick.o
       780         44          0          0          0       2501   os_time.o
      1856        132          0          0          0       5921   os_tmr.o
         0          0          0        180        940      17985   os_var.o
       604         36          0          0          0       3837   stm32f2xx_gpio.o
      1416         48          0         16          0      10771   stm32f2xx_rcc.o
       496         18          0          0          0       7072   stm32f2xx_sdio.o
      1050         26          0          0          0       7544   stm32f2xx_usart.o
       480         40          0         20          0       1747   system_stm32f2xx.o

    ----------------------------------------------------------------------
     49808       2216       2712        256      20852     569746   Object Totals
         0          0         32          0          0          0   (incl. Generated)
         2          0          3          8          0          0   (incl. Padding)

    ----------------------------------------------------------------------

      Code (inc. data)   RO Data    RW Data    ZI Data      Debug   Library Member Name

         8          0          0          0          0         68   __main.o
       392          4         17          0          0         92   __printf_flags_ss_wp.o
        14          0          0          0          0         68   __printf_wp.o
         0          0          0          0          0          0   __rtentry.o
        12          0          0          0          0          0   __rtentry2.o
         6          0          0          0          0          0   __rtentry4.o
        52          8          0          0          0          0   __scatter.o
        26          0          0          0          0          0   __scatter_copy.o
        28          0          0          0          0          0   __scatter_zi.o
         6          0          0          0          0          0   _printf_a.o
         6          0          0          0          0          0   _printf_c.o
        44          0          0          0          0        108   _printf_char.o
        48          6          0          0          0         96   _printf_char_common.o
        40          0          0          0          0         68   _printf_charcount.o
         6          0          0          0          0          0   _printf_d.o
       120         16          0          0          0         92   _printf_dec.o
         6          0          0          0          0          0   _printf_e.o
         6          0          0          0          0          0   _printf_f.o
      1050          0          0          0          0        216   _printf_fp_dec.o
       128         16          0          0          0         84   _printf_fp_infnan.o
         6          0          0          0          0          0   _printf_g.o
       148          4         40          0          0        160   _printf_hex_int_ll_ptr.o
         6          0          0          0          0          0   _printf_i.o
       178          0          0          0          0         88   _printf_intcommon.o
        10          0          0          0          0          0   _printf_l.o
         6          0          0          0          0          0   _printf_lc.o
        10          0          0          0          0          0   _printf_ll.o
         6          0          0          0          0          0   _printf_lld.o
         6          0          0          0          0          0   _printf_lli.o
         6          0          0          0          0          0   _printf_llo.o
         6          0          0          0          0          0   _printf_llu.o
         6          0          0          0          0          0   _printf_llx.o
       124         16          0          0          0         92   _printf_longlong_dec.o
         6          0          0          0          0          0   _printf_ls.o
         6          0          0          0          0          0   _printf_n.o
         6          0          0          0          0          0   _printf_o.o
       112          8          0          0          0        124   _printf_oct_int_ll.o
         6          0          0          0          0          0   _printf_p.o
        78          0          0          0          0        108   _printf_pad.o
         0          0          0          0          0          0   _printf_percent.o
         4          0          0          0          0          0   _printf_percent_end.o
         6          0          0          0          0          0   _printf_s.o
        82          0          0          0          0         80   _printf_str.o
        36          0          0          0          0         84   _printf_truncate.o
         6          0          0          0          0          0   _printf_u.o
        44          0          0          0          0        108   _printf_wchar.o
       188          6          8          0          0         92   _printf_wctomb.o
         6          0          0          0          0          0   _printf_x.o
        16          0          0          0          0         68   _snputc.o
        10          0          0          0          0         68   _sputc.o
        64          0          0          0          0         92   _wcrtomb.o
       220          4        148          0          0         96   bigflt0.o
      1910        128          0          0          0        672   btod.o
        52          4          0          0          0         80   c89vsnprintf.o
        12          0          0          0          0         72   exit.o
         6          0          0          0          0        152   heapauxi.o
         0          0          0          0          0          0   indicate_semi.o
        44         10        272          0          0         76   lc_ctype_c.o
        44         10         28          0          0         76   lc_numeric_c.o
         2          0          0          0          0          0   libinit.o
        30          0          0          0          0          0   libinit2.o
         2          0          0          0          0          0   libshutdown.o
         2          0          0          0          0          0   libshutdown2.o
         8          4          0          0         96         68   libspace.o
       138          0          0          0          0         80   lludiv10.o
        16          4          0          0          0         76   rt_ctype_table.o
         8          4          0          0          0         68   rt_locale_intlibspace.o
         2          0          0          0          0          0   rtexit.o
        10          0          0          0          0          0   rtexit2.o
        24          0          0          0          0         68   strcat.o
       128          0          0          0          0         68   strcmpv7m.o
        72          0          0          0          0         80   strcpy.o
        12          4          0          0          0         68   sys_exit.o
        74          0          0          0          0         80   sys_stackheap_outer.o
         2          0          0          0          0         68   use_no_semi.o
         4          0          0          0          0         68   printf1.o
         0          0          0          0          0          0   usenofp.o
        40          0          0          0          0         68   fpclassify.o

    ----------------------------------------------------------------------
      6064        256        516          0        100       4140   Library Totals
        10          0          3          0          4          0   (incl. Padding)

    ----------------------------------------------------------------------

      Code (inc. data)   RO Data    RW Data    ZI Data      Debug   Library Name

      6010        256        513          0         96       4004   c_w.l
         4          0          0          0          0         68   fz_ws.l
        40          0          0          0          0         68   m_ws.l

    ----------------------------------------------------------------------
      6064        256        516          0        100       4140   Library Totals

    ----------------------------------------------------------------------

==============================================================================


      Code (inc. data)   RO Data    RW Data    ZI Data      Debug   

     55872       2472       3228        256      20952     568006   Grand Totals
     55872       2472       3228        256      20952     568006   ELF Image Totals
     55872       2472       3228        256          0          0   ROM Totals

==============================================================================

    Total RO  Size (Code + RO Data)                59100 (  57.71kB)
    Total RW  Size (RW Data + ZI Data)             21208 (  20.71kB)
    Total ROM Size (Code + RO Data + RW Data)      59356 (  57.96kB)

==============================================================================

