<html>
<body>
<pre>
<h1>µVision Build Log</h1>
<h2>Tool Versions:</h2>
IDE-Version: ¦ÌVision V5.14.0.0
Copyright (C) 2015 ARM Ltd and ARM Germany GmbH. All rights reserved.
License Information: null null, null, LIC=ZB4Y8-34PLT-LN6AA-15YKS-8VHYF-451IJ
 
Tool Versions:
Toolchain:       MDK-ARM Standard  Version: 5.14.0.0
Toolchain Path:  C:\Program Files\Keil_v5\ARM\ARMCC\Bin
C Compiler:      Armcc.exe V5.05 update 1 (build 106)
Assembler:       Armasm.exe V5.05 update 1 (build 106)
Linker/Locator:  ArmLink.exe V5.05 update 1 (build 106)
Library Manager: ArmAr.exe V5.05 update 1 (build 106)
Hex Converter:   FromElf.exe V5.05 update 1 (build 106)
CPU DLL:         SARMCM3.DLL V5.14.0.0
Dialog DLL:      DCM.DLL V1.13.1.0
Target DLL:      STLink\ST-LINKIII-KEIL_SWO.dll V2.0.14.0_KEIL
Dialog DLL:      TCM.DLL V1.14.4.0
 
<h2>Project:</h2>
F:\GitHub\RobotPro\RobotPro\KeilMDK\RobotPro.uvprojx
Project File Date:  05/14/2016

<h2>Output:</h2>
Rebuild target 'RobotPro'
compiling app.c...
..\App\app.c(238): warning:  #223-D: function "PlayMP3" declared implicitly
                                PlayMP3(completename);
..\App\app.c: 1 warning, 0 errors
compiling os_app_hooks.c...
compiling pc_protocol.c...
compiling servo_protocol.c...
compiling mp3_player.c...
..\BSP\bsp_dma.h(6): warning:  #1-D: last line of file ends without a newline
  #endif
..\BSP\bsp_dac.h(6): warning:  #1-D: last line of file ends without a newline
  #endif
..\App\mp3_player.c(24): warning:  #223-D: function "BSP_DAC_Init" declared implicitly
        BSP_DAC_Init();
..\App\mp3_player.c(116): warning:  #177-D: variable "temp" was declared but never referenced
                                                uint8_t temp[2];
..\App\mp3_player.c(28): warning:  #177-D: function "delay_ms" was declared but never referenced
  static void  delay_ms (u32  dly)
..\App\mp3_player.c: 5 warnings, 0 errors
compiling bsp.c...
compiling bsp_int.c...
compiling bsp_ser.c...
compiling bsp_os.c...
compiling bsp_sdio.c...
assembling cstartup.s...
compiling delay.c...
compiling gpio.c...
compiling timer.c...
compiling usart.c...
compiling util.c...
compiling bsp_dac.c...
..\BSP\bsp_dac.h(6): warning:  #1-D: last line of file ends without a newline
  #endif
..\BSP\bsp_dac.c(38): warning:  #1-D: last line of file ends without a newline
  }
..\BSP\bsp_dac.c: 2 warnings, 0 errors
compiling bsp_dma.c...
..\BSP\bsp_dma.h(6): warning:  #1-D: last line of file ends without a newline
  #endif
..\BSP\bsp_dma.c(36): warning:  #1-D: last line of file ends without a newline
  }
..\BSP\bsp_dma.c: 2 warnings, 0 errors
compiling misc.c...
compiling stm32f2xx_adc.c...
compiling stm32f2xx_can.c...
compiling stm32f2xx_crc.c...
compiling stm32f2xx_cryp.c...
compiling stm32f2xx_cryp_aes.c...
compiling stm32f2xx_cryp_des.c...
compiling stm32f2xx_cryp_tdes.c...
compiling stm32f2xx_dac.c...
compiling stm32f2xx_dbgmcu.c...
compiling stm32f2xx_dcmi.c...
compiling stm32f2xx_dma.c...
compiling stm32f2xx_exti.c...
compiling stm32f2xx_flash.c...
compiling stm32f2xx_fsmc.c...
compiling stm32f2xx_gpio.c...
compiling stm32f2xx_hash.c...
compiling stm32f2xx_hash_md5.c...
compiling stm32f2xx_hash_sha1.c...
compiling stm32f2xx_i2c.c...
compiling stm32f2xx_iwdg.c...
compiling stm32f2xx_pwr.c...
compiling stm32f2xx_rcc.c...
compiling stm32f2xx_rng.c...
compiling stm32f2xx_rtc.c...
compiling stm32f2xx_sdio.c...
compiling stm32f2xx_spi.c...
compiling stm32f2xx_syscfg.c...
compiling stm32f2xx_tim.c...
compiling stm32f2xx_usart.c...
compiling stm32f2xx_wwdg.c...
compiling lib_ascii.c...
compiling lib_math.c...
compiling lib_mem.c...
compiling lib_str.c...
assembling lib_mem_a.asm...
compiling cpu_core.c...
assembling cpu_a.asm...
compiling cpu_c.c...
assembling os_cpu_a.s...
compiling os_cpu_c.c...
compiling os_cfg_app.c...
compiling os_core.c...
compiling os_dbg.c...
compiling os_flag.c...
compiling os_int.c...
compiling os_mem.c...
compiling os_msg.c...
compiling os_mutex.c...
compiling os_pend_multi.c...
compiling os_prio.c...
compiling os_q.c...
compiling os_sem.c...
compiling os_stat.c...
compiling os_task.c...
compiling os_tick.c...
compiling os_time.c...
compiling os_tmr.c...
compiling os_var.c...
compiling diskio.c...
compiling ff.c...
..\Fatfs\ff.c(1653): warning:  #111-D: statement is unreachable
                        w = (w << 8) + b;                       /* Create a DBC */
..\Fatfs\ff.c: 1 warning, 0 errors
compiling ccsbcs.c...
compiling system_stm32f2xx.c...
compiling usbd_core.c...
compiling usbd_ioreq.c...
compiling usbd_req.c...
compiling usbd_cdc_core.c...
compiling usb_core.c...
compiling usb_dcd.c...
compiling usb_dcd_int.c...
compiling usb_bsp.c...
compiling usb_delay.c...
compiling usbd_cdc_vcp.c...
compiling usbd_desc.c...
compiling usbd_usr.c...
compiling crc16.c...
compiling xmodem.c...
compiling xmodem_hw.c...
compiling mp3dec.c...
compiling mp3tabs.c...
compiling bitstream.c...
compiling buffers.c...
compiling dct32.c...
compiling dequant.c...
compiling dqchan.c...
..\Helix\real\dqchan.c(248): warning:  #550-D: variable "cbStartL" was set but never used
        int cbStartL, cbEndL, cbStartS, cbEndS;
..\Helix\real\dqchan.c: 1 warning, 0 errors
compiling huffman.c...
..\Helix\real\huffman.c(386): warning:  #550-D: variable "sfi" was set but never used
        ScaleFactorInfo *sfi;
..\Helix\real\huffman.c: 1 warning, 0 errors
compiling hufftabs.c...
compiling imdct.c...
compiling scalfact.c...
..\Helix\real\scalfact.c(211): warning:  #550-D: variable "iipTest" was set but never used
        int i, sfb, sfcIdx, btIdx, nrIdx, iipTest;
..\Helix\real\scalfact.c: 1 warning, 0 errors
compiling stproc.c...
compiling subband.c...
..\Helix\real\subband.c(63): warning:  #550-D: variable "hi" was set but never used
        HuffmanInfo *hi;
..\Helix\real\subband.c: 1 warning, 0 errors
compiling trigtabs.c...
assembling asmmisc.s...
assembling asmpoly_thumb2.s...
linking...
Program Size: Code=81944 RO-data=16636 RW-data=268 ZI-data=56412  
".\Obj\RobotPro.axf" - 0 Error(s), 15 Warning(s).

<h2>Collection of Component include folders:</h2>
  F:\GitHub\RobotPro\RobotPro\KeilMDK\RTE
  C:\Program Files\Keil_v5\ARM\PACK\Keil\STM32F2xx_DFP\2.6.0

<h2>Collection of Component Files used:</h2>
</pre>
</body>
</html>
